
  ___  ____  ____  ____  ____ ®
 /__    /   ____/   /   ____/      18.0
___/   /   /___/   /   /___/       MP—Parallel Edition

 Statistics and Data Science       Copyright 1985-2023 StataCorp LLC
                                   StataCorp
                                   4905 Lakeway Drive
                                   College Station, Texas 77845 USA
                                   800-STATA-PC        https://www.stata.com
                                   979-696-4600        stata@stata.com

Stata license: 5-user 32-core network perpetual
Serial number: 501806221992
  Licensed to: Nathaniel Baum−Snow
               University of Toronto

Notes:
      1. Stata is running in batch mode.
      2. Unicode is supported; see help unicode_advice.
      3. More than 2 billion observations are allowed; see help obs_advice.
      4. Maximum number of variables is set to 5,000 but can be increased;
          see help set_maxvar.

. do table_2 

. 
. // Table 2 - Transient investors and ETF fees
. // -------------------------------------
. 
. // Load data
. // -------------------------------------
. clear all

. set more off

. 
. cd ..
/global/home/pc_mzoican/kpz_etfliquidity

. local directory : pwd

. display "`working_dir'"


. import delimited "`directory'/data/etf_panel_processed.csv"
(encoding automatically selected: ISO-8859-1)
(89 vars, 1,752 obs)

. 
. 
. // // Label variables
. // // ---------------------------------
. 
. egen time_existence_std=std(time_existence)

. egen time_since_first_std=std(time_since_first)
(33 missing values generated)

. egen log_aum_index_std=std(log_aum_index)

. egen lend_byaum_bps_std=std(lend_byaum_bps)

. egen marketing_fee_bps_std=std(marketing_fee_bps)

. egen tr_error_bps_std=std(tr_error_bps)

. egen perf_drag_bps_std=std(perf_drag_bps)

. egen turnover_frac_std=std(turnover_frac)
(2 missing values generated)

. gen  net_expense_mer=other_expense-marketing_fee_bps/100+fee_waiver

. egen net_expenses_std=std(net_expense_mer)

. egen stock_tweets_std=std(stock_tweets)

. 
. label variable mgr_duration "Investor holding duration"

. label variable highfee "High MER"

. label variable time_existence_std "ETF age (quarters)"

. label variable time_since_first_std "Time since first position"

. label variable log_aum_index_std "Log index AUM"

. label variable d_uit "Unit investment trust"

. label variable lend_byaum_bps_std "Lending income (bps of AUM)"

. label variable marketing_fee_bps_std "Marketing expense (bps)"

. label variable stock_tweets "Name recognition (Twitter msg.)"

. label variable tr_error_bps_std "Tracking error (bps)"

. label variable perf_drag_bps_std "Performance drag (bps)"

. label variable turnover_frac_std "ETF turnover"

. label variable net_expenses_std "Other net expenses"

. label variable stock_tweets_std "Stock tweets"

. 
. 
. 
. 
. reghdfe ratio_tra highfee , absorb(index quarter) vce(cl ticker quarter)
(MWFE estimator converged in 5 iterations)

HDFE Linear regression                            Number of obs   =      1,673
Absorbing 2 HDFE groups                           F(   1,     19) =       8.80
Statistics robust to heteroskedasticity           Prob > F        =     0.0079
                                                  R-squared       =     0.5224
                                                  Adj R-squared   =     0.5019
Number of clusters (ticker)  =        104         Within R-sq.    =     0.0309
Number of clusters (quarter) =         20         Root MSE        =     0.1501

                        (Std. err. adjusted for 20 clusters in ticker quarter)
------------------------------------------------------------------------------
             |               Robust
   ratio_tra | Coefficient  std. err.      t    P>|t|     [95% conf. interval]
-------------+----------------------------------------------------------------
     highfee |   .0528074   .0178058     2.97   0.008     .0155395    .0900753
       _cons |   .1986657   .0118073    16.83   0.000     .1739528    .2233786
------------------------------------------------------------------------------

Absorbed degrees of freedom:
-----------------------------------------------------+
 Absorbed FE | Categories  - Redundant  = Num. Coefs |
-------------+---------------------------------------|
    index_id |        49           0          49     |
     quarter |        20          20           0    *|
-----------------------------------------------------+
* = FE nested within cluster; treated as redundant for DoF computation

. outreg2 using "`directory'/output/table_2.tex", adjr2 replace tex tstat label
>   dec(2) tdec(2) eqdrop(/) keep(*)
/global/home/pc_mzoican/kpz_etfliquidity/output/table_2.tex
dir : seeout

. 
. reghdfe ratio_tra highfee stock_tweets_std log_aum_index_std lend_byaum_bps_s
> td marketing_fee_bps_std net_expenses_std tr_error_bps_std perf_drag_bps_std 
> d_uit time_existence_std time_since_first_std , absorb(index quarter) vce(cl 
> ticker quarter)
(MWFE estimator converged in 5 iterations)

HDFE Linear regression                            Number of obs   =      1,673
Absorbing 2 HDFE groups                           F(  11,     19) =       6.27
Statistics robust to heteroskedasticity           Prob > F        =     0.0003
                                                  R-squared       =     0.5653
                                                  Adj R-squared   =     0.5438
Number of clusters (ticker)  =        104         Within R-sq.    =     0.1179
Number of clusters (quarter) =         20         Root MSE        =     0.1437

                        (Std. err. adjusted for 20 clusters in ticker quarter)
------------------------------------------------------------------------------
             |               Robust
   ratio_tra | Coefficient  std. err.      t    P>|t|     [95% conf. interval]
-------------+----------------------------------------------------------------
     highfee |   .0754561   .0183777     4.11   0.001     .0369911    .1139211
stock_twee~d |   .0044416    .005611     0.79   0.438    -.0073024    .0161856
log_aum_in~d |  -.0984311   .0688233    -1.43   0.169    -.2424799    .0456177
lend_byaum~d |  -.0233867   .0109944    -2.13   0.047    -.0463982   -.0003752
marketing_~d |   .0808601   .0219807     3.68   0.002     .0348539    .1268663
net_expens~d |   .0606502   .0214601     2.83   0.011     .0157336    .1055668
tr_error_b~d |   .0019072   .0097932     0.19   0.848    -.0185902    .0224046
perf_drag_~d |  -.0032464   .0040273    -0.81   0.430    -.0116756    .0051828
       d_uit |   -.045652    .055804    -0.82   0.423    -.1624511     .071147
time_exist~d |  -.0366929   .0186613    -1.97   0.064    -.0757513    .0023656
time_since~d |    .032367   .0433657     0.75   0.465    -.0583985    .1231325
       _cons |   .1899573   .0111974    16.96   0.000     .1665208    .2133938
------------------------------------------------------------------------------

Absorbed degrees of freedom:
-----------------------------------------------------+
 Absorbed FE | Categories  - Redundant  = Num. Coefs |
-------------+---------------------------------------|
    index_id |        49           0          49     |
     quarter |        20          20           0    *|
-----------------------------------------------------+
* = FE nested within cluster; treated as redundant for DoF computation

. outreg2 using "`directory'/output/table_2.tex", adjr2 append tex tstat label 
>  dec(2) tdec(2) eqdrop(/) keep(*)
/global/home/pc_mzoican/kpz_etfliquidity/output/table_2.tex
dir : seeout

. 
. 
. reghdfe ratio_tra highfee stock_tweets_std log_aum_index_std , absorb(index q
> uarter) vce(cl ticker quarter)
(MWFE estimator converged in 5 iterations)

HDFE Linear regression                            Number of obs   =      1,673
Absorbing 2 HDFE groups                           F(   3,     19) =       5.50
Statistics robust to heteroskedasticity           Prob > F        =     0.0068
                                                  R-squared       =     0.5272
                                                  Adj R-squared   =     0.5062
Number of clusters (ticker)  =        104         Within R-sq.    =     0.0405
Number of clusters (quarter) =         20         Root MSE        =     0.1495

                        (Std. err. adjusted for 20 clusters in ticker quarter)
------------------------------------------------------------------------------
             |               Robust
   ratio_tra | Coefficient  std. err.      t    P>|t|     [95% conf. interval]
-------------+----------------------------------------------------------------
     highfee |   .0519742   .0179868     2.89   0.009     .0143275    .0896209
stock_twee~d |   .0023315   .0029214     0.80   0.435     -.003783    .0084459
log_aum_in~d |  -.0974768   .0678123    -1.44   0.167    -.2394096     .044456
       _cons |   .1998274   .0118957    16.80   0.000     .1749293    .2247254
------------------------------------------------------------------------------

Absorbed degrees of freedom:
-----------------------------------------------------+
 Absorbed FE | Categories  - Redundant  = Num. Coefs |
-------------+---------------------------------------|
    index_id |        49           0          49     |
     quarter |        20          20           0    *|
-----------------------------------------------------+
* = FE nested within cluster; treated as redundant for DoF computation

. outreg2 using "`directory'/output/table_2.tex", adjr2 append tex tstat label 
>  dec(2) tdec(2) eqdrop(/) keep(*)
/global/home/pc_mzoican/kpz_etfliquidity/output/table_2.tex
dir : seeout

. 
. reghdfe ratio_tra highfee stock_tweets_std log_aum_index_std lend_byaum_bps_s
> td marketing_fee_bps_std, absorb(index quarter) vce(cl ticker quarter)
(MWFE estimator converged in 5 iterations)

HDFE Linear regression                            Number of obs   =      1,673
Absorbing 2 HDFE groups                           F(   5,     19) =       6.12
Statistics robust to heteroskedasticity           Prob > F        =     0.0015
                                                  R-squared       =     0.5449
                                                  Adj R-squared   =     0.5241
Number of clusters (ticker)  =        104         Within R-sq.    =     0.0764
Number of clusters (quarter) =         20         Root MSE        =     0.1467

                        (Std. err. adjusted for 20 clusters in ticker quarter)
------------------------------------------------------------------------------
             |               Robust
   ratio_tra | Coefficient  std. err.      t    P>|t|     [95% conf. interval]
-------------+----------------------------------------------------------------
     highfee |   .0615527   .0166522     3.70   0.002     .0266992    .0964062
stock_twee~d |   .0015974   .0024352     0.66   0.520    -.0034995    .0066943
log_aum_in~d |  -.1016472   .0680235    -1.49   0.152     -.244022    .0407275
lend_byaum~d |  -.0289864   .0103429    -2.80   0.011    -.0506344   -.0073383
marketing_~d |   .0301042   .0127328     2.36   0.029     .0034542    .0567543
       _cons |   .1946229   .0110574    17.60   0.000     .1714796    .2177663
------------------------------------------------------------------------------

Absorbed degrees of freedom:
-----------------------------------------------------+
 Absorbed FE | Categories  - Redundant  = Num. Coefs |
-------------+---------------------------------------|
    index_id |        49           0          49     |
     quarter |        20          20           0    *|
-----------------------------------------------------+
* = FE nested within cluster; treated as redundant for DoF computation

. outreg2 using "`directory'/output/table_2.tex", adjr2 append tex tstat label 
>  dec(2) tdec(2) eqdrop(/) keep(*)
/global/home/pc_mzoican/kpz_etfliquidity/output/table_2.tex
dir : seeout

. 
. reghdfe ratio_tra highfee stock_tweets_std log_aum_index_std lend_byaum_bps_s
> td marketing_fee_bps_std net_expenses_std , absorb(index quarter) vce(cl tick
> er quarter)
(MWFE estimator converged in 5 iterations)

HDFE Linear regression                            Number of obs   =      1,673
Absorbing 2 HDFE groups                           F(   6,     19) =       5.28
Statistics robust to heteroskedasticity           Prob > F        =     0.0024
                                                  R-squared       =     0.5566
                                                  Adj R-squared   =     0.5361
Number of clusters (ticker)  =        104         Within R-sq.    =     0.1003
Number of clusters (quarter) =         20         Root MSE        =     0.1449

                        (Std. err. adjusted for 20 clusters in ticker quarter)
------------------------------------------------------------------------------
             |               Robust
   ratio_tra | Coefficient  std. err.      t    P>|t|     [95% conf. interval]
-------------+----------------------------------------------------------------
     highfee |   .0450982   .0157367     2.87   0.010     .0121608    .0780356
stock_twee~d |   .0011064   .0021735     0.51   0.617    -.0034428    .0056556
log_aum_in~d |  -.1052437   .0676751    -1.56   0.136    -.2468894    .0364019
lend_byaum~d |  -.0272819   .0101171    -2.70   0.014    -.0484572   -.0061066
marketing_~d |   .0811655   .0228317     3.55   0.002     .0333782    .1289528
net_expens~d |   .0611409   .0204334     2.99   0.007     .0183733    .1039084
       _cons |   .2029639   .0104927    19.34   0.000     .1810024    .2249254
------------------------------------------------------------------------------

Absorbed degrees of freedom:
-----------------------------------------------------+
 Absorbed FE | Categories  - Redundant  = Num. Coefs |
-------------+---------------------------------------|
    index_id |        49           0          49     |
     quarter |        20          20           0    *|
-----------------------------------------------------+
* = FE nested within cluster; treated as redundant for DoF computation

. outreg2 using "`directory'/output/table_2.tex", adjr2 append tex tstat label 
>  dec(2) tdec(2) eqdrop(/) keep(*)
/global/home/pc_mzoican/kpz_etfliquidity/output/table_2.tex
dir : seeout

. 
. reghdfe ratio_tra highfee stock_tweets_std log_aum_index_std lend_byaum_bps_s
> td marketing_fee_bps_std tr_error_bps_std perf_drag_bps_std d_uit time_existe
> nce_std time_since_first_std , absorb(index quarter) vce(cl ticker quarter)
(MWFE estimator converged in 5 iterations)

HDFE Linear regression                            Number of obs   =      1,673
Absorbing 2 HDFE groups                           F(  10,     19) =       5.64
Statistics robust to heteroskedasticity           Prob > F        =     0.0006
                                                  R-squared       =     0.5545
                                                  Adj R-squared   =     0.5327
Number of clusters (ticker)  =        104         Within R-sq.    =     0.0960
Number of clusters (quarter) =         20         Root MSE        =     0.1454

                        (Std. err. adjusted for 20 clusters in ticker quarter)
------------------------------------------------------------------------------
             |               Robust
   ratio_tra | Coefficient  std. err.      t    P>|t|     [95% conf. interval]
-------------+----------------------------------------------------------------
     highfee |   .0916718   .0198699     4.61   0.000     .0500836    .1332599
stock_twee~d |   .0012834   .0034649     0.37   0.715    -.0059688    .0085355
log_aum_in~d |   -.093919   .0692858    -1.36   0.191    -.2389359    .0510979
lend_byaum~d |  -.0246175   .0114283    -2.15   0.044    -.0485373   -.0006977
marketing_~d |   .0304033    .013582     2.24   0.037     .0019759    .0588308
tr_error_b~d |   .0021346   .0091931     0.23   0.819    -.0171067    .0213759
perf_drag_~d |  -.0037157   .0040346    -0.92   0.369    -.0121601    .0047288
       d_uit |   .0161062   .0362959     0.44   0.662    -.0598619    .0920743
time_exist~d |  -.0399537   .0186909    -2.14   0.046    -.0790742   -.0008332
time_since~d |   .0376758   .0430903     0.87   0.393    -.0525133    .1278648
       _cons |   .1803171   .0118251    15.25   0.000     .1555669    .2050672
------------------------------------------------------------------------------

Absorbed degrees of freedom:
-----------------------------------------------------+
 Absorbed FE | Categories  - Redundant  = Num. Coefs |
-------------+---------------------------------------|
    index_id |        49           0          49     |
     quarter |        20          20           0    *|
-----------------------------------------------------+
* = FE nested within cluster; treated as redundant for DoF computation

. outreg2 using "`directory'/output/table_2.tex", adjr2 append tex tstat label 
>  dec(2) tdec(2) eqdrop(/) keep(*)
/global/home/pc_mzoican/kpz_etfliquidity/output/table_2.tex
dir : seeout

. 
. 
. 
end of do-file
