
  ___  ____  ____  ____  ____ ®
 /__    /   ____/   /   ____/      18.0
___/   /   /___/   /   /___/       MP—Parallel Edition

 Statistics and Data Science       Copyright 1985-2023 StataCorp LLC
                                   StataCorp
                                   4905 Lakeway Drive
                                   College Station, Texas 77845 USA
                                   800-STATA-PC        https://www.stata.com
                                   979-696-4600        stata@stata.com

Stata license: 5-user 32-core network perpetual
Serial number: 501806221992
  Licensed to: Nathaniel Baum−Snow
               University of Toronto

Notes:
      1. Stata is running in batch mode.
      2. Unicode is supported; see help unicode_advice.
      3. More than 2 billion observations are allowed; see help obs_advice.
      4. Maximum number of variables is set to 5,000 but can be increased;
          see help set_maxvar.

. do table_1 

. // Load data
. // -------------------------------------
. clear all

. set more off

. 
. cd ..
/global/home/pc_mzoican/kpz_etfliquidity

. local directory : pwd

. display "`working_dir'"


. import delimited "`directory'/data/etf_panel_processed.csv"
(encoding automatically selected: ISO-8859-1)
(89 vars, 1,752 obs)

. 
. 
. // // Label variables
. // // ---------------------------------
. 
. egen time_existence_std=std(time_existence)

. egen time_since_first_std=std(time_since_first)
(33 missing values generated)

. egen log_aum_index_std=std(log_aum_index)

. egen lend_byaum_bps_std=std(lend_byaum_bps)

. egen marketing_fee_bps_std=std(marketing_fee_bps)

. egen tr_error_bps_std=std(tr_error_bps)

. egen perf_drag_bps_std=std(perf_drag_bps)

. egen turnover_frac_std=std(turnover_frac)
(2 missing values generated)

. egen other_expense_std=std(other_expenses)

. egen fee_waiver_std=std(fee_waivers)

. egen creation_fee_std=std(creation_fee)

. 
. gen aum_bn=aum/10^9

. gen other_expenses_100=other_expenses*100

. gen fee_waivers_100=fee_waivers*100

. 
. gen  net_expense_mer=other_expenses-marketing_fee_bps/100+fee_waivers

. gen net_expense_100=net_expense_mer*100

. 
. label variable mgr_duration "Investor holding duration"

. label variable highfee "High MER"

. label variable time_existence_std "ETF age (quarters)"

. label variable time_since_first_std "Time since first position"

. label variable log_aum_index_std "Log index AUM"

. label variable d_uit "Unit investment trust"

. label variable lend_byaum_bps_std "Lending income (bps of AUM)"

. label variable marketing_fee_bps_std "Marketing expense (bps)"

. label variable stock_tweets "Name recognition (Twitter msg.)"

. label variable tr_error_bps_std "Tracking error (bps)"

. label variable perf_drag_bps_std "Performance drag (bps)"

. label variable turnover_frac_std "ETF turnover"

. label variable other_expense_std "Other expenses"

. label variable fee_waiver_std "Fee waivers"

. label variable creation_fee_std "Creation fee"

. 
. outreg2 using "`directory'\output\table_1.tex", replace tex sum(detail) eqkee
> p(N mean sd p25 p50 p75) dec(2) keep(aum_bn mer_bps spread_bps_crsp turnover_
> frac lend_byaum_bps tr_error_bps perf_drag_bps marketing_fee_bps stock_tweets
> _raw other_expenses_100 fee_waivers_100 time_existence mgr_duration ratio_tii
>  ratio_tra)

                             v1
-------------------------------------------------------------
      Percentiles      Smallest
 1%           17              0
 5%           87              1
10%          175              2       Obs               1,752
25%        437.5              3       Sum of wgt.       1,752

50%        875.5                      Mean              875.5
                        Largest       Std. dev.      505.9032
75%       1313.5           1748
90%         1576           1749       Variance         255938
95%         1664           1750       Skewness              0
99%         1734           1751       Kurtosis       1.799999

                           quarter
-------------------------------------------------------------
      Percentiles      Smallest
 1%        20161          20161
 5%        20162          20161
10%        20163          20161       Obs               1,752
25%        20172          20161       Sum of wgt.       1,752

50%        20183                      Mean           20183.46
                        Largest       Std. dev.      14.11447
75%        20194          20204
90%        20203          20204       Variance       199.2184
95%        20204          20204       Skewness      -.1016068
99%        20204          20204       Kurtosis       1.741545

                          logret_q
-------------------------------------------------------------
      Percentiles      Smallest
 1%    -.3813039      -.7426121
 5%    -.2086673      -.7046754
10%    -.1126564      -.7019287       Obs               1,752
25%    -.0006416      -.7001262       Sum of wgt.       1,752

50%     .0401738                      Mean           .0285336
                        Largest       Std. dev.        .11775
75%     .0834569       .3135216
90%     .1430491       .3206922       Variance       .0138651
95%     .1966454       .3219066       Skewness      -1.582446
99%      .272301       .3439421       Kurtosis         8.7371

                        logret_q_lag
-------------------------------------------------------------
      Percentiles      Smallest
 1%    -.3813039      -.7426121
 5%    -.2160022      -.7046754
10%    -.1161696      -.7019287       Obs               1,752
25%    -.0039992      -.7001262       Sum of wgt.       1,752

50%     .0361232                      Mean           .0202817
                        Largest       Std. dev.      .1127229
75%     .0747372       .3135216
90%     .1228506       .3206922       Variance       .0127065
95%     .1634231       .3219066       Skewness      -1.809559
99%     .2457466       .3439421       Kurtosis       9.609462

                          yearmonth
-------------------------------------------------------------
      Percentiles      Smallest
 1%        20163          20163
 5%        20166          20163
10%        20169          20163       Obs               1,752
25%        20179          20163       Sum of wgt.       1,752

50%        20196                      Mean           66217.63
                        Largest       Std. dev.       79028.5
75%       201612         202012
90%       201912         202012       Variance       6.25e+09
95%       202012         202012       Skewness       1.133755
99%       202012         202012       Kurtosis       2.285406

                       lend_byAUM_bps
-------------------------------------------------------------
      Percentiles      Smallest
 1%            0              0
 5%            0              0
10%            0              0       Obs               1,752
25%     .1205841              0       Sum of wgt.       1,752

50%     .9155166                      Mean            3.13904
                        Largest       Std. dev.      6.074327
75%     3.259783        55.1515
90%       8.1301        55.1515       Variance       36.89745
95%     14.58371        55.1515       Skewness       4.943432
99%     20.26362        55.1515       Kurtosis       37.78053

                           mer_bps
-------------------------------------------------------------
      Percentiles      Smallest
 1%            4              3
 5%            7              3
10%            9       3.863636       Obs               1,752
25%           12              4       Sum of wgt.       1,752

50%           18                      Mean           25.34537
                        Largest       Std. dev.      18.81537
75%           35             72
90%           60             72       Variance       354.0182
95%           63             72       Skewness       1.049003
99%           72             72       Kurtosis       2.775659

                       spread_bps_crsp
-------------------------------------------------------------
      Percentiles      Smallest
 1%      .423962         .27112
 5%     .8592577       .3110935
10%     1.238987       .3122806       Obs               1,752
25%     1.972718        .326658       Sum of wgt.       1,752

50%     3.386538                      Mean           6.545648
                        Largest       Std. dev.      10.02298
75%     6.480313       89.00514
90%     14.41713       93.77586       Variance       100.4601
95%     24.30362       125.4971       Skewness       5.228366
99%     47.04505       145.3526       Kurtosis       47.18769

                         log_volume
-------------------------------------------------------------
      Percentiles      Smallest
 1%      10.4977       6.889089
 5%     12.89355       7.519145
10%     14.01591        8.86456       Obs               1,752
25%     15.76432       9.086446       Sum of wgt.       1,752

50%     17.54671                      Mean           17.42793
                        Largest       Std. dev.      2.590796
75%      19.2652       24.12063
90%     20.51763       24.22494       Variance       6.712221
95%     21.11687       24.45274       Skewness      -.3939419
99%     23.65509       24.97996       Kurtosis       3.301992

                        tr_error_bps
-------------------------------------------------------------
      Percentiles      Smallest
 1%     3.852257       2.253133
 5%      6.46039        2.60829
10%     7.467638       2.635809       Obs               1,752
25%     10.04092       2.719357       Sum of wgt.       1,752

50%     15.24823                      Mean           28.77949
                        Largest       Std. dev.      36.55422
75%      31.9683       310.0677
90%     66.75269       353.1277       Variance       1336.211
95%      96.4608       356.5926       Skewness       4.203464
99%     207.4887       425.2161       Kurtosis        29.2216

                        perf_drag_bps
-------------------------------------------------------------
      Percentiles      Smallest
 1%    -24.69341       -70.0647
 5%    -9.232449      -69.13781
10%     -5.07601       -68.5226       Obs               1,752
25%    -2.153134      -60.60103       Sum of wgt.       1,752

50%    -1.168285                      Mean          -1.868032
                        Largest       Std. dev.      6.177749
75%    -.4764203       23.13932
90%     .8752714       23.58003       Variance       38.16458
95%     3.750768       23.61436       Skewness      -4.026882
99%     13.49368       47.71764       Kurtosis       45.61732

                        turnover_frac
-------------------------------------------------------------
      Percentiles      Smallest
 1%     .3621074       .0228163
 5%     .6916751       .0501741
10%     .8705912       .1016253       Obs               1,750
25%     1.261162       .1147841       Sum of wgt.       1,750

50%     2.166134                      Mean           5.894738
                        Largest       Std. dev.      8.600755
75%     5.808964       57.92653
90%     17.96259       58.92796       Variance       73.97299
95%     24.68063       70.87081       Skewness       2.835841
99%       40.222       78.63817       Kurtosis       13.53185

                    Unit investment trust
-------------------------------------------------------------
      Percentiles      Smallest
 1%            0              0
 5%            0              0
10%            0              0       Obs               1,752
25%            0              0       Sum of wgt.       1,752

50%            0                      Mean           .0228311
                        Largest       Std. dev.      .1494073
75%            0              1
90%            0              1       Variance       .0223225
95%            0              1       Skewness       6.389316
99%            1              1       Kurtosis       41.82336

                          mkt_share
-------------------------------------------------------------
      Percentiles      Smallest
 1%     .0034891              0
 5%     .0204727              0
10%     .0366577       .0017789       Obs               1,752
25%     .1912041       .0020657       Sum of wgt.       1,752

50%     .4898219                      Mean           .4922067
                        Largest       Std. dev.      .3361195
75%     .7911315       .9979343
90%     .9573468       .9982211       Variance       .1129763
95%     .9781696              1       Skewness       .0145219
99%     .9965109              1       Kurtosis       1.515772

                      marketing_fee_bps
-------------------------------------------------------------
      Percentiles      Smallest
 1%            0              0
 5%            0              0
10%            0              0       Obs               1,752
25%            0              0       Sum of wgt.       1,752

50%            0                      Mean           3.292637
                        Largest       Std. dev.      7.736585
75%           .6             25
90%           25             25       Variance       59.85475
95%           25             25       Skewness       2.396142
99%           25             25       Kurtosis       6.891851

                             aum
-------------------------------------------------------------
      Percentiles      Smallest
 1%     1.16e+07              0
 5%     5.95e+07              0
10%     2.02e+08        5624818       Obs               1,752
25%     1.11e+09        6309366       Sum of wgt.       1,752

50%     4.21e+09                      Mean           1.39e+10
                        Largest       Std. dev.      3.32e+10
75%     1.29e+10       2.76e+11
90%     3.41e+10       2.97e+11       Variance       1.10e+21
95%     5.29e+10       2.99e+11       Skewness       5.643727
99%     2.14e+11       3.23e+11       Kurtosis       40.00227

                      cum_mktg_expense
-------------------------------------------------------------
      Percentiles      Smallest
 1%            0              0
 5%            0              0
10%            0              0       Obs               1,752
25%            0              0       Sum of wgt.       1,752

50%            0                      Mean           7.168116
                        Largest       Std. dev.      7.613339
75%     14.88577       18.85866
90%     17.17506       18.88534       Variance       57.96293
95%     17.79893       18.89762       Skewness       .1996609
99%     18.52905       18.94779       Kurtosis       1.183405

                          d_sameind
-------------------------------------------------------------
      Percentiles      Smallest
 1%            0              0
 5%            0              0
10%            0              0       Obs               1,752
25%            0              0       Sum of wgt.       1,752

50%            0                      Mean           .4611872
                        Largest       Std. dev.      .4986336
75%            1              1
90%            1              1       Variance       .2486355
95%            1              1       Skewness        .155721
99%            1              1       Kurtosis       1.024249

                          us_index
-------------------------------------------------------------
      Percentiles      Smallest
 1%            0              0
 5%            0              0
10%            0              0       Obs               1,752
25%            0              0       Sum of wgt.       1,752

50%            1                      Mean           .6746575
                        Largest       Std. dev.      .4686364
75%            1              1
90%            1              1       Variance       .2196201
95%            1              1       Skewness      -.7455989
99%            1              1       Kurtosis       1.555918

                         d_OwnIndex
-------------------------------------------------------------
      Percentiles      Smallest
 1%            0              0
 5%            0              0
10%            0              0       Obs               1,752
25%            0              0       Sum of wgt.       1,752

50%            0                      Mean           .3105023
                        Largest       Std. dev.      .4628314
75%            1              1
90%            1              1       Variance       .2142129
95%            1              1       Skewness       .8190967
99%            1              1       Kurtosis       1.670919

                      marketing_expense
-------------------------------------------------------------
      Percentiles      Smallest
 1%            0              0
 5%            0              0
10%            0              0       Obs               1,752
25%            0              0       Sum of wgt.       1,752

50%            0                      Mean           964431.1
                        Largest       Std. dev.       2292696
75%     378627.5       1.89e+07
90%      3869108       1.91e+07       Variance       5.26e+12
95%      5497682       2.31e+07       Skewness       3.768316
99%     1.07e+07       2.38e+07       Kurtosis       23.30498

                         inception_q
-------------------------------------------------------------
      Percentiles      Smallest
 1%        19931          19931
 5%        19984          19931
10%        19984          19931       Obs               1,752
25%        20002          19931       Sum of wgt.       1,752

50%        20041                      Mean           20046.06
                        Largest       Std. dev.      53.69066
75%        20082          20174
90%        20104          20174       Variance       2882.687
95%        20133          20174       Skewness       .3346921
99%        20174          20174       Kurtosis       2.466012

                       quarter_decimal
-------------------------------------------------------------
      Percentiles      Smallest
 1%         2016           2016
 5%      2016.25           2016
10%       2016.5           2016       Obs               1,752
25%      2017.25           2016       Sum of wgt.       1,752

50%       2018.5                      Mean           2018.473
                        Largest       Std. dev.      1.434559
75%      2019.75        2020.75
90%       2020.5        2020.75       Variance       2.057961
95%      2020.75        2020.75       Skewness      -.1013985
99%      2020.75        2020.75       Kurtosis       1.819461

                     inc_quarter_decimal
-------------------------------------------------------------
      Percentiles      Smallest
 1%         1993           1993
 5%      1998.75           1993
10%      1998.75           1993       Obs               1,752
25%      2000.25           1993       Sum of wgt.       1,752

50%         2004                      Mean           2004.739
                        Largest       Std. dev.      5.378519
75%      2008.25        2017.75
90%      2010.75        2017.75       Variance       28.92846
95%       2013.5        2017.75       Skewness       .3556787
99%      2017.75        2017.75       Kurtosis       2.535958

                       time_existence
-------------------------------------------------------------
      Percentiles      Smallest
 1%         1.25            .75
 5%          4.5            .75
10%            6            .75       Obs               1,752
25%          9.5            .75       Sum of wgt.       1,752

50%           14                      Mean           13.73388
                        Largest       Std. dev.      5.589562
75%        18.25             27
90%        20.25          27.25       Variance       31.24321
95%        21.75           27.5       Skewness      -.2065348
99%        24.75          27.75       Kurtosis       2.272184

                     quarters_in_sample
-------------------------------------------------------------
      Percentiles      Smallest
 1%           10             10
 5%           12             10
10%           12             10       Obs               1,752
25%           20             10       Sum of wgt.       1,752

50%           20                      Mean           19.10788
                        Largest       Std. dev.      2.662064
75%           20             20
90%           20             20       Variance       7.086586
95%           20             20       Skewness      -2.690875
99%           20             20       Kurtosis       8.386855

                        etf_per_index
-------------------------------------------------------------
      Percentiles      Smallest
 1%            2              2
 5%            2              2
10%            2              2       Obs               1,752
25%            2              2       Sum of wgt.       1,752

50%            2                      Mean                  2
                        Largest       Std. dev.             0
75%            2              2
90%            2              2       Variance              0
95%            2              2       Skewness              .
99%            2              2       Kurtosis              .

                         uniquevals
-------------------------------------------------------------
      Percentiles      Smallest
 1%            2              2
 5%            2              2
10%            2              2       Obs               1,752
25%            2              2       Sum of wgt.       1,752

50%            2                      Mean                  2
                        Largest       Std. dev.             0
75%            2              2
90%            2              2       Variance              0
95%            2              2       Skewness              .
99%            2              2       Kurtosis              .

                          rank_fee
-------------------------------------------------------------
      Percentiles      Smallest
 1%            1              1
 5%            1              1
10%            1              1       Obs               1,752
25%            1              1       Sum of wgt.       1,752

50%          1.5                      Mean                1.5
                        Largest       Std. dev.      .5001428
75%            2              2
90%            2              2       Variance       .2501428
95%            2              2       Skewness              0
99%            2              2       Kurtosis              1

                          High MER
-------------------------------------------------------------
      Percentiles      Smallest
 1%            0              0
 5%            0              0
10%            0              0       Obs               1,752
25%            0              0       Sum of wgt.       1,752

50%           .5                      Mean                 .5
                        Largest       Std. dev.      .5001428
75%            1              1
90%            1              1       Variance       .2501428
95%            1              1       Skewness              0
99%            1              1       Kurtosis              1

                         rank_spread
-------------------------------------------------------------
      Percentiles      Smallest
 1%            1              1
 5%            1              1
10%            1              1       Obs               1,752
25%            1              1       Sum of wgt.       1,752

50%          1.5                      Mean                1.5
                        Largest       Std. dev.      .5001428
75%            2              2
90%            2              2       Variance       .2501428
95%            2              2       Skewness              0
99%            2              2       Kurtosis              1

                         highspread
-------------------------------------------------------------
      Percentiles      Smallest
 1%            0              0
 5%            0              0
10%            0              0       Obs               1,752
25%            0              0       Sum of wgt.       1,752

50%           .5                      Mean                 .5
                        Largest       Std. dev.      .5001428
75%            1              1
90%            1              1       Variance       .2501428
95%            1              1       Skewness              0
99%            1              1       Kurtosis              1

                       rank_inception
-------------------------------------------------------------
      Percentiles      Smallest
 1%            1              1
 5%            1              1
10%            1              1       Obs               1,752
25%            1              1       Sum of wgt.       1,752

50%            1                      Mean           1.486301
                        Largest       Std. dev.       .499955
75%            2              2
90%            2              2       Variance        .249955
95%            2              2       Skewness       .0548151
99%            2              2       Kurtosis       1.003005

                         firstmover
-------------------------------------------------------------
      Percentiles      Smallest
 1%            0              0
 5%            0              0
10%            0              0       Obs               1,752
25%            0              0       Sum of wgt.       1,752

50%            0                      Mean           .4863014
                        Largest       Std. dev.       .499955
75%            1              1
90%            1              1       Variance        .249955
95%            1              1       Skewness       .0548151
99%            1              1       Kurtosis       1.003005

                           is_etn
-------------------------------------------------------------
      Percentiles      Smallest
 1%            0              0
 5%            0              0
10%            0              0       Obs               1,752
25%            0              0       Sum of wgt.       1,752

50%            0                      Mean                  0
                        Largest       Std. dev.             0
75%            0              0
90%            0              0       Variance              0
95%            0              0       Skewness              .
99%            0              0       Kurtosis              .

                         is_levered
-------------------------------------------------------------
      Percentiles      Smallest
 1%            0              0
 5%            0              0
10%            0              0       Obs               1,752
25%            0              0       Sum of wgt.       1,752

50%            0                      Mean                  0
                        Largest       Std. dev.             0
75%            0              0
90%            0              0       Variance              0
95%            0              0       Skewness              .
99%            0              0       Kurtosis              .

                          is_active
-------------------------------------------------------------
      Percentiles      Smallest
 1%            0              0
 5%            0              0
10%            0              0       Obs               1,752
25%            0              0       Sum of wgt.       1,752

50%            0                      Mean                  0
                        Largest       Std. dev.             0
75%            0              0
90%            0              0       Variance              0
95%            0              0       Skewness              .
99%            0              0       Kurtosis              .

                        creation_fee
-------------------------------------------------------------
      Percentiles      Smallest
 1%          250            250
 5%          500            250
10%          500            250       Obs               1,752
25%          500            250       Sum of wgt.       1,752

50%         1000                      Mean           2454.909
                        Largest       Std. dev.      3305.099
75%         2500          15000
90%         9300          15000       Variance       1.09e+07
95%        10000          15000       Skewness       2.061627
99%        15000          15000       Kurtosis       6.228584

                       other_expenses
-------------------------------------------------------------
      Percentiles      Smallest
 1%            0              0
 5%            0              0
10%            0              0       Obs               1,752
25%            0              0       Sum of wgt.       1,752

50%            0                      Mean           .0323402
                        Largest       Std. dev.      .0509362
75%          .04            .22
90%           .1            .22       Variance       .0025945
95%          .14            .22       Skewness       1.805241
99%          .22            .25       Kurtosis       5.741162

                       total_expenses
-------------------------------------------------------------
      Percentiles      Smallest
 1%          .04            .03
 5%          .07            .03
10%          .09            .03       Obs               1,752
25%          .12            .04       Sum of wgt.       1,752

50%          .18                      Mean           .2582163
                        Largest       Std. dev.       .191926
75%           .4            .81
90%           .6            .81       Variance       .0368356
95%          .63            .81       Skewness       1.047653
99%          .72            .81       Kurtosis       2.837505

                         fee_waivers
-------------------------------------------------------------
      Percentiles      Smallest
 1%         -.17            -.2
 5%         -.05           -.17
10%            0           -.17       Obs               1,752
25%            0           -.17       Sum of wgt.       1,752

50%            0                      Mean          -.0061045
                        Largest       Std. dev.      .0261761
75%            0              0
90%            0              0       Variance       .0006852
95%            0              0       Skewness      -4.945803
99%            0              0       Kurtosis       28.08554

                        net_expenses
-------------------------------------------------------------
      Percentiles      Smallest
 1%          .04            .03
 5%          .07            .03
10%          .09            .03       Obs               1,752
25%          .12            .04       Sum of wgt.       1,752

50%          .18                      Mean           .2533961
                        Largest       Std. dev.      .1881899
75%          .35            .72
90%           .6            .72       Variance       .0354154
95%          .63            .72       Skewness        1.04845
99%          .72            .72       Kurtosis       2.774824

                  Investor holding duration
-------------------------------------------------------------
      Percentiles      Smallest
 1%     1.923078       1.174429
 5%     3.515491       1.276607
10%     4.076208       1.283773       Obs               1,719
25%     4.872335        1.36322       Sum of wgt.       1,719

50%     5.494922                      Mean            5.27075
                        Largest       Std. dev.      .9229661
75%     5.846319        8.14583
90%     6.063246       8.283617       Variance       .8518665
95%      6.22332       8.370455       Skewness      -1.242386
99%     7.370069       8.513927       Kurtosis       6.266428

                      mgr_duration_tii
-------------------------------------------------------------
      Percentiles      Smallest
 1%     1.542192       1.040574
 5%     2.998269       1.040574
10%     4.064296       1.040574       Obs               1,703
25%     5.016775       1.229421       Sum of wgt.       1,703

50%     5.632071                      Mean           5.359618
                        Largest       Std. dev.      1.077886
75%     5.927385       8.513927
90%     6.195689       8.513927       Variance       1.161838
95%     6.449499       8.513927       Skewness      -1.352296
99%     7.730997       8.745857       Kurtosis       6.274897

                      mgr_duration_tsi
-------------------------------------------------------------
      Percentiles      Smallest
 1%     2.239204       2.213602
 5%     4.159288       2.239164
10%     4.620445       2.239164       Obs               1,596
25%     5.530815       2.239164       Sum of wgt.       1,596

50%     6.126063                      Mean           5.892268
                        Largest       Std. dev.      .8844696
75%      6.44296        7.74352
90%     6.703915        7.74352       Variance       .7822865
95%     6.997536        7.74352       Skewness      -1.368641
99%     7.376823       7.745279       Kurtosis       5.641115

                      time_since_first
-------------------------------------------------------------
      Percentiles      Smallest
 1%    -.0650205      -.9988452
 5%            0      -.6621699
10%     .1447128      -.3071422       Obs               1,719
25%     .4293123        -.20344       Sum of wgt.       1,719

50%     .9203196                      Mean           1.093724
                        Largest       Std. dev.      .8306084
75%     1.662138       3.227462
90%     2.377095       3.416398       Variance       .6899103
95%     2.686087       3.654123       Skewness       .6290793
99%     2.988729       4.051201       Kurtosis       2.491806

                          ratio_tii
-------------------------------------------------------------
      Percentiles      Smallest
 1%     14.19614       .0485172
 5%      44.2781       7.427808
10%     56.31815       7.680283       Obs               1,703
25%     74.67191        8.37225       Sum of wgt.       1,703

50%     86.58133                      Mean            81.1751
                        Largest       Std. dev.      17.62938
75%     93.28656            100
90%     98.10057            100       Variance        310.795
95%          100            100       Skewness      -1.631841
99%          100            100       Kurtosis       5.911959

                          ratio_tra
-------------------------------------------------------------
      Percentiles      Smallest
 1%     .0087902       .0000101
 5%     .0222858       .0000261
10%      .035839       .0002076       Obs               1,673
25%     .0831489       .0007135       Sum of wgt.       1,673

50%      .155342                      Mean           .2252746
                        Largest       Std. dev.      .2127068
75%     .2866321              1
90%     .5273383              1       Variance       .0452442
95%     .6767586              1       Skewness        1.75664
99%     .9906092              1       Kurtosis       6.003333

                     mgr_duration_index
-------------------------------------------------------------
      Percentiles      Smallest
 1%     2.888104       1.283773
 5%     4.005637       1.283773
10%     4.383488       2.267769       Obs               1,752
25%     5.013875       2.267769       Sum of wgt.       1,752

50%      5.57184                      Mean           5.374815
                        Largest       Std. dev.       .733222
75%     5.846817       7.403933
90%     6.042024       7.403933       Variance       .5376145
95%     6.139568       7.419373       Skewness      -1.241011
99%     7.176817       7.419373       Kurtosis        5.99477

                        ratio_tra_ix
-------------------------------------------------------------
      Percentiles      Smallest
 1%     .0166795       .0088025
 5%     .0316947       .0088025
10%     .0552039       .0092016       Obs               1,752
25%     .1055912       .0092016       Sum of wgt.       1,752

50%     .1737962                      Mean           .2232914
                        Largest       Std. dev.      .1778438
75%     .2753283       .9795313
90%     .4982334       .9795313       Variance       .0316284
95%     .5862318              1       Skewness       1.656452
99%     .8797323              1       Kurtosis       5.960847

                          aum_index
-------------------------------------------------------------
      Percentiles      Smallest
 1%     1.36e+08       6.79e+07
 5%     9.07e+08       6.79e+07
10%     1.93e+09       1.02e+08       Obs               1,752
25%     5.22e+09       1.02e+08       Sum of wgt.       1,752

50%     1.10e+10                      Mean           2.79e+10
                        Largest       Std. dev.      6.27e+10
75%     2.48e+10       5.11e+11
90%     4.89e+10       5.11e+11       Variance       3.94e+21
95%     8.72e+10       5.61e+11       Skewness       5.547976
99%     4.17e+11       5.61e+11       Kurtosis       36.80029

                        log_aum_index
-------------------------------------------------------------
      Percentiles      Smallest
 1%     18.72667       18.03347
 5%     20.62527       18.03347
10%     21.37857       18.44444       Obs               1,752
25%     22.37619       18.44444       Sum of wgt.       1,752

50%     23.11971                      Mean           23.07315
                        Largest       Std. dev.      1.453902
75%     23.93503       26.95963
90%     24.61375       26.95963       Variance       2.113832
95%     25.19175       27.05299       Skewness      -.4989591
99%     26.75635       27.05299       Kurtosis       4.282151

               Name recognition (Twitter msg.)
-------------------------------------------------------------
      Percentiles      Smallest
 1%    -.0787547      -.0787547
 5%    -.0787547      -.0787547
10%    -.0787547      -.0787547       Obs               1,752
25%    -.0783605      -.0787547       Sum of wgt.       1,752

50%     -.077582                      Mean           .0295682
                        Largest       Std. dev.      1.122899
75%    -.0741459       13.01469
90%    -.0039589       13.27388       Variance       1.260901
95%            0       24.51455       Skewness       16.18587
99%     3.058294        25.3506       Kurtosis       312.3853

                       sum_of_replies
-------------------------------------------------------------
      Percentiles      Smallest
 1%            0              0
 5%            0              0
10%            0              0       Obs               1,620
25%            0              0       Sum of wgt.       1,620

50%      .106383                      Mean           44.42954
                        Largest       Std. dev.      509.6499
75%     .5482375       5851.554
90%      1.92738       6735.207       Variance         259743
95%     6.451932       10342.86       Skewness        16.2445
99%     1050.348        11628.8       Kurtosis       308.3693

                        sum_of_likes
-------------------------------------------------------------
      Percentiles      Smallest
 1%            0              0
 5%            0              0
10%            0              0       Obs               1,620
25%     .0526316              0       Sum of wgt.       1,620

50%        .3125                      Mean           58.94834
                        Largest       Std. dev.      727.0674
75%     .9393382       9077.924
90%      3.65644       9293.945       Variance         528627
95%     11.90556       15698.96       Skewness       18.05902
99%     1112.598       17509.49       Kurtosis        374.106

                      stock_tweets_raw
-------------------------------------------------------------
      Percentiles      Smallest
 1%            0              0
 5%            0              0
10%            1              0       Obs               1,752
25%     1.069048              0       Sum of wgt.       1,752

50%     1.361111                      Mean           41.93136
                        Largest       Std. dev.      449.8648
75%     2.022233       5244.891
90%     6.379747       5348.696       Variance       202378.4
95%     16.96667       9850.561       Skewness       16.18633
99%      1257.38        10185.4       Kurtosis        312.331

                          qduration
-------------------------------------------------------------
      Percentiles      Smallest
 1%            1              1
 5%            1              1
10%            1              1       Obs               1,719
25%            2              1       Sum of wgt.       1,719

50%            3                      Mean           3.137289
                        Largest       Std. dev.      1.392981
75%            4              5
90%            5              5       Variance       1.940396
95%            5              5       Skewness      -.1179265
99%            5              5       Kurtosis       1.743153

                       same_benchmark
-------------------------------------------------------------
      Percentiles      Smallest
 1%            0              0
 5%            0              0
10%            0              0       Obs               1,752
25%            0              0       Sum of wgt.       1,752

50%            0                      Mean           .4554795
                        Largest       Std. dev.      .4981562
75%            1              1
90%            1              1       Variance       .2481596
95%            1              1       Skewness       .1787924
99%            1              1       Kurtosis       1.031967

                        same_lead_mm
-------------------------------------------------------------
      Percentiles      Smallest
 1%            0              0
 5%            0              0
10%            0              0       Obs               1,752
25%            0              0       Sum of wgt.       1,752

50%            0                      Mean           .2009132
                        Largest       Std. dev.      .4007977
75%            0              1
90%            1              1       Variance       .1606388
95%            1              1       Skewness       1.492884
99%            1              1       Kurtosis       3.228701

                 effectivespread_dollar_ave
-------------------------------------------------------------
      Percentiles      Smallest
 1%      .006691       .0057809
 5%     .0073629       .0058496
10%     .0078587       .0058878       Obs               1,752
25%     .0090582       .0061694       Sum of wgt.       1,752

50%     .0211455                      Mean           .0319407
                        Largest       Std. dev.      .0319579
75%     .0437973       .2450954
90%     .0714391       .2600313       Variance       .0010213
95%     .0889268       .2699253       Skewness       2.503139
99%      .146493       .3072433       Kurtosis       13.51256

                 effectivespread_percent_ave
-------------------------------------------------------------
      Percentiles      Smallest
 1%     .0000463       .0000336
 5%     .0000864       .0000344
10%       .00011       .0000362       Obs               1,752
25%     .0001609       .0000368       Sum of wgt.       1,752

50%     .0002635                      Mean           .0004683
                        Largest       Std. dev.      .0006332
75%     .0004782       .0054696
90%     .0010128       .0057417       Variance       4.01e-07
95%     .0016884       .0059277       Skewness       4.002208
99%     .0030588        .006278       Kurtosis       24.59731

                  effectivespread_dollar_dw
-------------------------------------------------------------
      Percentiles      Smallest
 1%     .0085331       .0075321
 5%     .0095413       .0077311
10%     .0104432       .0078103       Obs               1,752
25%        .0147       .0079054       Sum of wgt.       1,752

50%     .0318747                      Mean           .0500708
                        Largest       Std. dev.      .0781408
75%     .0625037       .6711481
90%      .098242       .6927003       Variance        .006106
95%     .1332037       .9925327       Skewness       13.47358
99%     .2824789       2.136617       Kurtosis        311.808

                  effectivespread_dollar_sw
-------------------------------------------------------------
      Percentiles      Smallest
 1%     .0085327       .0075324
 5%     .0095414       .0077315
10%     .0104492       .0078104       Obs               1,752
25%     .0146617       .0079057       Sum of wgt.       1,752

50%     .0318719                      Mean           .0500245
                        Largest       Std. dev.      .0768163
75%     .0625042       .6726761
90%     .0982363       .6918088       Variance       .0059008
95%     .1332513       .9766393       Skewness       12.84857
99%     .2831523       2.055544       Kurtosis       287.4515

                 effectivespread_percent_dw
-------------------------------------------------------------
      Percentiles      Smallest
 1%     .0001215       .0000764
 5%     .0001643       .0000856
10%     .0001926       .0000902       Obs               1,752
25%     .0002564       .0000988       Sum of wgt.       1,752

50%     .0004115                      Mean           .0006179
                        Largest       Std. dev.      .0006654
75%     .0006641       .0054839
90%     .0013015       .0054858       Variance       4.43e-07
95%     .0019419       .0057237       Skewness       3.528347
99%     .0034732       .0072498       Kurtosis       20.62531

                 effectivespread_percent_sw
-------------------------------------------------------------
      Percentiles      Smallest
 1%     .0001215       .0000764
 5%     .0001643       .0000856
10%     .0001926       .0000902       Obs               1,752
25%     .0002565       .0000989       Sum of wgt.       1,752

50%     .0004115                      Mean           .0006177
                        Largest       Std. dev.      .0006634
75%     .0006639       .0054716
90%     .0013014       .0054828       Variance       4.40e-07
95%     .0019408       .0057197       Skewness       3.480629
99%     .0034739       .0069642       Kurtosis       19.88194

                 dollarrealizedspread_lr_ave
-------------------------------------------------------------
      Percentiles      Smallest
 1%      -.00077      -.0036635
 5%     .0002975      -.0027229
10%      .000837      -.0020895       Obs               1,752
25%       .00213      -.0015799       Sum of wgt.       1,752

50%     .0102096                      Mean           .0211851
                        Largest       Std. dev.      .0273334
75%     .0318057       .1994991
90%     .0557384       .2074223       Variance       .0007471
95%     .0737938       .2099843       Skewness         2.4365
99%     .1164978       .2312706       Kurtosis       12.28616

                percentrealizedspread_lr_ave
-------------------------------------------------------------
      Percentiles      Smallest
 1%    -8.13e-06      -.0000397
 5%     3.72e-06      -.0000274
10%     .0000119      -.0000234       Obs               1,752
25%     .0000356       -.000023       Sum of wgt.       1,752

50%     .0001234                      Mean           .0003189
                        Largest       Std. dev.      .0005845
75%     .0003322       .0045318
90%       .00077       .0049124       Variance       3.42e-07
95%     .0013542       .0050224       Skewness       5.071581
99%     .0027796       .0092622       Kurtosis       47.27231

                 dollarrealizedspread_lr_sw
-------------------------------------------------------------
      Percentiles      Smallest
 1%     .0007228      -.0015414
 5%     .0022932      -.0005403
10%      .003214      -.0003903       Obs               1,752
25%     .0072008      -.0001864       Sum of wgt.       1,752

50%     .0203727                      Mean           .0366181
                        Largest       Std. dev.      .0736893
75%     .0438722       .6667553
90%     .0746234        .667215       Variance       .0054301
95%       .10964       .9713799       Skewness       14.03386
99%     .2715082       2.014392       Kurtosis       322.5608

                 dollarrealizedspread_lr_dw
-------------------------------------------------------------
      Percentiles      Smallest
 1%     .0007254       -.001545
 5%     .0022954      -.0005401
10%      .003208      -.0003907       Obs               1,752
25%     .0072454      -.0001875       Sum of wgt.       1,752

50%     .0203618                      Mean           .0366684
                        Largest       Std. dev.       .075083
75%     .0438541       .6657193
90%     .0745346       .6676546       Variance       .0056375
95%     .1099039       .9874857       Skewness       14.68709
99%     .2721299       2.096985       Kurtosis       349.1221

                 percentrealizedspread_lr_sw
-------------------------------------------------------------
      Percentiles      Smallest
 1%     .0000182      -.0000388
 5%     .0000499      -.0000131
10%      .000068      -6.15e-06       Obs               1,752
25%     .0001124      -4.24e-06       Sum of wgt.       1,752

50%     .0002359                      Mean           .0004435
                        Largest       Std. dev.      .0007751
75%      .000492       .0040919
90%     .0010118       .0043436       Variance       6.01e-07
95%       .00154       .0068283       Skewness       14.42518
99%     .0028923       .0224552       Kurtosis       377.6513

                 percentrealizedspread_lr_dw
-------------------------------------------------------------
      Percentiles      Smallest
 1%     .0000182      -.0000389
 5%       .00005      -.0000131
10%      .000068      -6.15e-06       Obs               1,752
25%     .0001125      -4.01e-06       Sum of wgt.       1,752

50%     .0002345                      Mean           .0004437
                        Largest       Std. dev.      .0007774
75%     .0004921       .0040919
90%     .0010073       .0043455       Variance       6.04e-07
95%     .0015393       .0071199       Skewness       14.39573
99%     .0028915       .0224811       Kurtosis       375.5124

                  dollarpriceimpact_lr_ave
-------------------------------------------------------------
      Percentiles      Smallest
 1%     .0000544      -.0963122
 5%     .0028057      -.0459251
10%     .0039566      -.0229615       Obs               1,752
25%     .0059363      -.0135801       Sum of wgt.       1,752

50%     .0081248                      Mean           .0107457
                        Largest       Std. dev.      .0097573
75%     .0129501       .0759727
90%     .0209038       .0780351       Variance       .0000952
95%     .0262412       .0909077       Skewness       2.064176
99%     .0554798       .1009626       Kurtosis       26.77155

                  percentpriceimpact_lr_ave
-------------------------------------------------------------
      Percentiles      Smallest
 1%     3.43e-06      -.0071862
 5%     .0000356      -.0006587
10%     .0000514      -.0005917       Obs               1,752
25%     .0000779       -.000316       Sum of wgt.       1,752

50%     .0001182                      Mean            .000149
                        Largest       Std. dev.      .0002495
75%      .000178       .0019465
90%     .0002719        .002258       Variance       6.23e-08
95%     .0003659       .0023006       Skewness      -11.09008
99%     .0007454       .0040041       Kurtosis       468.5823

                   dollarpriceimpact_lr_sw
-------------------------------------------------------------
      Percentiles      Smallest
 1%    -.0044054      -.2717669
 5%     .0020726      -.0613708
10%     .0039118       -.049489       Obs               1,752
25%     .0065808      -.0225103       Sum of wgt.       1,752

50%     .0091257                      Mean           .0133538
                        Largest       Std. dev.      .0145402
75%     .0173474       .0937354
90%     .0297542        .121697       Variance       .0002114
95%     .0374032       .1320084       Skewness      -2.569066
99%     .0556961       .1338626       Kurtosis       95.48852

                   dollarpriceimpact_lr_dw
-------------------------------------------------------------
      Percentiles      Smallest
 1%    -.0044814      -.2721116
 5%     .0020885      -.0611182
10%     .0039108      -.0494362       Obs               1,752
25%     .0065746      -.0225235       Sum of wgt.       1,752

50%     .0091289                      Mean           .0133496
                        Largest       Std. dev.      .0145443
75%     .0173346       .0931874
90%     .0297588       .1216262       Variance       .0002115
95%      .037369       .1319621       Skewness      -2.580279
99%      .055496       .1341352       Kurtosis       95.79341

                  percentpriceimpact_lr_sw
-------------------------------------------------------------
      Percentiles      Smallest
 1%    -.0000486      -.0204122
 5%     .0000244      -.0008975
10%     .0000472      -.0005488       Obs               1,752
25%     .0000884      -.0003638       Sum of wgt.       1,752

50%     .0001472                      Mean            .000173
                        Largest       Std. dev.      .0005306
75%     .0002262       .0015794
90%     .0003416       .0025317       Variance       2.82e-07
95%     .0004365       .0026792       Skewness      -33.02822
99%     .0009535       .0034846       Kurtosis       1295.797

                  percentpriceimpact_lr_dw
-------------------------------------------------------------
      Percentiles      Smallest
 1%    -.0000489      -.0204379
 5%     .0000241      -.0008934
10%     .0000474      -.0005883       Obs               1,752
25%     .0000889       -.000364       Sum of wgt.       1,752

50%     .0001473                      Mean           .0001729
                        Largest       Std. dev.      .0005313
75%     .0002263       .0015706
90%     .0003418       .0025735       Variance       2.82e-07
95%     .0004362       .0026894       Skewness      -33.02111
99%     .0009528       .0034915       Kurtosis       1295.575

                     ETF age (quarters)
-------------------------------------------------------------
      Percentiles      Smallest
 1%    -2.233426      -2.322879
 5%    -1.651985      -2.322879
10%    -1.383628      -2.322879       Obs               1,752
25%     -.757461      -2.322879       Sum of wgt.       1,752

50%      .047611                      Mean          -1.46e-09
                        Largest       Std. dev.             1
75%     .8079567       2.373374
90%     1.165766       2.418101       Variance              1
95%     1.434124       2.462827       Skewness      -.2065348
99%     1.970838       2.507553       Kurtosis       2.272184

                  Time since first position
-------------------------------------------------------------
      Percentiles      Smallest
 1%    -1.395055      -2.519321
 5%    -1.316775      -2.113985
10%     -1.14255      -1.686554       Obs               1,719
25%    -.7999097      -1.561703       Sum of wgt.       1,719

50%     -.208768                      Mean          -1.71e-09
                        Largest       Std. dev.             1
75%     .6843341       2.568886
90%     1.545097       2.796353       Variance              1
95%     1.917105       3.082558       Skewness       .6290793
99%     2.281466       3.560616       Kurtosis       2.491806

                        Log index AUM
-------------------------------------------------------------
      Percentiles      Smallest
 1%    -2.989527      -3.466312
 5%     -1.68366      -3.466312
10%    -1.165539      -3.183646       Obs               1,752
25%     -.479376      -3.183646       Sum of wgt.       1,752

50%     .0320213                      Mean           2.11e-10
                        Largest       Std. dev.             1
75%     .5928005       2.673139
90%      1.05963       2.673139       Variance              1
95%     1.457183       2.737346       Skewness      -.4989591
99%      2.53332       2.737346       Kurtosis       4.282151

                 Lending income (bps of AUM)
-------------------------------------------------------------
      Percentiles      Smallest
 1%    -.5167717      -.5167717
 5%    -.5167717      -.5167717
10%    -.5167717      -.5167717       Obs               1,752
25%    -.4969203      -.5167717       Sum of wgt.       1,752

50%    -.3660527                      Mean          -1.76e-09
                        Largest       Std. dev.             1
75%     .0198775        8.56267
90%     .8216647        8.56267       Variance              1
95%     1.884105        8.56267       Skewness       4.943432
99%     2.819173        8.56267       Kurtosis       37.78053

                   Marketing expense (bps)
-------------------------------------------------------------
      Percentiles      Smallest
 1%     -.425593       -.425593
 5%     -.425593       -.425593
10%     -.425593       -.425593       Obs               1,752
25%     -.425593       -.425593       Sum of wgt.       1,752

50%     -.425593                      Mean          -1.25e-09
                        Largest       Std. dev.             1
75%    -.3480394       2.805807
90%     2.805807       2.805807       Variance              1
95%     2.805807       2.805807       Skewness       2.396142
99%     2.805807       2.805807       Kurtosis       6.891851

                    Tracking error (bps)
-------------------------------------------------------------
      Percentiles      Smallest
 1%    -.6819248      -.7256715
 5%    -.6105751      -.7159556
10%    -.5830202      -.7152027       Obs               1,752
25%    -.5126239      -.7129171       Sum of wgt.       1,752

50%    -.3701696                      Mean          -3.07e-10
                        Largest       Std. dev.             1
75%     .0872352       7.695094
90%     1.038818       8.873072       Variance              1
95%     1.851532       8.967859       Skewness       4.203464
99%     4.888881       10.84517       Kurtosis        29.2216

                   Performance drag (bps)
-------------------------------------------------------------
      Percentiles      Smallest
 1%    -3.694772      -11.03908
 5%    -1.192087      -10.88904
10%    -.5192794      -10.78946       Obs               1,752
25%    -.0461498      -9.507185       Sum of wgt.       1,752

50%      .113269                      Mean          -1.66e-09
                        Largest       Std. dev.             1
75%      .225262       4.047971
90%     .4440621       4.119311       Variance              1
95%     .9095223       4.124867       Skewness      -4.026882
99%     2.486619       8.026496       Kurtosis       45.61732

                        ETF turnover
-------------------------------------------------------------
      Percentiles      Smallest
 1%    -.6432727      -.6827217
 5%    -.6049542      -.6795409
10%    -.5841519      -.6735587       Obs               1,750
25%    -.5387406      -.6720287       Sum of wgt.       1,750

50%    -.4335206                      Mean           5.35e-10
                        Largest       Std. dev.             1
75%    -.0099729       6.049677
90%     1.403116       6.166112       Variance              1
95%     2.184214       7.554694       Skewness       2.835841
99%     3.991192       8.457796       Kurtosis       13.53185

                       Other expenses
-------------------------------------------------------------
      Percentiles      Smallest
 1%    -.6349154      -.6349154
 5%    -.6349154      -.6349154
10%    -.6349154      -.6349154       Obs               1,752
25%    -.6349154      -.6349154       Sum of wgt.       1,752

50%    -.6349154                      Mean           5.06e-09
                        Largest       Std. dev.             1
75%     .1503806       3.684212
90%     1.328325       3.684212       Variance              1
95%     2.113621       3.684212       Skewness       1.805241
99%     3.684212       4.273184       Kurtosis       5.741162

                         Fee waivers
-------------------------------------------------------------
      Percentiles      Smallest
 1%    -6.261258       -7.40734
 5%     -1.67693      -6.261258
10%     .2332068      -6.261258       Obs               1,752
25%     .2332068      -6.261258       Sum of wgt.       1,752

50%     .2332068                      Mean          -3.08e-09
                        Largest       Std. dev.             1
75%     .2332068       .2332068
90%     .2332068       .2332068       Variance              1
95%     .2332068       .2332068       Skewness      -4.945803
99%     .2332068       .2332068       Kurtosis       28.08554

                        Creation fee
-------------------------------------------------------------
      Percentiles      Smallest
 1%    -.6671234      -.6671234
 5%    -.5914827      -.6671234
10%    -.5914827      -.6671234       Obs               1,752
25%    -.5914827      -.6671234       Sum of wgt.       1,752

50%    -.4402013                      Mean           1.03e-08
                        Largest       Std. dev.             1
75%      .013643       3.795678
90%      2.07107       3.795678       Variance              1
95%     2.282864       3.795678       Skewness       2.061627
99%     3.795678       3.795678       Kurtosis       6.228583

                           aum_bn
-------------------------------------------------------------
      Percentiles      Smallest
 1%     .0116186              0
 5%       .05955              0
10%     .2015349       .0056248       Obs               1,752
25%     1.108538       .0063094       Sum of wgt.       1,752

50%     4.211723                      Mean           13.94964
                        Largest       Std. dev.      33.21419
75%     12.90144            276
90%     34.14183            297       Variance       1103.182
95%     52.85334            299       Skewness       5.643727
99%          214            323       Kurtosis       40.00227

                     other_expenses_100
-------------------------------------------------------------
      Percentiles      Smallest
 1%            0              0
 5%            0              0
10%            0              0       Obs               1,752
25%            0              0       Sum of wgt.       1,752

50%            0                      Mean           3.234018
                        Largest       Std. dev.      5.093621
75%            4             22
90%           10             22       Variance       25.94498
95%           14             22       Skewness       1.805241
99%           22             25       Kurtosis       5.741162

                       fee_waivers_100
-------------------------------------------------------------
      Percentiles      Smallest
 1%          -17            -20
 5%           -5            -17
10%            0            -17       Obs               1,752
25%            0            -17       Sum of wgt.       1,752

50%            0                      Mean          -.6104452
                        Largest       Std. dev.      2.617614
75%            0              0
90%            0              0       Variance       6.851901
95%            0              0       Skewness      -4.945803
99%            0              0       Kurtosis       28.08554

                       net_expense_mer
-------------------------------------------------------------
      Percentiles      Smallest
 1%         -.25           -.25
 5%         -.25           -.25
10%         -.06           -.25       Obs               1,752
25%            0           -.25       Sum of wgt.       1,752

50%            0                      Mean          -.0066906
                        Largest       Std. dev.      .0851018
75%         .023            .18
90%         .065            .18       Variance       .0072423
95%         .068            .18       Skewness      -1.788242
99%          .14            .18       Kurtosis       6.243812

                       net_expense_100
-------------------------------------------------------------
      Percentiles      Smallest
 1%          -25            -25
 5%          -25            -25
10%           -6            -25       Obs               1,752
25%            0            -25       Sum of wgt.       1,752

50%            0                      Mean          -.6690639
                        Largest       Std. dev.      8.510177
75%          2.3             18
90%          6.5             18       Variance       72.42312
95%          6.8             18       Skewness      -1.788242
99%           14             18       Kurtosis       6.243812

Following variable is string, not included:  
ticker  inception  index_id  log_profit  issuer  description  primary_benchmark
>   tax_classification  asset_class  category  lead_market_maker  log_aum  
/global/home/pc_mzoican/kpz_etfliquidity\output\table_1.tex
dir : seeout

. 
end of do-file
