
  ___  ____  ____  ____  ____ ®
 /__    /   ____/   /   ____/      18.0
___/   /   /___/   /   /___/       MP—Parallel Edition

 Statistics and Data Science       Copyright 1985-2023 StataCorp LLC
                                   StataCorp
                                   4905 Lakeway Drive
                                   College Station, Texas 77845 USA
                                   800-STATA-PC        https://www.stata.com
                                   979-696-4600        stata@stata.com

Stata license: 5-user 32-core network perpetual
Serial number: 501806221992
  Licensed to: Nathaniel Baum−Snow
               University of Toronto

Notes:
      1. Stata is running in batch mode.
      2. Unicode is supported; see help unicode_advice.
      3. More than 2 billion observations are allowed; see help obs_advice.
      4. Maximum number of variables is set to 5,000 but can be increased;
          see help set_maxvar.

. do table_4 

. 
. // Table 4 - Main hypotheses
. // -------------------------------------
. 
. // Load data
. // -------------------------------------
. clear all

. set more off

. 
. cd ..
/global/home/pc_mzoican/kpz_etfliquidity

. local directory : pwd

. display "`working_dir'"


. import delimited "`directory'/data/etf_panel_processed.csv"
(encoding automatically selected: ISO-8859-1)
(71 vars, 1,752 obs)

. 
. 
. // // Label variables
. // // ---------------------------------
. 
. egen time_existence_std=std(time_existence)

. egen time_since_first_std=std(time_since_first)
(33 missing values generated)

. egen log_aum_index_std=std(log_aum_index)

. egen lend_byaum_bps_std=std(lend_byaum_bps)

. egen marketing_fee_bps_std=std(marketing_fee_bps)

. egen tr_error_bps_std=std(tr_error_bps)

. egen perf_drag_bps_std=std(perf_drag_bps)

. egen turnover_frac_std=std(turnover_frac)
(2 missing values generated)

. gen  net_expense_mer=other_expense-marketing_fee_bps/100+fee_waiver

. egen net_expenses_std=std(net_expense_mer)

. egen stock_tweets_std=std(stock_tweets)

. 
. label variable mgr_duration "Investor holding duration"

. label variable highfee "High MER"

. label variable time_existence_std "ETF age (quarters)"

. label variable time_since_first_std "Time since first position"

. label variable log_aum_index_std "Log index AUM"

. label variable d_uit "Unit investment trust"

. label variable lend_byaum_bps_std "Lending income (bps of AUM)"

. label variable marketing_fee_bps_std "Marketing expense (bps)"

. label variable stock_tweets "Name recognition (Twitter msg.)"

. label variable tr_error_bps_std "Tracking error (bps)"

. label variable perf_drag_bps_std "Performance drag (bps)"

. label variable turnover_frac_std "ETF turnover"

. label variable net_expenses_std "Other net expenses"

. label variable stock_tweets_std "Stock tweets"

. 
. 
. gen tii_return=ratio_tii * logret_q_lag
(49 missing values generated)

. gen profit=aum*mer_bps

. gen log_pr=log(profit)
(2 missing values generated)

. 
. drop log_aum

. gen log_aum=log(aum)
(2 missing values generated)

. 
. label variable ratio_tii "Tax-insensitive investors (TII)"

. label variable logret_q_lag "Lagged ETF return"

. label variable tii_return "TII $\times$ Lagged ETF return"

. label variable mer_bps "MER"

. label variable spread_bps_crsp "Relative spread"

. label variable log_volume "Log dollar volume"

. label variable log_pr "Log profit"

. label variable mkt_share "Market share"

. label variable log_aum "Log AUM"

. 
. 
. 
. reghdfe mer_bps highfee stock_tweets log_aum_index_std lend_byaum_bps_std mar
> keting_fee_bps_std net_expenses_std tr_error_bps_std perf_drag_bps_std d_uit 
> ratio_tii logret_q_lag tii_return, absorb(index quarter) vce(cl ticker quarte
> r)
(MWFE estimator converged in 5 iterations)
Warning: VCV matrix was non-positive semi-definite; adjustment from Cameron, Ge
> lbach & Miller applied.
warning: missing F statistic; dropped variables due to collinearity or too few 
> clusters

HDFE Linear regression                            Number of obs   =      1,703
Absorbing 2 HDFE groups                           F(  12,     19) =          .
Statistics robust to heteroskedasticity           Prob > F        =          .
                                                  R-squared       =     0.8974
                                                  Adj R-squared   =     0.8924
Number of clusters (ticker)  =        104         Within R-sq.    =     0.6019
Number of clusters (quarter) =         20         Root MSE        =     6.1438

                        (Std. err. adjusted for 20 clusters in ticker quarter)
------------------------------------------------------------------------------
             |               Robust
     mer_bps | Coefficient  std. err.      t    P>|t|     [95% conf. interval]
-------------+----------------------------------------------------------------
     highfee |   10.94778   1.279792     8.55   0.000     8.269145    13.62642
stock_tweets |  -.4040258   .3247184    -1.24   0.229    -1.083669    .2756176
log_aum_in~d |  -.0491782   .1749432    -0.28   0.782    -.4153384     .316982
lend_byaum~d |   1.445866   .6394328     2.26   0.036     .1075177    2.784214
marketing_~d |  -3.353147   1.308423    -2.56   0.019    -6.091708   -.6145852
net_expens~d |   -.577342   1.446096    -0.40   0.694    -3.604056    2.449372
tr_error_b~d |   4.507675   1.256738     3.59   0.002     1.877291    7.138059
perf_drag_~d |   1.573978   .6794618     2.32   0.032     .1518477    2.996107
       d_uit |   2.468924   3.828274     0.64   0.527    -5.543746    10.48159
   ratio_tii |  -.0036443   .0160531    -0.23   0.823    -.0372438    .0299552
logret_q_lag |   1.830764   5.192792     0.35   0.728    -9.037874     12.6994
  tii_return |  -.0133318    .092855    -0.14   0.887    -.2076796    .1810159
       _cons |   20.21393   1.555858    12.99   0.000     16.95749    23.47038
------------------------------------------------------------------------------

Absorbed degrees of freedom:
-----------------------------------------------------+
 Absorbed FE | Categories  - Redundant  = Num. Coefs |
-------------+---------------------------------------|
    index_id |        49           0          49     |
     quarter |        20          20           0    *|
-----------------------------------------------------+
* = FE nested within cluster; treated as redundant for DoF computation

. outreg2 using "`directory'/output/table_4.tex", adjr2 replace tex tstat label
>   dec(2) tdec(2) eqdrop(/) keep(*)
/global/home/pc_mzoican/kpz_etfliquidity/output/table_4.tex
dir : seeout

. 
. reghdfe mkt_share highfee stock_tweets log_aum_index_std lend_byaum_bps_std m
> arketing_fee_bps_std net_expenses_std tr_error_bps_std perf_drag_bps_std d_ui
> t ratio_tii logret_q_lag tii_return, absorb(index quarter) vce(cl ticker quar
> ter)
(MWFE estimator converged in 5 iterations)
Warning: VCV matrix was non-positive semi-definite; adjustment from Cameron, Ge
> lbach & Miller applied.
warning: missing F statistic; dropped variables due to collinearity or too few 
> clusters

HDFE Linear regression                            Number of obs   =      1,703
Absorbing 2 HDFE groups                           F(  12,     19) =          .
Statistics robust to heteroskedasticity           Prob > F        =          .
                                                  R-squared       =     0.4378
                                                  Adj R-squared   =     0.4101
Number of clusters (ticker)  =        104         Within R-sq.    =     0.4344
Number of clusters (quarter) =         20         Root MSE        =     0.2589

                        (Std. err. adjusted for 20 clusters in ticker quarter)
------------------------------------------------------------------------------
             |               Robust
   mkt_share | Coefficient  std. err.      t    P>|t|     [95% conf. interval]
-------------+----------------------------------------------------------------
     highfee |   .3776701    .068923     5.48   0.000     .2334126    .5219277
stock_tweets |   .0156018   .0155229     1.01   0.327     -.016888    .0480915
log_aum_in~d |   .0271339   .0076964     3.53   0.002     .0110253    .0432426
lend_byaum~d |   .1177254   .0309989     3.80   0.001      .052844    .1826068
marketing_~d |  -.0881314   .0735486    -1.20   0.246    -.2420703    .0658074
net_expens~d |   .0126017   .0900528     0.14   0.890     -.175881    .2010845
tr_error_b~d |  -.0301595   .0263181    -1.15   0.266     -.085244     .024925
perf_drag_~d |  -.0189881   .0103659    -1.83   0.083    -.0406842    .0027081
       d_uit |  -.5065963   .1921212    -2.64   0.016    -.9087105    -.104482
   ratio_tii |  -.0006431   .0009226    -0.70   0.494    -.0025742    .0012879
logret_q_lag |   .2693387   .0307519     8.76   0.000     .2049742    .3337032
  tii_return |  -.0046044   .0005235    -8.79   0.000    -.0057001   -.0035086
       _cons |   .3728635   .0880714     4.23   0.000      .188528    .5571989
------------------------------------------------------------------------------

Absorbed degrees of freedom:
-----------------------------------------------------+
 Absorbed FE | Categories  - Redundant  = Num. Coefs |
-------------+---------------------------------------|
    index_id |        49           0          49     |
     quarter |        20          20           0    *|
-----------------------------------------------------+
* = FE nested within cluster; treated as redundant for DoF computation

. outreg2 using "`directory'/output/table_4.tex", adjr2 append tex tstat label 
>  dec(2) tdec(2) eqdrop(/) keep(*)
/global/home/pc_mzoican/kpz_etfliquidity/output/table_4.tex
dir : seeout

. 
. reghdfe spread_bps_crsp highfee stock_tweets log_aum_index_std lend_byaum_bps
> _std marketing_fee_bps_std net_expenses_std tr_error_bps_std perf_drag_bps_st
> d d_uit ratio_tii logret_q_lag tii_return, absorb(index quarter) vce(cl ticke
> r quarter)
(MWFE estimator converged in 5 iterations)
Warning: VCV matrix was non-positive semi-definite; adjustment from Cameron, Ge
> lbach & Miller applied.
warning: missing F statistic; dropped variables due to collinearity or too few 
> clusters

HDFE Linear regression                            Number of obs   =      1,703
Absorbing 2 HDFE groups                           F(  12,     19) =          .
Statistics robust to heteroskedasticity           Prob > F        =          .
                                                  R-squared       =     0.5833
                                                  Adj R-squared   =     0.5627
Number of clusters (ticker)  =        104         Within R-sq.    =     0.1925
Number of clusters (quarter) =         20         Root MSE        =     6.6035

                        (Std. err. adjusted for 20 clusters in ticker quarter)
------------------------------------------------------------------------------
             |               Robust
spread_bps~p | Coefficient  std. err.      t    P>|t|     [95% conf. interval]
-------------+----------------------------------------------------------------
     highfee |  -3.141165   .8947754    -3.51   0.002    -5.013951   -1.268378
stock_tweets |  -.2797755    .135986    -2.06   0.054    -.5643974    .0048464
log_aum_in~d |  -3.798618   1.607164    -2.36   0.029    -7.162452   -.4347846
lend_byaum~d |   -2.07834   .4005643    -5.19   0.000     -2.91673   -1.239949
marketing_~d |   .8967083   .8837882     1.01   0.323    -.9530816    2.746498
net_expens~d |  -1.154845   .7343219    -1.57   0.132    -2.691799    .3821082
tr_error_b~d |  -1.488432   .6594617    -2.26   0.036    -2.868701   -.1081627
perf_drag_~d |  -.0643977   .3091562    -0.21   0.837    -.7114692    .5826737
       d_uit |   4.917001   1.573788     3.12   0.006     1.623024    8.210977
   ratio_tii |   .0076895   .0210484     0.37   0.719    -.0363652    .0517442
logret_q_lag |  -10.51803   8.205537    -1.28   0.215    -27.69242    6.656357
  tii_return |    .158699   .1112468     1.43   0.170    -.0741432    .3915411
       _cons |   7.244957   1.648251     4.40   0.000     3.795129    10.69479
------------------------------------------------------------------------------

Absorbed degrees of freedom:
-----------------------------------------------------+
 Absorbed FE | Categories  - Redundant  = Num. Coefs |
-------------+---------------------------------------|
    index_id |        49           0          49     |
     quarter |        20          20           0    *|
-----------------------------------------------------+
* = FE nested within cluster; treated as redundant for DoF computation

. outreg2 using "`directory'/output/table_4.tex", adjr2 append tex tstat label 
>  dec(2) tdec(2) eqdrop(/) keep(*)
/global/home/pc_mzoican/kpz_etfliquidity/output/table_4.tex
dir : seeout

. 
. reghdfe log_volume highfee stock_tweets log_aum_index_std lend_byaum_bps_std 
> marketing_fee_bps_std net_expenses_std tr_error_bps_std perf_drag_bps_std d_u
> it ratio_tii logret_q_lag tii_return, absorb(index quarter) vce(cl ticker qua
> rter)
(MWFE estimator converged in 5 iterations)
Warning: VCV matrix was non-positive semi-definite; adjustment from Cameron, Ge
> lbach & Miller applied.
warning: missing F statistic; dropped variables due to collinearity or too few 
> clusters

HDFE Linear regression                            Number of obs   =      1,703
Absorbing 2 HDFE groups                           F(  12,     19) =          .
Statistics robust to heteroskedasticity           Prob > F        =          .
                                                  R-squared       =     0.7366
                                                  Adj R-squared   =     0.7236
Number of clusters (ticker)  =        104         Within R-sq.    =     0.4509
Number of clusters (quarter) =         20         Root MSE        =     1.3444

                        (Std. err. adjusted for 20 clusters in ticker quarter)
------------------------------------------------------------------------------
             |               Robust
  log_volume | Coefficient  std. err.      t    P>|t|     [95% conf. interval]
-------------+----------------------------------------------------------------
     highfee |   1.990575   .3002687     6.63   0.000     1.362106    2.619045
stock_tweets |   .0800854   .0597062     1.34   0.196    -.0448812    .2050519
log_aum_in~d |   1.567879   .0424341    36.95   0.000     1.479064    1.656695
lend_byaum~d |   .5227236   .1506002     3.47   0.003     .2075138    .8379333
marketing_~d |  -.1556235   .3471573    -0.45   0.659    -.8822321    .5709851
net_expens~d |   .1538811   .3867357     0.40   0.695    -.6555661    .9633283
tr_error_b~d |     .27325   .1541239     1.77   0.092     -.049335     .595835
perf_drag_~d |    .049107   .0547569     0.90   0.381    -.0655006    .1637145
       d_uit |  -.5875296   .7648579    -0.77   0.452    -2.188396    1.013336
   ratio_tii |   .0005472   .0048314     0.11   0.911    -.0095651    .0106594
logret_q_lag |  -1.452656   1.598675    -0.91   0.375    -4.798721    1.893409
  tii_return |   .0081669   .0200658     0.41   0.689    -.0338313    .0501652
       _cons |   16.44048    .443745    37.05   0.000     15.51171    17.36925
------------------------------------------------------------------------------

Absorbed degrees of freedom:
-----------------------------------------------------+
 Absorbed FE | Categories  - Redundant  = Num. Coefs |
-------------+---------------------------------------|
    index_id |        49           0          49     |
     quarter |        20          20           0    *|
-----------------------------------------------------+
* = FE nested within cluster; treated as redundant for DoF computation

. outreg2 using "`directory'/output/table_4.tex", adjr2 append tex tstat label 
>  dec(2) tdec(2) eqdrop(/) keep(*)
/global/home/pc_mzoican/kpz_etfliquidity/output/table_4.tex
dir : seeout

. 
. reghdfe turnover_frac highfee stock_tweets log_aum_index_std lend_byaum_bps_s
> td marketing_fee_bps_std net_expenses_std tr_error_bps_std perf_drag_bps_std 
> d_uit ratio_tii logret_q_lag tii_return, absorb(index quarter) vce(cl ticker 
> quarter)
(MWFE estimator converged in 5 iterations)
Warning: VCV matrix was non-positive semi-definite; adjustment from Cameron, Ge
> lbach & Miller applied.
warning: missing F statistic; dropped variables due to collinearity or too few 
> clusters

HDFE Linear regression                            Number of obs   =      1,701
Absorbing 2 HDFE groups                           F(  12,     19) =          .
Statistics robust to heteroskedasticity           Prob > F        =          .
                                                  R-squared       =     0.6321
                                                  Adj R-squared   =     0.6139
Number of clusters (ticker)  =        104         Within R-sq.    =     0.4067
Number of clusters (quarter) =         20         Root MSE        =     5.3747

                        (Std. err. adjusted for 20 clusters in ticker quarter)
------------------------------------------------------------------------------
             |               Robust
turnover_f~c | Coefficient  std. err.      t    P>|t|     [95% conf. interval]
-------------+----------------------------------------------------------------
     highfee |    5.45449   .9428018     5.79   0.000     3.481183    7.427797
stock_tweets |   1.513174   .3504873     4.32   0.000     .7795955    2.246752
log_aum_in~d |  -2.693261   1.323723    -2.03   0.056    -5.463846    .0773228
lend_byaum~d |   .2328097   .2698493     0.86   0.399    -.3319915    .7976108
marketing_~d |   3.131787   1.130462     2.77   0.012     .7657032    5.497871
net_expens~d |   2.714337    1.16178     2.34   0.031     .2827042    5.145971
tr_error_b~d |   2.675093   .6736726     3.97   0.001      1.26508    4.085106
perf_drag_~d |   .1705231   .1701906     1.00   0.329    -.1856899     .526736
       d_uit |  -.3148462   3.833033    -0.08   0.935    -8.337476    7.707783
   ratio_tii |   .0474814   .0144172     3.29   0.004     .0173059    .0776569
logret_q_lag |  -7.064472    5.48113    -1.29   0.213    -18.53661    4.407665
  tii_return |   .0566676   .0898341     0.63   0.536    -.1313573    .2446925
       _cons |  -.5812535   1.294922    -0.45   0.659    -3.291556    2.129049
------------------------------------------------------------------------------

Absorbed degrees of freedom:
-----------------------------------------------------+
 Absorbed FE | Categories  - Redundant  = Num. Coefs |
-------------+---------------------------------------|
    index_id |        49           0          49     |
     quarter |        20          20           0    *|
-----------------------------------------------------+
* = FE nested within cluster; treated as redundant for DoF computation

. outreg2 using "`directory'/output/table_4.tex", adjr2 append tex tstat label 
>  dec(2) tdec(2) eqdrop(/) keep(*)
/global/home/pc_mzoican/kpz_etfliquidity/output/table_4.tex
dir : seeout

. 
. reghdfe log_pr highfee stock_tweets log_aum_index_std lend_byaum_bps_std mark
> eting_fee_bps_std net_expenses_std tr_error_bps_std perf_drag_bps_std d_uit r
> atio_tii logret_q_lag tii_return, absorb(index quarter) vce(cl ticker quarter
> )
(MWFE estimator converged in 5 iterations)
Warning: VCV matrix was non-positive semi-definite; adjustment from Cameron, Ge
> lbach & Miller applied.
warning: missing F statistic; dropped variables due to collinearity or too few 
> clusters

HDFE Linear regression                            Number of obs   =      1,701
Absorbing 2 HDFE groups                           F(  12,     19) =          .
Statistics robust to heteroskedasticity           Prob > F        =          .
                                                  R-squared       =     0.7812
                                                  Adj R-squared   =     0.7704
Number of clusters (ticker)  =        104         Within R-sq.    =     0.5932
Number of clusters (quarter) =         20         Root MSE        =     0.9313

                        (Std. err. adjusted for 20 clusters in ticker quarter)
------------------------------------------------------------------------------
             |               Robust
      log_pr | Coefficient  std. err.      t    P>|t|     [95% conf. interval]
-------------+----------------------------------------------------------------
     highfee |   1.706859    .226965     7.52   0.000     1.231815    2.181902
stock_tweets |   .0064542   .0214155     0.30   0.766    -.0383688    .0512773
log_aum_in~d |   1.602297   .0819151    19.56   0.000     1.430846    1.773747
lend_byaum~d |   .5572588   .1051306     5.30   0.000     .3372179    .7772997
marketing_~d |  -.7821295   .2636305    -2.97   0.008    -1.333914   -.2303446
net_expens~d |  -.2420297    .311375    -0.78   0.447     -.893745    .4096855
tr_error_b~d |   .1582932   .1032084     1.53   0.142    -.0577244    .3743109
perf_drag_~d |   .0283799   .0382125     0.74   0.467    -.0515998    .1083596
       d_uit |  -.4852665   .3446135    -1.41   0.175    -1.206551    .2360179
   ratio_tii |  -.0040686   .0036732    -1.11   0.282    -.0117567    .0036196
logret_q_lag |   1.397407   .9437043     1.48   0.155     -.577789    3.372603
  tii_return |  -.0230332   .0119964    -1.92   0.070    -.0481418    .0020755
       _cons |    24.3743   .3476681    70.11   0.000     23.64662    25.10197
------------------------------------------------------------------------------

Absorbed degrees of freedom:
-----------------------------------------------------+
 Absorbed FE | Categories  - Redundant  = Num. Coefs |
-------------+---------------------------------------|
    index_id |        49           0          49     |
     quarter |        20          20           0    *|
-----------------------------------------------------+
* = FE nested within cluster; treated as redundant for DoF computation

. outreg2 using "`directory'/output/table_4.tex", adjr2 append tex tstat label 
>  dec(2) tdec(2) eqdrop(/) keep(*)
/global/home/pc_mzoican/kpz_etfliquidity/output/table_4.tex
dir : seeout

. 
. 
. 
. // Robustness
. reghdfe mer_bps highfee stock_tweets log_aum_index_std lend_byaum_bps_std mar
> keting_fee_bps_std net_expenses_std tr_error_bps_std perf_drag_bps_std d_uit 
> ratio_tii logret_q_lag tii_return if d_sameind==1, absorb(index quarter) vce(
> cl ticker quarter)
(MWFE estimator converged in 5 iterations)
Warning: VCV matrix was non-positive semi-definite; adjustment from Cameron, Ge
> lbach & Miller applied.
warning: missing F statistic; dropped variables due to collinearity or too few 
> clusters

HDFE Linear regression                            Number of obs   =        790
Absorbing 2 HDFE groups                           F(  12,     19) =          .
Statistics robust to heteroskedasticity           Prob > F        =          .
                                                  R-squared       =     0.9353
                                                  Adj R-squared   =     0.9307
Number of clusters (ticker)  =         49         Within R-sq.    =     0.7095
Number of clusters (quarter) =         20         Root MSE        =     3.2889

                        (Std. err. adjusted for 20 clusters in ticker quarter)
------------------------------------------------------------------------------
             |               Robust
     mer_bps | Coefficient  std. err.      t    P>|t|     [95% conf. interval]
-------------+----------------------------------------------------------------
     highfee |   8.404166   1.158042     7.26   0.000     5.980355    10.82798
stock_tweets |  -.1279393   .1345344    -0.95   0.354    -.4095231    .1536444
log_aum_in~d |   1.140573   .1061904    10.74   0.000     .9183137    1.362832
lend_byaum~d |   .7996571   .7048997     1.13   0.271    -.6757151    2.275029
marketing_~d |    4.93488   2.256428     2.19   0.041     .2121223    9.657638
net_expens~d |   6.144886    2.21917     2.77   0.012     1.500109    10.78966
tr_error_b~d |  -.7364834   .1098469    -6.70   0.000    -.9663957   -.5065712
perf_drag_~d |  -.1241048   .0966901    -1.28   0.215    -.3264796      .07827
       d_uit |   -3.15994   3.916639    -0.81   0.430    -11.35756    5.037679
   ratio_tii |   .0016357   .0097822     0.17   0.869    -.0188387    .0221101
logret_q_lag |  -3.093737   1.182533    -2.62   0.017    -5.568808   -.6186666
  tii_return |  -.0036275   .0147284    -0.25   0.808    -.0344545    .0271995
       _cons |   17.78775   .9664772    18.40   0.000     15.76489    19.81061
------------------------------------------------------------------------------

Absorbed degrees of freedom:
-----------------------------------------------------+
 Absorbed FE | Categories  - Redundant  = Num. Coefs |
-------------+---------------------------------------|
    index_id |        21           0          21     |
     quarter |        20          20           0    *|
-----------------------------------------------------+
* = FE nested within cluster; treated as redundant for DoF computation

. outreg2 using "`directory'/output/table_E1.tex", adjr2 replace tex tstat labe
> l  dec(2) tdec(2) eqdrop(/) keep(*)
/global/home/pc_mzoican/kpz_etfliquidity/output/table_E1.tex
dir : seeout

. 
. reghdfe mkt_share highfee stock_tweets log_aum_index_std lend_byaum_bps_std m
> arketing_fee_bps_std net_expenses_std tr_error_bps_std perf_drag_bps_std d_ui
> t ratio_tii logret_q_lag tii_return if d_sameind==1, absorb(index quarter) vc
> e(cl ticker quarter)
(MWFE estimator converged in 5 iterations)
Warning: VCV matrix was non-positive semi-definite; adjustment from Cameron, Ge
> lbach & Miller applied.
warning: missing F statistic; dropped variables due to collinearity or too few 
> clusters

HDFE Linear regression                            Number of obs   =        790
Absorbing 2 HDFE groups                           F(  12,     19) =          .
Statistics robust to heteroskedasticity           Prob > F        =          .
                                                  R-squared       =     0.7105
                                                  Adj R-squared   =     0.6901
Number of clusters (ticker)  =         49         Within R-sq.    =     0.7083
Number of clusters (quarter) =         20         Root MSE        =     0.2092

                        (Std. err. adjusted for 20 clusters in ticker quarter)
------------------------------------------------------------------------------
             |               Robust
   mkt_share | Coefficient  std. err.      t    P>|t|     [95% conf. interval]
-------------+----------------------------------------------------------------
     highfee |   .5672033   .0969863     5.85   0.000     .3642086     .770198
stock_tweets |   .0047248   .0093888     0.50   0.621    -.0149261    .0243757
log_aum_in~d |   .0264655   .0601462     0.44   0.665    -.0994219    .1523529
lend_byaum~d |   .2268849   .1306687     1.74   0.099    -.0466079    .5003776
marketing_~d |  -.2344027   .1125157    -2.08   0.051    -.4699007    .0010953
net_expens~d |  -.2101175   .0852049    -2.47   0.023    -.3884534   -.0317816
tr_error_b~d |  -.0679584   .0430908    -1.58   0.131    -.1581485    .0222316
perf_drag_~d |  -.0215599   .0207679    -1.04   0.312    -.0650275    .0219078
       d_uit |   -.393172   .1925873    -2.04   0.055    -.7962619    .0099179
   ratio_tii |  -.0011039   .0017361    -0.64   0.532    -.0047376    .0025299
logret_q_lag |  -.3404714   .1459439    -2.33   0.031    -.6459354   -.0350073
  tii_return |   .0029424   .0019499     1.51   0.148    -.0011388    .0070237
       _cons |   .2768397   .1659382     1.67   0.112    -.0704729    .6241522
------------------------------------------------------------------------------

Absorbed degrees of freedom:
-----------------------------------------------------+
 Absorbed FE | Categories  - Redundant  = Num. Coefs |
-------------+---------------------------------------|
    index_id |        21           0          21     |
     quarter |        20          20           0    *|
-----------------------------------------------------+
* = FE nested within cluster; treated as redundant for DoF computation

. outreg2 using "`directory'/output/table_E1.tex", adjr2 append tex tstat label
>   dec(2) tdec(2) eqdrop(/) keep(*)
/global/home/pc_mzoican/kpz_etfliquidity/output/table_E1.tex
dir : seeout

. 
. reghdfe spread_bps_crsp highfee stock_tweets log_aum_index_std lend_byaum_bps
> _std marketing_fee_bps_std net_expenses_std tr_error_bps_std perf_drag_bps_st
> d d_uit ratio_tii logret_q_lag tii_return if d_sameind==1, absorb(index quart
> er) vce(cl ticker quarter)
(MWFE estimator converged in 5 iterations)
Warning: VCV matrix was non-positive semi-definite; adjustment from Cameron, Ge
> lbach & Miller applied.
warning: missing F statistic; dropped variables due to collinearity or too few 
> clusters

HDFE Linear regression                            Number of obs   =        790
Absorbing 2 HDFE groups                           F(  12,     19) =          .
Statistics robust to heteroskedasticity           Prob > F        =          .
                                                  R-squared       =     0.6916
                                                  Adj R-squared   =     0.6698
Number of clusters (ticker)  =         49         Within R-sq.    =     0.2262
Number of clusters (quarter) =         20         Root MSE        =     5.5662

                        (Std. err. adjusted for 20 clusters in ticker quarter)
------------------------------------------------------------------------------
             |               Robust
spread_bps~p | Coefficient  std. err.      t    P>|t|     [95% conf. interval]
-------------+----------------------------------------------------------------
     highfee |  -3.983849   1.110786    -3.59   0.002     -6.30875   -1.658947
stock_tweets |  -.2850595   .0774227    -3.68   0.002    -.4471071   -.1230118
log_aum_in~d |  -11.68111   7.331038    -1.59   0.128    -27.02515    3.662926
lend_byaum~d |  -4.396565   1.663847    -2.64   0.016    -7.879036   -.9140936
marketing_~d |  -2.873575   1.052667    -2.73   0.013    -5.076833   -.6703161
net_expens~d |  -2.469749   .7689911    -3.21   0.005    -4.079266   -.8602322
tr_error_b~d |   5.060201   1.757657     2.88   0.010     1.381383    8.739019
perf_drag_~d |   1.485472   1.215185     1.22   0.236    -1.057938    4.028883
       d_uit |   6.436951   1.681013     3.83   0.001      2.91855    9.955352
   ratio_tii |  -.0022355   .0194073    -0.12   0.910    -.0428554    .0383844
logret_q_lag |    5.97723   5.275739     1.13   0.271    -5.065019    17.01948
  tii_return |   .0164448   .0751945     0.22   0.829    -.1409391    .1738287
       _cons |   9.717621   1.788934     5.43   0.000     5.973338     13.4619
------------------------------------------------------------------------------

Absorbed degrees of freedom:
-----------------------------------------------------+
 Absorbed FE | Categories  - Redundant  = Num. Coefs |
-------------+---------------------------------------|
    index_id |        21           0          21     |
     quarter |        20          20           0    *|
-----------------------------------------------------+
* = FE nested within cluster; treated as redundant for DoF computation

. outreg2 using "`directory'/output/table_E1.tex", adjr2 append tex tstat label
>   dec(2) tdec(2) eqdrop(/) keep(*)
/global/home/pc_mzoican/kpz_etfliquidity/output/table_E1.tex
dir : seeout

. 
. reghdfe log_volume highfee stock_tweets log_aum_index_std lend_byaum_bps_std 
> marketing_fee_bps_std net_expenses_std tr_error_bps_std perf_drag_bps_std d_u
> it ratio_tii logret_q_lag tii_return if d_sameind==1, absorb(index quarter) v
> ce(cl ticker quarter)
(MWFE estimator converged in 5 iterations)
Warning: VCV matrix was non-positive semi-definite; adjustment from Cameron, Ge
> lbach & Miller applied.
warning: missing F statistic; dropped variables due to collinearity or too few 
> clusters

HDFE Linear regression                            Number of obs   =        790
Absorbing 2 HDFE groups                           F(  12,     19) =          .
Statistics robust to heteroskedasticity           Prob > F        =          .
                                                  R-squared       =     0.8452
                                                  Adj R-squared   =     0.8343
Number of clusters (ticker)  =         49         Within R-sq.    =     0.5887
Number of clusters (quarter) =         20         Root MSE        =     1.0264

                        (Std. err. adjusted for 20 clusters in ticker quarter)
------------------------------------------------------------------------------
             |               Robust
  log_volume | Coefficient  std. err.      t    P>|t|     [95% conf. interval]
-------------+----------------------------------------------------------------
     highfee |   2.027307   .4404121     4.60   0.000     1.105514      2.9491
stock_tweets |   .0045644   .0289809     0.16   0.877    -.0560933    .0652222
log_aum_in~d |   1.574062    .430832     3.65   0.002     .6723202    2.475804
lend_byaum~d |    .443511   .4299249     1.03   0.315    -.4563322    1.343354
marketing_~d |  -1.252213     .57369    -2.18   0.042     -2.45296   -.0514659
net_expens~d |  -1.442953   .4698203    -3.07   0.006    -2.426298   -.4596076
tr_error_b~d |  -.2218336   .1870232    -1.19   0.250    -.6132777    .1696105
perf_drag_~d |  -.0986514   .0806606    -1.22   0.236    -.2674761    .0701732
       d_uit |   1.331992   .8102345     1.64   0.117    -.3638487    3.027832
   ratio_tii |  -.0053819   .0075302    -0.71   0.483    -.0211428     .010379
logret_q_lag |    -3.7377   1.834627    -2.04   0.056    -7.577617    .1022179
  tii_return |   .0462811   .0201822     2.29   0.033     .0040392     .088523
       _cons |   16.08628   .7411647    21.70   0.000     14.53501    17.63756
------------------------------------------------------------------------------

Absorbed degrees of freedom:
-----------------------------------------------------+
 Absorbed FE | Categories  - Redundant  = Num. Coefs |
-------------+---------------------------------------|
    index_id |        21           0          21     |
     quarter |        20          20           0    *|
-----------------------------------------------------+
* = FE nested within cluster; treated as redundant for DoF computation

. outreg2 using "`directory'/output/table_E1.tex", adjr2 append tex tstat label
>   dec(2) tdec(2) eqdrop(/) keep(*)
/global/home/pc_mzoican/kpz_etfliquidity/output/table_E1.tex
dir : seeout

. 
. reghdfe turnover_frac highfee stock_tweets log_aum_index_std lend_byaum_bps_s
> td marketing_fee_bps_std net_expenses_std tr_error_bps_std perf_drag_bps_std 
> d_uit ratio_tii logret_q_lag tii_return if d_sameind==1, absorb(index quarter
> ) vce(cl ticker quarter)
(MWFE estimator converged in 5 iterations)
Warning: VCV matrix was non-positive semi-definite; adjustment from Cameron, Ge
> lbach & Miller applied.
warning: missing F statistic; dropped variables due to collinearity or too few 
> clusters

HDFE Linear regression                            Number of obs   =        789
Absorbing 2 HDFE groups                           F(  12,     19) =          .
Statistics robust to heteroskedasticity           Prob > F        =          .
                                                  R-squared       =     0.7127
                                                  Adj R-squared   =     0.6924
Number of clusters (ticker)  =         49         Within R-sq.    =     0.4797
Number of clusters (quarter) =         20         Root MSE        =     3.2715

                        (Std. err. adjusted for 20 clusters in ticker quarter)
------------------------------------------------------------------------------
             |               Robust
turnover_f~c | Coefficient  std. err.      t    P>|t|     [95% conf. interval]
-------------+----------------------------------------------------------------
     highfee |   1.613792   .9019338     1.79   0.090    -.2739772    3.501561
stock_tweets |   1.307457   .3495069     3.74   0.001     .5759311    2.038984
log_aum_in~d |  -.2591948   .7864388    -0.33   0.745     -1.90523     1.38684
lend_byaum~d |   .5651489   .5684873     0.99   0.333    -.6247087    1.755007
marketing_~d |  -1.058092   .9417136    -1.12   0.275    -3.029122    .9129368
net_expens~d |    -1.9353   1.108272    -1.75   0.097    -4.254939    .3843402
tr_error_b~d |  -.0653315   .4488514    -0.15   0.886    -1.004788    .8741253
perf_drag_~d |  -.4543003   .2440649    -1.86   0.078    -.9651341    .0565335
       d_uit |   9.279843   2.402173     3.86   0.001     4.252037    14.30765
   ratio_tii |   .0078305   .0069377     1.13   0.273    -.0066904    .0223513
logret_q_lag |  -10.55364   6.701684    -1.57   0.132    -24.58043    3.473142
  tii_return |   .1344156   .0654568     2.05   0.054    -.0025871    .2714182
       _cons |     1.0152   .9607924     1.06   0.304    -.9957613    3.026162
------------------------------------------------------------------------------

Absorbed degrees of freedom:
-----------------------------------------------------+
 Absorbed FE | Categories  - Redundant  = Num. Coefs |
-------------+---------------------------------------|
    index_id |        21           0          21     |
     quarter |        20          20           0    *|
-----------------------------------------------------+
* = FE nested within cluster; treated as redundant for DoF computation

. outreg2 using "`directory'/output/table_E1.tex", adjr2 append tex tstat label
>   dec(2) tdec(2) eqdrop(/) keep(*)
/global/home/pc_mzoican/kpz_etfliquidity/output/table_E1.tex
dir : seeout

. 
. reghdfe log_pr highfee stock_tweets log_aum_index_std lend_byaum_bps_std mark
> eting_fee_bps_std net_expenses_std tr_error_bps_std perf_drag_bps_std d_uit r
> atio_tii logret_q_lag tii_return if d_sameind==1, absorb(index quarter) vce(c
> l ticker quarter)
(MWFE estimator converged in 5 iterations)
Warning: VCV matrix was non-positive semi-definite; adjustment from Cameron, Ge
> lbach & Miller applied.
warning: missing F statistic; dropped variables due to collinearity or too few 
> clusters

HDFE Linear regression                            Number of obs   =        789
Absorbing 2 HDFE groups                           F(  12,     19) =          .
Statistics robust to heteroskedasticity           Prob > F        =          .
                                                  R-squared       =     0.8558
                                                  Adj R-squared   =     0.8457
Number of clusters (ticker)  =         49         Within R-sq.    =     0.7405
Number of clusters (quarter) =         20         Root MSE        =     0.7567

                        (Std. err. adjusted for 20 clusters in ticker quarter)
------------------------------------------------------------------------------
             |               Robust
      log_pr | Coefficient  std. err.      t    P>|t|     [95% conf. interval]
-------------+----------------------------------------------------------------
     highfee |   2.198839   .3191339     6.89   0.000     1.530884    2.866794
stock_tweets |   -.025245   .0176877    -1.43   0.170    -.0622659    .0117758
log_aum_in~d |   1.615155   .2367197     6.82   0.000     1.119695    2.110615
lend_byaum~d |   .5089952   .4621628     1.10   0.285    -.4583226    1.476313
marketing_~d |  -1.059284   .3904393    -2.71   0.014    -1.876483   -.2420851
net_expens~d |  -.9344272   .3020511    -3.09   0.006    -1.566627    -.302227
tr_error_b~d |  -.2405883   .1573107    -1.53   0.143    -.5698434    .0886667
perf_drag_~d |  -.0682896   .0619245    -1.10   0.284    -.1978991    .0613199
       d_uit |  -.1302173   .5627784    -0.23   0.819    -1.308126    1.047691
   ratio_tii |  -.0061986   .0060543    -1.02   0.319    -.0188704    .0064732
logret_q_lag |  -1.324765   .6077095    -2.18   0.042    -2.596716   -.0528146
  tii_return |   .0092288   .0084135     1.10   0.286    -.0083809    .0268385
       _cons |   23.97513   .5861731    40.90   0.000     22.74825      25.202
------------------------------------------------------------------------------

Absorbed degrees of freedom:
-----------------------------------------------------+
 Absorbed FE | Categories  - Redundant  = Num. Coefs |
-------------+---------------------------------------|
    index_id |        21           0          21     |
     quarter |        20          20           0    *|
-----------------------------------------------------+
* = FE nested within cluster; treated as redundant for DoF computation

. outreg2 using "`directory'/output/table_E1.tex", adjr2 append tex tstat label
>   dec(2) tdec(2) eqdrop(/) keep(*)
/global/home/pc_mzoican/kpz_etfliquidity/output/table_E1.tex
dir : seeout

. 
end of do-file
