
  ___  ____  ____  ____  ____ ®
 /__    /   ____/   /   ____/      18.0
___/   /   /___/   /   /___/       MP—Parallel Edition

 Statistics and Data Science       Copyright 1985-2023 StataCorp LLC
                                   StataCorp
                                   4905 Lakeway Drive
                                   College Station, Texas 77845 USA
                                   800-STATA-PC        https://www.stata.com
                                   979-696-4600        stata@stata.com

Stata license: 5-user 32-core network perpetual
Serial number: 501806221992
  Licensed to: Nathaniel Baum−Snow
               University of Toronto

Notes:
      1. Stata is running in batch mode.
      2. Unicode is supported; see help unicode_advice.
      3. More than 2 billion observations are allowed; see help obs_advice.
      4. Maximum number of variables is set to 5,000 but can be increased;
          see help set_maxvar.

. do table_7 

. 
. // Table 3 - Investor holding duration and ETF fees
. // -------------------------------------
. 
. // Load data
. // -------------------------------------
. clear all

. set more off

. 
. cd ..
/global/home/pc_mzoican/kpz_etfliquidity

. local directory : pwd

. display "`working_dir'"


. import delimited "`directory'/data/etf_panel_processed.csv"
(encoding automatically selected: ISO-8859-1)
(94 vars, 1,752 obs)

. 
. 
. // // Label variables
. // // ---------------------------------
. 
. drop spread_bps_crsp

. gen spread_bps_crsp=10000*quotedspread_percent_tw 

. 
. egen time_existence_std=std(time_existence)

. egen time_since_first_std=std(time_since_first)
(33 missing values generated)

. egen log_aum_index_std=std(log_aum_index)

. egen lend_byaum_bps_std=std(lend_byaum_bps)

. egen marketing_fee_bps_std=std(marketing_fee_bps)

. egen tr_error_bps_std=std(tr_error_bps)

. egen perf_drag_bps_std=std(perf_drag_bps)

. egen turnover_frac_std=std(turnover_frac)
(2 missing values generated)

. gen  net_expense_mer=other_expense-marketing_fee_bps/100+fee_waiver

. egen net_expenses_std=std(net_expense_mer)

. egen stock_tweets_std=std(stock_tweets)

. egen ratio_tii_std = std(ratio_tii)
(49 missing values generated)

. egen creation_fee_std=std(creation_fee)

. 
. gen major_brand_index=1-d_ownindex

. gen different_benchmarks=1-same_benchmark

. gen different_lead_mm=1-same_lead_mm

. 
. label variable mgr_duration "Investor holding duration"

. label variable highfee "High MER"

. label variable time_existence_std "ETF age (quarters)"

. label variable time_since_first_std "Time since first position"

. label variable log_aum_index_std "Log index AUM"

. label variable d_uit "Unit investment trust"

. label variable lend_byaum_bps_std "Lending income (bps of AUM)"

. label variable marketing_fee_bps_std "Marketing expense (bps)"

. label variable stock_tweets "Name recognition (Twitter msg.)"

. label variable tr_error_bps_std "Tracking error (bps)"

. label variable perf_drag_bps_std "Performance drag (bps)"

. label variable turnover_frac_std "ETF turnover"

. label variable net_expenses_std "Other net expenses"

. label variable stock_tweets_std "Stock tweets"

. 
. 
. label variable mkt_share "Market share"

. label variable spread_bps_crsp "Relative spread"

. label variable mer_bps "MER"

. label variable logret_q_lag "Lagged return"

. label variable ratio_tii_std "Tax-insensitive investors"

. 
. label variable same_benchmark "Same benchmark"

. label variable same_lead_mm "Same lead market-maker"

. label variable major_brand_index "Major brand index"

. label variable different_benchmarks "Different benchmarks"

. label variable different_lead_mm "Different lead market-maker"

. 
. 
. gen firstmover_diffbench=firstmover * different_benchmarks

. gen firstmover_majorindex= firstmover * major_brand_index

. gen firstmover_diffleadmm = firstmover * different_lead_mm

. 
. label variable firstmover "First mover"

. label variable firstmover_majorindex "First mover $\times$ Major brand index"

. label variable firstmover_diffbench "First mover $\times$ Different benchmark
> s"

. label variable firstmover_diffleadmm "First mover $\times$ Different lead mar
> ket-maker"

. 
. reghdfe highfee firstmover, absorb(index_id quarter) vce(cl ticker quarter)
(MWFE estimator converged in 5 iterations)

HDFE Linear regression                            Number of obs   =      1,752
Absorbing 2 HDFE groups                           F(   1,     19) =      58.23
Statistics robust to heteroskedasticity           Prob > F        =     0.0000
                                                  R-squared       =     0.3724
                                                  Adj R-squared   =     0.3466
Number of clusters (ticker)  =        105         Within R-sq.    =     0.3724
Number of clusters (quarter) =         20         Root MSE        =     0.4043

                        (Std. err. adjusted for 20 clusters in ticker quarter)
------------------------------------------------------------------------------
             |               Robust
     highfee | Coefficient  std. err.      t    P>|t|     [95% conf. interval]
-------------+----------------------------------------------------------------
  firstmover |   .6154814   .0806586     7.63   0.000      .446661    .7843018
       _cons |   .2006905   .0554979     3.62   0.002      .084532    .3168491
------------------------------------------------------------------------------

Absorbed degrees of freedom:
-----------------------------------------------------+
 Absorbed FE | Categories  - Redundant  = Num. Coefs |
-------------+---------------------------------------|
    index_id |        49           0          49     |
     quarter |        20          20           0    *|
-----------------------------------------------------+
* = FE nested within cluster; treated as redundant for DoF computation

. outreg2 using "`directory'/output/table_7.tex", adjr2 replace tex tstat label
>   dec(2) tdec(2) eqdrop(/) keep(*)
/global/home/pc_mzoican/kpz_etfliquidity/output/table_7.tex
dir : seeout

. 
. reghdfe highfee firstmover marketing_fee_bps_std net_expenses_std stock_tweet
> s lend_byaum_bps_std tr_error_bps_std creation_fee_std perf_drag_bps_std diff
> erent_benchmarks different_lead_mm ratio_tii_std, absorb(index_id quarter) vc
> e(cl ticker quarter)
(MWFE estimator converged in 5 iterations)
Warning: VCV matrix was non-positive semi-definite; adjustment from Cameron, Ge
> lbach & Miller applied.
warning: missing F statistic; dropped variables due to collinearity or too few 
> clusters

HDFE Linear regression                            Number of obs   =      1,703
Absorbing 2 HDFE groups                           F(  11,     19) =          .
Statistics robust to heteroskedasticity           Prob > F        =          .
                                                  R-squared       =     0.4714
                                                  Adj R-squared   =     0.4456
Number of clusters (ticker)  =        104         Within R-sq.    =     0.4663
Number of clusters (quarter) =         20         Root MSE        =     0.3724

                        (Std. err. adjusted for 20 clusters in ticker quarter)
------------------------------------------------------------------------------
             |               Robust
     highfee | Coefficient  std. err.      t    P>|t|     [95% conf. interval]
-------------+----------------------------------------------------------------
  firstmover |   .5678135    .103432     5.49   0.000     .3513277    .7842992
marketing_~d |   .1362679    .102424     1.33   0.199    -.0781079    .3506438
net_expens~d |   .1463265   .1056918     1.38   0.182    -.0748889    .3675419
stock_tweets |   .0151918   .0072408     2.10   0.050     .0000366    .0303471
lend_byaum~d |  -.0590803   .0667004    -0.89   0.387    -.1986858    .0805252
tr_error_b~d |   .0662316   .0258218     2.56   0.019      .012186    .1202772
creation_f~d |   .2425179   .0878066     2.76   0.012     .0587365    .4262993
perf_drag_~d |   .0061213    .006459     0.95   0.355    -.0073976    .0196402
different_~s |  -.4034712   .0478262    -8.44   0.000    -.5035725   -.3033699
different_~m |   .0058489   .0160443     0.36   0.719    -.0277321    .0394299
ratio_tii_~d |   .0210229   .0239575     0.88   0.391    -.0291208    .0711666
       _cons |   .4427962   .0356374    12.43   0.000     .3682063     .517386
------------------------------------------------------------------------------

Absorbed degrees of freedom:
-----------------------------------------------------+
 Absorbed FE | Categories  - Redundant  = Num. Coefs |
-------------+---------------------------------------|
    index_id |        49           0          49     |
     quarter |        20          20           0    *|
-----------------------------------------------------+
* = FE nested within cluster; treated as redundant for DoF computation

. outreg2 using "`directory'/output/table_7.tex", adjr2 append tex tstat label 
>  dec(2) tdec(2) eqdrop(/) keep(*)
/global/home/pc_mzoican/kpz_etfliquidity/output/table_7.tex
dir : seeout

. 
. reghdfe highfee firstmover firstmover_diffbench marketing_fee_bps_std net_exp
> enses_std stock_tweets lend_byaum_bps_std tr_error_bps_std creation_fee_std p
> erf_drag_bps_std different_benchmarks different_lead_mm ratio_tii_std, absorb
> (index_id quarter) vce(cl ticker quarter)
(MWFE estimator converged in 5 iterations)
Warning: VCV matrix was non-positive semi-definite; adjustment from Cameron, Ge
> lbach & Miller applied.
warning: missing F statistic; dropped variables due to collinearity or too few 
> clusters

HDFE Linear regression                            Number of obs   =      1,703
Absorbing 2 HDFE groups                           F(  12,     19) =          .
Statistics robust to heteroskedasticity           Prob > F        =          .
                                                  R-squared       =     0.4721
                                                  Adj R-squared   =     0.4461
Number of clusters (ticker)  =        104         Within R-sq.    =     0.4671
Number of clusters (quarter) =         20         Root MSE        =     0.3722

                        (Std. err. adjusted for 20 clusters in ticker quarter)
------------------------------------------------------------------------------
             |               Robust
     highfee | Coefficient  std. err.      t    P>|t|     [95% conf. interval]
-------------+----------------------------------------------------------------
  firstmover |   .5985671   .1329018     4.50   0.000     .3204005    .8767337
firstmover~h |  -.0645304   .1784228    -0.36   0.722    -.4379736    .3089127
marketing_~d |   .1514621   .1086114     1.39   0.179    -.0758641    .3787882
net_expens~d |   .1601586   .1057178     1.51   0.146    -.0611112    .3814284
stock_tweets |   .0132781   .0084341     1.57   0.132    -.0043747     .030931
lend_byaum~d |  -.0560908   .0678413    -0.83   0.419    -.1980842    .0859026
tr_error_b~d |    .074271   .0318793     2.33   0.031     .0075469    .1409951
creation_f~d |   .2400872   .0862182     2.78   0.012     .0596304    .4205439
perf_drag_~d |   .0087392   .0045551     1.92   0.070    -.0007947    .0182731
different_~s |  -.3814646   .0531742    -7.17   0.000    -.4927594   -.2701697
different_~m |   .0049514   .0158176     0.31   0.758    -.0281552     .038058
ratio_tii_~d |   .0233559    .025633     0.91   0.374    -.0302947    .0770064
       _cons |   .4343116   .0347566    12.50   0.000     .3615652    .5070579
------------------------------------------------------------------------------

Absorbed degrees of freedom:
-----------------------------------------------------+
 Absorbed FE | Categories  - Redundant  = Num. Coefs |
-------------+---------------------------------------|
    index_id |        49           0          49     |
     quarter |        20          20           0    *|
-----------------------------------------------------+
* = FE nested within cluster; treated as redundant for DoF computation

. outreg2 using "`directory'/output/table_7.tex", adjr2 append tex tstat label 
>  dec(2) tdec(2) eqdrop(/) keep(*)
/global/home/pc_mzoican/kpz_etfliquidity/output/table_7.tex
dir : seeout

. 
. reghdfe highfee firstmover firstmover_majorindex marketing_fee_bps_std net_ex
> penses_std stock_tweets lend_byaum_bps_std tr_error_bps_std creation_fee_std 
> perf_drag_bps_std different_benchmarks  different_lead_mm ratio_tii_std, abso
> rb(index_id quarter) vce(cl ticker quarter)
(MWFE estimator converged in 5 iterations)
Warning: VCV matrix was non-positive semi-definite; adjustment from Cameron, Ge
> lbach & Miller applied.
warning: missing F statistic; dropped variables due to collinearity or too few 
> clusters

HDFE Linear regression                            Number of obs   =      1,703
Absorbing 2 HDFE groups                           F(  12,     19) =          .
Statistics robust to heteroskedasticity           Prob > F        =          .
                                                  R-squared       =     0.4717
                                                  Adj R-squared   =     0.4456
Number of clusters (ticker)  =        104         Within R-sq.    =     0.4667
Number of clusters (quarter) =         20         Root MSE        =     0.3724

                        (Std. err. adjusted for 20 clusters in ticker quarter)
------------------------------------------------------------------------------
             |               Robust
     highfee | Coefficient  std. err.      t    P>|t|     [95% conf. interval]
-------------+----------------------------------------------------------------
  firstmover |   .5341702   .2073493     2.58   0.019     .1001831    .9681572
firstmover~x |   .0482479   .2493074     0.19   0.849    -.4735585    .5700542
marketing_~d |   .1497127   .1526125     0.98   0.339     -.169709    .4691344
net_expens~d |   .1576347   .1418252     1.11   0.280    -.1392088    .4544782
stock_tweets |   .0139796   .0100916     1.39   0.182    -.0071424    .0351017
lend_byaum~d |  -.0622693   .0642688    -0.97   0.345    -.1967855    .0722469
tr_error_b~d |   .0644263   .0284772     2.26   0.036     .0048227    .1240298
creation_f~d |   .2460655   .0906964     2.71   0.014     .0562359    .4358952
perf_drag_~d |   .0058182   .0072751     0.80   0.434    -.0094088    .0210453
different_~s |  -.4045521   .0492806    -8.21   0.000    -.5076976   -.3014066
different_~m |   .0058037   .0157185     0.37   0.716    -.0270955     .038703
ratio_tii_~d |   .0228758   .0253627     0.90   0.378     -.030209    .0759606
       _cons |   .4438349   .0367201    12.09   0.000     .3669788    .5206911
------------------------------------------------------------------------------

Absorbed degrees of freedom:
-----------------------------------------------------+
 Absorbed FE | Categories  - Redundant  = Num. Coefs |
-------------+---------------------------------------|
    index_id |        49           0          49     |
     quarter |        20          20           0    *|
-----------------------------------------------------+
* = FE nested within cluster; treated as redundant for DoF computation

. outreg2 using "`directory'/output/table_7.tex", adjr2 append tex tstat label 
>  dec(2) tdec(2) eqdrop(/) keep(*)
/global/home/pc_mzoican/kpz_etfliquidity/output/table_7.tex
dir : seeout

. 
. reghdfe highfee firstmover firstmover_diffleadmm marketing_fee_bps_std net_ex
> penses_std stock_tweets lend_byaum_bps_std tr_error_bps_std creation_fee_std 
> perf_drag_bps_std different_benchmarks  different_lead_mm ratio_tii_std, abso
> rb(index_id quarter) vce(cl ticker quarter)
(MWFE estimator converged in 5 iterations)
Warning: VCV matrix was non-positive semi-definite; adjustment from Cameron, Ge
> lbach & Miller applied.
warning: missing F statistic; dropped variables due to collinearity or too few 
> clusters

HDFE Linear regression                            Number of obs   =      1,703
Absorbing 2 HDFE groups                           F(  12,     19) =          .
Statistics robust to heteroskedasticity           Prob > F        =          .
                                                  R-squared       =     0.4755
                                                  Adj R-squared   =     0.4496
Number of clusters (ticker)  =        104         Within R-sq.    =     0.4705
Number of clusters (quarter) =         20         Root MSE        =     0.3710

                        (Std. err. adjusted for 20 clusters in ticker quarter)
------------------------------------------------------------------------------
             |               Robust
     highfee | Coefficient  std. err.      t    P>|t|     [95% conf. interval]
-------------+----------------------------------------------------------------
  firstmover |   .4371675   .1783044     2.45   0.024     .0639721    .8103629
firstmover~m |    .168157   .1681215     1.00   0.330    -.1837253    .5200393
marketing_~d |   .1413431   .1031931     1.37   0.187    -.0746425    .3573288
net_expens~d |   .1432285   .1026987     1.39   0.179    -.0717224    .3581794
stock_tweets |   .0258787   .0152632     1.70   0.106    -.0060676    .0578251
lend_byaum~d |  -.0466784   .0704839    -0.66   0.516    -.1942029     .100846
tr_error_b~d |    .069681   .0261185     2.67   0.015     .0150144    .1243477
creation_f~d |   .2279297   .0876589     2.60   0.018     .0444576    .4114019
perf_drag_~d |   .0061959   .0066341     0.93   0.362    -.0076894    .0200811
different_~s |  -.3767318   .0668318    -5.64   0.000    -.5166124   -.2368511
different_~m |  -.0766172   .0859378    -0.89   0.384    -.2564871    .1032528
ratio_tii_~d |   .0220063    .023083     0.95   0.352    -.0263071    .0703196
       _cons |   .4917789   .0606389     8.11   0.000     .3648603    .6186974
------------------------------------------------------------------------------

Absorbed degrees of freedom:
-----------------------------------------------------+
 Absorbed FE | Categories  - Redundant  = Num. Coefs |
-------------+---------------------------------------|
    index_id |        49           0          49     |
     quarter |        20          20           0    *|
-----------------------------------------------------+
* = FE nested within cluster; treated as redundant for DoF computation

. outreg2 using "`directory'/output/table_7.tex", adjr2 append tex tstat label 
>  dec(2) tdec(2) eqdrop(/) keep(*)
/global/home/pc_mzoican/kpz_etfliquidity/output/table_7.tex
dir : seeout

. 
end of do-file
