
  ___  ____  ____  ____  ____ ®
 /__    /   ____/   /   ____/      18.0
___/   /   /___/   /   /___/       MP—Parallel Edition

 Statistics and Data Science       Copyright 1985-2023 StataCorp LLC
                                   StataCorp
                                   4905 Lakeway Drive
                                   College Station, Texas 77845 USA
                                   800-STATA-PC        https://www.stata.com
                                   979-696-4600        stata@stata.com

Stata license: 5-user 32-core network perpetual
Serial number: 501806221992
  Licensed to: Nathaniel Baum−Snow
               University of Toronto

Notes:
      1. Stata is running in batch mode.
      2. Unicode is supported; see help unicode_advice.
      3. More than 2 billion observations are allowed; see help obs_advice.
      4. Maximum number of variables is set to 5,000 but can be increased;
          see help set_maxvar.

. do table_4 

. 
. // Table 4 - Main hypotheses
. // -------------------------------------
. 
. // Load data
. // -------------------------------------
. clear all

. set more off

. 
. cd ..
/global/home/pc_mzoican/kpz_etfliquidity

. local directory : pwd

. display "`working_dir'"


. import delimited "`directory'/data/etf_panel_processed.csv"
(encoding automatically selected: ISO-8859-1)
(71 vars, 1,752 obs)

. 
. 
. // // Label variables
. // // ---------------------------------
. 
. egen time_existence_std=std(time_existence)

. egen time_since_first_std=std(time_since_first)
(56 missing values generated)

. egen log_aum_index_std=std(log_aum_index)

. egen lend_byaum_bps_std=std(lend_byaum_bps)

. egen marketing_fee_bps_std=std(marketing_fee_bps)

. egen tr_error_bps_std=std(tr_error_bps)

. egen perf_drag_bps_std=std(perf_drag_bps)

. egen turnover_frac_std=std(turnover_frac)
(2 missing values generated)

. gen  net_expense_mer=other_expense-marketing_fee_bps/100+fee_waiver

. egen net_expenses_std=std(net_expense_mer)

. egen stock_tweets_std=std(stock_tweets)

. 
. label variable mgr_duration "Investor holding duration"

. label variable highfee "High MER"

. label variable time_existence_std "ETF age (quarters)"

. label variable time_since_first_std "Time since first position"

. label variable log_aum_index_std "Log index AUM"

. label variable d_uit "Unit investment trust"

. label variable lend_byaum_bps_std "Lending income (bps of AUM)"

. label variable marketing_fee_bps_std "Marketing expense (bps)"

. label variable stock_tweets "Name recognition (Twitter msg.)"

. label variable tr_error_bps_std "Tracking error (bps)"

. label variable perf_drag_bps_std "Performance drag (bps)"

. label variable turnover_frac_std "ETF turnover"

. label variable net_expenses_std "Other net expenses"

. label variable stock_tweets_std "Stock tweets"

. 
. 
. gen tii_return=ratio_tii * logret_q_lag
(73 missing values generated)

. gen profit=aum*mer_bps

. gen log_pr=log(profit)
(2 missing values generated)

. 
. drop log_aum

. gen log_aum=log(aum)
(2 missing values generated)

. 
. label variable ratio_tii "Tax-insensitive investors (TII)"

. label variable logret_q_lag "Lagged ETF return"

. label variable tii_return "TII $\times$ Lagged ETF return"

. label variable mer_bps "MER"

. label variable spread_bps_crsp "Relative spread"

. label variable log_volume "Log dollar volume"

. label variable log_pr "Log profit"

. label variable mkt_share "Market share"

. label variable log_aum "Log AUM"

. 
. 
. 
. reghdfe mer_bps highfee stock_tweets log_aum_index_std lend_byaum_bps_std mar
> keting_fee_bps_std net_expenses_std tr_error_bps_std perf_drag_bps_std d_uit 
> ratio_tii logret_q_lag tii_return, absorb(index quarter) vce(cl ticker quarte
> r)
(MWFE estimator converged in 5 iterations)
Warning: VCV matrix was non-positive semi-definite; adjustment from Cameron, Ge
> lbach & Miller applied.
warning: missing F statistic; dropped variables due to collinearity or too few 
> clusters

HDFE Linear regression                            Number of obs   =      1,679
Absorbing 2 HDFE groups                           F(  12,     19) =          .
Statistics robust to heteroskedasticity           Prob > F        =          .
                                                  R-squared       =     0.8982
                                                  Adj R-squared   =     0.8931
Number of clusters (ticker)  =        104         Within R-sq.    =     0.6027
Number of clusters (quarter) =         20         Root MSE        =     6.1352

                        (Std. err. adjusted for 20 clusters in ticker quarter)
------------------------------------------------------------------------------
             |               Robust
     mer_bps | Coefficient  std. err.      t    P>|t|     [95% conf. interval]
-------------+----------------------------------------------------------------
     highfee |    11.0303   1.292747     8.53   0.000     8.324544    13.73605
stock_tweets |  -.4044929   .3221495    -1.26   0.224    -1.078759    .2697737
log_aum_in~d |   .0775826   .2190414     0.35   0.727    -.3808764    .5360416
lend_byaum~d |   1.512279   .6713631     2.25   0.036     .1071002    2.917458
marketing_~d |  -3.383151   1.299986    -2.60   0.017    -6.104053   -.6622496
net_expens~d |  -.4934203   1.445374    -0.34   0.737    -3.518623    2.531782
tr_error_b~d |   4.416749   1.246212     3.54   0.002     1.808398      7.0251
perf_drag_~d |   1.549884   .6758365     2.29   0.033     .1353419    2.964426
       d_uit |   2.319535   3.791611     0.61   0.548    -5.616398    10.25547
   ratio_tii |  -.0044374   .0159356    -0.28   0.784    -.0377909    .0289161
logret_q_lag |   .1249216   2.497852     0.05   0.961    -5.103142    5.352985
  tii_return |   .0008048   .0669389     0.01   0.991       -.1393    .1409096
       _cons |   20.36512    1.55804    13.07   0.000     17.10411    23.62614
------------------------------------------------------------------------------

Absorbed degrees of freedom:
-----------------------------------------------------+
 Absorbed FE | Categories  - Redundant  = Num. Coefs |
-------------+---------------------------------------|
    index_id |        49           0          49     |
     quarter |        20          20           0    *|
-----------------------------------------------------+
* = FE nested within cluster; treated as redundant for DoF computation

. outreg2 using "`directory'/output/table_4.tex", adjr2 replace tex tstat label
>   dec(2) tdec(2) eqdrop(/) keep(*)
/global/home/pc_mzoican/kpz_etfliquidity/output/table_4.tex
dir : seeout

. 
. reghdfe mkt_share highfee stock_tweets log_aum_index_std lend_byaum_bps_std m
> arketing_fee_bps_std net_expenses_std tr_error_bps_std perf_drag_bps_std d_ui
> t ratio_tii logret_q_lag tii_return, absorb(index quarter) vce(cl ticker quar
> ter)
(MWFE estimator converged in 5 iterations)
Warning: VCV matrix was non-positive semi-definite; adjustment from Cameron, Ge
> lbach & Miller applied.
warning: missing F statistic; dropped variables due to collinearity or too few 
> clusters

HDFE Linear regression                            Number of obs   =      1,679
Absorbing 2 HDFE groups                           F(  12,     19) =          .
Statistics robust to heteroskedasticity           Prob > F        =          .
                                                  R-squared       =     0.4321
                                                  Adj R-squared   =     0.4037
Number of clusters (ticker)  =        104         Within R-sq.    =     0.4283
Number of clusters (quarter) =         20         Root MSE        =     0.2606

                        (Std. err. adjusted for 20 clusters in ticker quarter)
------------------------------------------------------------------------------
             |               Robust
   mkt_share | Coefficient  std. err.      t    P>|t|     [95% conf. interval]
-------------+----------------------------------------------------------------
     highfee |   .3776175   .0689106     5.48   0.000      .233386     .521849
stock_tweets |   .0155855   .0155355     1.00   0.328    -.0169307    .0481016
log_aum_in~d |   .0222431   .0075847     2.93   0.009     .0063681    .0381181
lend_byaum~d |   .1183002   .0313041     3.78   0.001       .05278    .1838205
marketing_~d |  -.0898971   .0740193    -1.21   0.239    -.2448214    .0650271
net_expens~d |   .0116183   .0901874     0.13   0.899    -.1771461    .2003826
tr_error_b~d |  -.0313305   .0263414    -1.19   0.249    -.0864638    .0238027
perf_drag_~d |  -.0195362   .0103663    -1.88   0.075    -.0412331    .0021608
       d_uit |   -.505426   .1923466    -2.63   0.017    -.9080121   -.1028399
   ratio_tii |  -.0006926   .0009056    -0.76   0.454    -.0025881    .0012029
logret_q_lag |    .202941   .0250023     8.12   0.000     .1506107    .2552713
  tii_return |  -.0037658   .0004088    -9.21   0.000    -.0046214   -.0029102
       _cons |   .3763594      .0865     4.35   0.000     .1953127    .5574061
------------------------------------------------------------------------------

Absorbed degrees of freedom:
-----------------------------------------------------+
 Absorbed FE | Categories  - Redundant  = Num. Coefs |
-------------+---------------------------------------|
    index_id |        49           0          49     |
     quarter |        20          20           0    *|
-----------------------------------------------------+
* = FE nested within cluster; treated as redundant for DoF computation

. outreg2 using "`directory'/output/table_4.tex", adjr2 append tex tstat label 
>  dec(2) tdec(2) eqdrop(/) keep(*)
/global/home/pc_mzoican/kpz_etfliquidity/output/table_4.tex
dir : seeout

. 
. reghdfe spread_bps_crsp highfee stock_tweets log_aum_index_std lend_byaum_bps
> _std marketing_fee_bps_std net_expenses_std tr_error_bps_std perf_drag_bps_st
> d d_uit ratio_tii logret_q_lag tii_return, absorb(index quarter) vce(cl ticke
> r quarter)
(MWFE estimator converged in 5 iterations)
Warning: VCV matrix was non-positive semi-definite; adjustment from Cameron, Ge
> lbach & Miller applied.
warning: missing F statistic; dropped variables due to collinearity or too few 
> clusters

HDFE Linear regression                            Number of obs   =      1,679
Absorbing 2 HDFE groups                           F(  12,     19) =          .
Statistics robust to heteroskedasticity           Prob > F        =          .
                                                  R-squared       =     0.5805
                                                  Adj R-squared   =     0.5595
Number of clusters (ticker)  =        104         Within R-sq.    =     0.1910
Number of clusters (quarter) =         20         Root MSE        =     6.5810

                        (Std. err. adjusted for 20 clusters in ticker quarter)
------------------------------------------------------------------------------
             |               Robust
spread_bps~p | Coefficient  std. err.      t    P>|t|     [95% conf. interval]
-------------+----------------------------------------------------------------
     highfee |  -3.183561   .9137047    -3.48   0.002    -5.095967   -1.271155
stock_tweets |   -.286541   .1629745    -1.76   0.095    -.6276507    .0545686
log_aum_in~d |  -3.726291   1.595945    -2.33   0.031    -7.066644    -.385939
lend_byaum~d |  -2.099897   .4198108    -5.00   0.000    -2.978571   -1.221222
marketing_~d |   .8852448   .8856879     1.00   0.330    -.9685214    2.739011
net_expens~d |  -1.241198   .7333081    -1.69   0.107    -2.776029    .2936338
tr_error_b~d |  -1.376582   .6341419    -2.17   0.043    -2.703857   -.0493082
perf_drag_~d |   -.022725   .2922589    -0.08   0.939    -.6344298    .5889799
       d_uit |   5.081453   1.599045     3.18   0.005     1.734613    8.428292
   ratio_tii |   .0155312   .0173346     0.90   0.381    -.0207505     .051813
logret_q_lag |   -7.41943   3.202113    -2.32   0.032    -14.12153   -.7173314
  tii_return |   .1287116   .0640576     2.01   0.059    -.0053625    .2627857
       _cons |   6.633685   1.313491     5.05   0.000     3.884517    9.382854
------------------------------------------------------------------------------

Absorbed degrees of freedom:
-----------------------------------------------------+
 Absorbed FE | Categories  - Redundant  = Num. Coefs |
-------------+---------------------------------------|
    index_id |        49           0          49     |
     quarter |        20          20           0    *|
-----------------------------------------------------+
* = FE nested within cluster; treated as redundant for DoF computation

. outreg2 using "`directory'/output/table_4.tex", adjr2 append tex tstat label 
>  dec(2) tdec(2) eqdrop(/) keep(*)
/global/home/pc_mzoican/kpz_etfliquidity/output/table_4.tex
dir : seeout

. 
. reghdfe log_volume highfee stock_tweets log_aum_index_std lend_byaum_bps_std 
> marketing_fee_bps_std net_expenses_std tr_error_bps_std perf_drag_bps_std d_u
> it ratio_tii logret_q_lag tii_return, absorb(index quarter) vce(cl ticker qua
> rter)
(MWFE estimator converged in 5 iterations)
Warning: VCV matrix was non-positive semi-definite; adjustment from Cameron, Ge
> lbach & Miller applied.
warning: missing F statistic; dropped variables due to collinearity or too few 
> clusters

HDFE Linear regression                            Number of obs   =      1,679
Absorbing 2 HDFE groups                           F(  12,     19) =          .
Statistics robust to heteroskedasticity           Prob > F        =          .
                                                  R-squared       =     0.7356
                                                  Adj R-squared   =     0.7223
Number of clusters (ticker)  =        104         Within R-sq.    =     0.4490
Number of clusters (quarter) =         20         Root MSE        =     1.3432

                        (Std. err. adjusted for 20 clusters in ticker quarter)
------------------------------------------------------------------------------
             |               Robust
  log_volume | Coefficient  std. err.      t    P>|t|     [95% conf. interval]
-------------+----------------------------------------------------------------
     highfee |   1.997647   .2988876     6.68   0.000     1.372068    2.623226
stock_tweets |   .0796142   .0598205     1.33   0.199    -.0455916    .2048199
log_aum_in~d |   1.535871    .043439    35.36   0.000     1.444952    1.626789
lend_byaum~d |   .5223386   .1505509     3.47   0.003     .2072321    .8374452
marketing_~d |  -.1881747   .3500697    -0.54   0.597    -.9208789    .5445295
net_expens~d |   .1377647   .3861652     0.36   0.725    -.6704883    .9460177
tr_error_b~d |   .2598668   .1504798     1.73   0.100    -.0550911    .5748247
perf_drag_~d |    .047271    .056561     0.84   0.414    -.0711126    .1656545
       d_uit |  -.5773246   .7637444    -0.76   0.459     -2.17586    1.021211
   ratio_tii |  -.0002931   .0047023    -0.06   0.951    -.0101351    .0095489
logret_q_lag |  -1.945721   1.133234    -1.72   0.102    -4.317607    .4261664
  tii_return |   .0146244   .0149696     0.98   0.341    -.0167073     .045956
       _cons |   16.49899   .4325541    38.14   0.000     15.59364    17.40433
------------------------------------------------------------------------------

Absorbed degrees of freedom:
-----------------------------------------------------+
 Absorbed FE | Categories  - Redundant  = Num. Coefs |
-------------+---------------------------------------|
    index_id |        49           0          49     |
     quarter |        20          20           0    *|
-----------------------------------------------------+
* = FE nested within cluster; treated as redundant for DoF computation

. outreg2 using "`directory'/output/table_4.tex", adjr2 append tex tstat label 
>  dec(2) tdec(2) eqdrop(/) keep(*)
/global/home/pc_mzoican/kpz_etfliquidity/output/table_4.tex
dir : seeout

. 
. reghdfe turnover_frac highfee stock_tweets log_aum_index_std lend_byaum_bps_s
> td marketing_fee_bps_std net_expenses_std tr_error_bps_std perf_drag_bps_std 
> d_uit ratio_tii logret_q_lag tii_return, absorb(index quarter) vce(cl ticker 
> quarter)
(MWFE estimator converged in 5 iterations)
Warning: VCV matrix was non-positive semi-definite; adjustment from Cameron, Ge
> lbach & Miller applied.
warning: missing F statistic; dropped variables due to collinearity or too few 
> clusters

HDFE Linear regression                            Number of obs   =      1,677
Absorbing 2 HDFE groups                           F(  12,     19) =          .
Statistics robust to heteroskedasticity           Prob > F        =          .
                                                  R-squared       =     0.6289
                                                  Adj R-squared   =     0.6103
Number of clusters (ticker)  =        104         Within R-sq.    =     0.4034
Number of clusters (quarter) =         20         Root MSE        =     5.3419

                        (Std. err. adjusted for 20 clusters in ticker quarter)
------------------------------------------------------------------------------
             |               Robust
turnover_f~c | Coefficient  std. err.      t    P>|t|     [95% conf. interval]
-------------+----------------------------------------------------------------
     highfee |   5.429805   .9420289     5.76   0.000     3.458116    7.401494
stock_tweets |   1.508889   .3495526     4.32   0.000     .7772666    2.240511
log_aum_in~d |  -2.706553   1.314414    -2.06   0.053    -5.457652     .044546
lend_byaum~d |   .2125942   .2614211     0.81   0.426    -.3345665    .7597549
marketing_~d |   2.957398    1.11807     2.65   0.016     .6172511    5.297545
net_expens~d |    2.58704   1.143471     2.26   0.036      .193727    4.980353
tr_error_b~d |   2.690056   .6800464     3.96   0.001     1.266703     4.11341
perf_drag_~d |   .1802328   .1569898     1.15   0.265    -.1483506    .5088162
       d_uit |  -.1530227   3.805326    -0.04   0.968    -8.117662    7.811617
   ratio_tii |   .0428786   .0142102     3.02   0.007     .0131364    .0726209
logret_q_lag |  -5.512052   5.721234    -0.96   0.347    -17.48673    6.462629
  tii_return |   .0427439   .0938502     0.46   0.654    -.1536868    .2391746
       _cons |  -.2680993   1.279709    -0.21   0.836    -2.946561    2.410362
------------------------------------------------------------------------------

Absorbed degrees of freedom:
-----------------------------------------------------+
 Absorbed FE | Categories  - Redundant  = Num. Coefs |
-------------+---------------------------------------|
    index_id |        49           0          49     |
     quarter |        20          20           0    *|
-----------------------------------------------------+
* = FE nested within cluster; treated as redundant for DoF computation

. outreg2 using "`directory'/output/table_4.tex", adjr2 append tex tstat label 
>  dec(2) tdec(2) eqdrop(/) keep(*)
/global/home/pc_mzoican/kpz_etfliquidity/output/table_4.tex
dir : seeout

. 
. reghdfe log_pr highfee stock_tweets log_aum_index_std lend_byaum_bps_std mark
> eting_fee_bps_std net_expenses_std tr_error_bps_std perf_drag_bps_std d_uit r
> atio_tii logret_q_lag tii_return, absorb(index quarter) vce(cl ticker quarter
> )
(MWFE estimator converged in 5 iterations)
Warning: VCV matrix was non-positive semi-definite; adjustment from Cameron, Ge
> lbach & Miller applied.
warning: missing F statistic; dropped variables due to collinearity or too few 
> clusters

HDFE Linear regression                            Number of obs   =      1,677
Absorbing 2 HDFE groups                           F(  12,     19) =          .
Statistics robust to heteroskedasticity           Prob > F        =          .
                                                  R-squared       =     0.7797
                                                  Adj R-squared   =     0.7687
Number of clusters (ticker)  =        104         Within R-sq.    =     0.5906
Number of clusters (quarter) =         20         Root MSE        =     0.9330

                        (Std. err. adjusted for 20 clusters in ticker quarter)
------------------------------------------------------------------------------
             |               Robust
      log_pr | Coefficient  std. err.      t    P>|t|     [95% conf. interval]
-------------+----------------------------------------------------------------
     highfee |   1.712958   .2259449     7.58   0.000      1.24005    2.185866
stock_tweets |   .0064632   .0217735     0.30   0.770    -.0391092    .0520356
log_aum_in~d |   1.586603   .0837938    18.93   0.000     1.411221    1.761986
lend_byaum~d |   .5611865   .1040825     5.39   0.000     .3433392    .7790337
marketing_~d |   -.789777   .2645572    -2.99   0.008    -1.343502   -.2360523
net_expens~d |  -.2400577   .3112015    -0.77   0.450    -.8914101    .4112946
tr_error_b~d |   .1485348   .1018958     1.46   0.161    -.0647355    .3618051
perf_drag_~d |   .0248661   .0425388     0.58   0.566    -.0641687     .113901
       d_uit |  -.4930449   .3473428    -1.42   0.172    -1.220042    .2339519
   ratio_tii |  -.0044302   .0035724    -1.24   0.230    -.0119073     .003047
logret_q_lag |   1.068944   .3602635     2.97   0.008     .3149036    1.822984
  tii_return |  -.0193239   .0059571    -3.24   0.004    -.0317922   -.0068556
       _cons |   24.40232   .3389201    72.00   0.000     23.69295    25.11169
------------------------------------------------------------------------------

Absorbed degrees of freedom:
-----------------------------------------------------+
 Absorbed FE | Categories  - Redundant  = Num. Coefs |
-------------+---------------------------------------|
    index_id |        49           0          49     |
     quarter |        20          20           0    *|
-----------------------------------------------------+
* = FE nested within cluster; treated as redundant for DoF computation

. outreg2 using "`directory'/output/table_4.tex", adjr2 append tex tstat label 
>  dec(2) tdec(2) eqdrop(/) keep(*)
/global/home/pc_mzoican/kpz_etfliquidity/output/table_4.tex
dir : seeout

. 
. 
. 
. // Robustness
. reghdfe mer_bps highfee stock_tweets log_aum_index_std lend_byaum_bps_std mar
> keting_fee_bps_std net_expenses_std tr_error_bps_std perf_drag_bps_std d_uit 
> ratio_tii logret_q_lag tii_return if d_sameind==1, absorb(index quarter) vce(
> cl ticker quarter)
(MWFE estimator converged in 5 iterations)
Warning: VCV matrix was non-positive semi-definite; adjustment from Cameron, Ge
> lbach & Miller applied.
warning: missing F statistic; dropped variables due to collinearity or too few 
> clusters

HDFE Linear regression                            Number of obs   =        780
Absorbing 2 HDFE groups                           F(  12,     19) =          .
Statistics robust to heteroskedasticity           Prob > F        =          .
                                                  R-squared       =     0.9372
                                                  Adj R-squared   =     0.9327
Number of clusters (ticker)  =         49         Within R-sq.    =     0.7124
Number of clusters (quarter) =         20         Root MSE        =     3.2436

                        (Std. err. adjusted for 20 clusters in ticker quarter)
------------------------------------------------------------------------------
             |               Robust
     mer_bps | Coefficient  std. err.      t    P>|t|     [95% conf. interval]
-------------+----------------------------------------------------------------
     highfee |   8.353985   1.135071     7.36   0.000     5.978254    10.72972
stock_tweets |  -.1358426   .1343521    -1.01   0.325    -.4170448    .1453597
log_aum_in~d |   .8037797   .1087162     7.39   0.000      .576234    1.031325
lend_byaum~d |   .9178199   .6427277     1.43   0.170    -.4274247    2.263064
marketing_~d |   4.876087   2.242188     2.17   0.042     .1831325    9.569041
net_expens~d |   6.081627    2.20951     2.75   0.013     1.457069    10.70619
tr_error_b~d |  -.7897773    .124844    -6.33   0.000    -1.051079   -.5284758
perf_drag_~d |  -.1817939   .1178986    -1.54   0.140    -.4285584    .0649707
       d_uit |  -2.976114   3.874612    -0.77   0.452    -11.08577    5.133543
   ratio_tii |   .0027695   .0097849     0.28   0.780    -.0177106    .0232496
logret_q_lag |  -1.945832   1.095872    -1.78   0.092    -4.239519    .3478546
  tii_return |  -.0258304    .012371    -2.09   0.051    -.0517232    .0000625
       _cons |   17.80354   .9562313    18.62   0.000     15.80213    19.80496
------------------------------------------------------------------------------

Absorbed degrees of freedom:
-----------------------------------------------------+
 Absorbed FE | Categories  - Redundant  = Num. Coefs |
-------------+---------------------------------------|
    index_id |        21           0          21     |
     quarter |        20          20           0    *|
-----------------------------------------------------+
* = FE nested within cluster; treated as redundant for DoF computation

. outreg2 using "`directory'/output/table_E1.tex", adjr2 replace tex tstat labe
> l  dec(2) tdec(2) eqdrop(/) keep(*)
/global/home/pc_mzoican/kpz_etfliquidity/output/table_E1.tex
dir : seeout

. 
. reghdfe mkt_share highfee stock_tweets log_aum_index_std lend_byaum_bps_std m
> arketing_fee_bps_std net_expenses_std tr_error_bps_std perf_drag_bps_std d_ui
> t ratio_tii logret_q_lag tii_return if d_sameind==1, absorb(index quarter) vc
> e(cl ticker quarter)
(MWFE estimator converged in 5 iterations)
Warning: VCV matrix was non-positive semi-definite; adjustment from Cameron, Ge
> lbach & Miller applied.
warning: missing F statistic; dropped variables due to collinearity or too few 
> clusters

HDFE Linear regression                            Number of obs   =        780
Absorbing 2 HDFE groups                           F(  12,     19) =          .
Statistics robust to heteroskedasticity           Prob > F        =          .
                                                  R-squared       =     0.7118
                                                  Adj R-squared   =     0.6911
Number of clusters (ticker)  =         49         Within R-sq.    =     0.7095
Number of clusters (quarter) =         20         Root MSE        =     0.2093

                        (Std. err. adjusted for 20 clusters in ticker quarter)
------------------------------------------------------------------------------
             |               Robust
   mkt_share | Coefficient  std. err.      t    P>|t|     [95% conf. interval]
-------------+----------------------------------------------------------------
     highfee |   .5708872   .0941198     6.07   0.000     .3738922    .7678822
stock_tweets |   .0045186   .0092896     0.49   0.632    -.0149247    .0239619
log_aum_in~d |   .0195629   .0646983     0.30   0.766    -.1158523     .154978
lend_byaum~d |   .2391274   .1272444     1.88   0.076    -.0271983     .505453
marketing_~d |   -.231634   .1121677    -2.07   0.053    -.4664036    .0031356
net_expens~d |  -.2096971   .0849151    -2.47   0.023    -.3874263   -.0319678
tr_error_b~d |  -.0687253   .0428213    -1.60   0.125    -.1583513    .0209007
perf_drag_~d |  -.0234952   .0209513    -1.12   0.276    -.0673468    .0203563
       d_uit |  -.3934141   .1900598    -2.07   0.052    -.7912137    .0043856
   ratio_tii |  -.0009797   .0017199    -0.57   0.576    -.0045794      .00262
logret_q_lag |  -.3628307   .1455778    -2.49   0.022    -.6675286   -.0581328
  tii_return |   .0033742   .0020681     1.63   0.119    -.0009545    .0077028
       _cons |   .2647601   .1629711     1.62   0.121    -.0763424    .6058626
------------------------------------------------------------------------------

Absorbed degrees of freedom:
-----------------------------------------------------+
 Absorbed FE | Categories  - Redundant  = Num. Coefs |
-------------+---------------------------------------|
    index_id |        21           0          21     |
     quarter |        20          20           0    *|
-----------------------------------------------------+
* = FE nested within cluster; treated as redundant for DoF computation

. outreg2 using "`directory'/output/table_E1.tex", adjr2 append tex tstat label
>   dec(2) tdec(2) eqdrop(/) keep(*)
/global/home/pc_mzoican/kpz_etfliquidity/output/table_E1.tex
dir : seeout

. 
. reghdfe spread_bps_crsp highfee stock_tweets log_aum_index_std lend_byaum_bps
> _std marketing_fee_bps_std net_expenses_std tr_error_bps_std perf_drag_bps_st
> d d_uit ratio_tii logret_q_lag tii_return if d_sameind==1, absorb(index quart
> er) vce(cl ticker quarter)
(MWFE estimator converged in 5 iterations)
Warning: VCV matrix was non-positive semi-definite; adjustment from Cameron, Ge
> lbach & Miller applied.
warning: missing F statistic; dropped variables due to collinearity or too few 
> clusters

HDFE Linear regression                            Number of obs   =        780
Absorbing 2 HDFE groups                           F(  12,     19) =          .
Statistics robust to heteroskedasticity           Prob > F        =          .
                                                  R-squared       =     0.6910
                                                  Adj R-squared   =     0.6689
Number of clusters (ticker)  =         49         Within R-sq.    =     0.2304
Number of clusters (quarter) =         20         Root MSE        =     5.5999

                        (Std. err. adjusted for 20 clusters in ticker quarter)
------------------------------------------------------------------------------
             |               Robust
spread_bps~p | Coefficient  std. err.      t    P>|t|     [95% conf. interval]
-------------+----------------------------------------------------------------
     highfee |  -4.014309   1.089734    -3.68   0.002    -6.295148    -1.73347
stock_tweets |  -.2808828   .0803179    -3.50   0.002    -.4489901   -.1127754
log_aum_in~d |  -11.65998   7.459917    -1.56   0.135    -27.27376    3.953811
lend_byaum~d |  -4.654154   1.631425    -2.85   0.010    -8.068766   -1.239541
marketing_~d |  -2.930678   1.064226    -2.75   0.013    -5.158129   -.7032261
net_expens~d |  -2.464647   .7630547    -3.23   0.004    -4.061739   -.8675551
tr_error_b~d |   5.097476   1.784606     2.86   0.010     1.362253    8.832699
perf_drag_~d |    1.53065   1.226982     1.25   0.227    -1.037453    4.098753
       d_uit |   6.380329   1.644434     3.88   0.001     2.938488     9.82217
   ratio_tii |  -.0038108    .019515    -0.20   0.847     -.044656    .0370345
logret_q_lag |   6.210355   5.618538     1.11   0.283     -5.54938    17.97009
  tii_return |   .0138883   .0821372     0.17   0.868    -.1580268    .1858034
       _cons |   9.883753   1.771435     5.58   0.000     6.176098    13.59141
------------------------------------------------------------------------------

Absorbed degrees of freedom:
-----------------------------------------------------+
 Absorbed FE | Categories  - Redundant  = Num. Coefs |
-------------+---------------------------------------|
    index_id |        21           0          21     |
     quarter |        20          20           0    *|
-----------------------------------------------------+
* = FE nested within cluster; treated as redundant for DoF computation

. outreg2 using "`directory'/output/table_E1.tex", adjr2 append tex tstat label
>   dec(2) tdec(2) eqdrop(/) keep(*)
/global/home/pc_mzoican/kpz_etfliquidity/output/table_E1.tex
dir : seeout

. 
. reghdfe log_volume highfee stock_tweets log_aum_index_std lend_byaum_bps_std 
> marketing_fee_bps_std net_expenses_std tr_error_bps_std perf_drag_bps_std d_u
> it ratio_tii logret_q_lag tii_return if d_sameind==1, absorb(index quarter) v
> ce(cl ticker quarter)
(MWFE estimator converged in 5 iterations)
Warning: VCV matrix was non-positive semi-definite; adjustment from Cameron, Ge
> lbach & Miller applied.
warning: missing F statistic; dropped variables due to collinearity or too few 
> clusters

HDFE Linear regression                            Number of obs   =        780
Absorbing 2 HDFE groups                           F(  12,     19) =          .
Statistics robust to heteroskedasticity           Prob > F        =          .
                                                  R-squared       =     0.8481
                                                  Adj R-squared   =     0.8372
Number of clusters (ticker)  =         49         Within R-sq.    =     0.5964
Number of clusters (quarter) =         20         Root MSE        =     1.0235

                        (Std. err. adjusted for 20 clusters in ticker quarter)
------------------------------------------------------------------------------
             |               Robust
  log_volume | Coefficient  std. err.      t    P>|t|     [95% conf. interval]
-------------+----------------------------------------------------------------
     highfee |   2.059238   .4289664     4.80   0.000     1.161401    2.957075
stock_tweets |   .0036822   .0285982     0.13   0.899    -.0561745    .0635389
log_aum_in~d |   1.514797   .4344928     3.49   0.002     .6053928    2.424201
lend_byaum~d |   .4798301   .4194265     1.14   0.267    -.3980396      1.3577
marketing_~d |  -1.246794   .5689768    -2.19   0.041    -2.437676   -.0559121
net_expens~d |  -1.443496   .4656794    -3.10   0.006    -2.418174   -.4688176
tr_error_b~d |  -.2160587   .1833036    -1.18   0.253    -.5997175       .1676
perf_drag_~d |  -.1011069   .0833113    -1.21   0.240    -.2754796    .0732657
       d_uit |    1.31245   .7967575     1.65   0.116    -.3551821    2.980083
   ratio_tii |  -.0048669   .0074878    -0.65   0.523     -.020539    .0108052
logret_q_lag |  -3.988483   1.652958    -2.41   0.026    -7.448164   -.5288011
  tii_return |    .051949   .0173475     2.99   0.007     .0156403    .0882578
       _cons |   16.04245   .7284676    22.02   0.000     14.51775    17.56715
------------------------------------------------------------------------------

Absorbed degrees of freedom:
-----------------------------------------------------+
 Absorbed FE | Categories  - Redundant  = Num. Coefs |
-------------+---------------------------------------|
    index_id |        21           0          21     |
     quarter |        20          20           0    *|
-----------------------------------------------------+
* = FE nested within cluster; treated as redundant for DoF computation

. outreg2 using "`directory'/output/table_E1.tex", adjr2 append tex tstat label
>   dec(2) tdec(2) eqdrop(/) keep(*)
/global/home/pc_mzoican/kpz_etfliquidity/output/table_E1.tex
dir : seeout

. 
. reghdfe turnover_frac highfee stock_tweets log_aum_index_std lend_byaum_bps_s
> td marketing_fee_bps_std net_expenses_std tr_error_bps_std perf_drag_bps_std 
> d_uit ratio_tii logret_q_lag tii_return if d_sameind==1, absorb(index quarter
> ) vce(cl ticker quarter)
(MWFE estimator converged in 5 iterations)
Warning: VCV matrix was non-positive semi-definite; adjustment from Cameron, Ge
> lbach & Miller applied.
warning: missing F statistic; dropped variables due to collinearity or too few 
> clusters

HDFE Linear regression                            Number of obs   =        779
Absorbing 2 HDFE groups                           F(  12,     19) =          .
Statistics robust to heteroskedasticity           Prob > F        =          .
                                                  R-squared       =     0.7143
                                                  Adj R-squared   =     0.6939
Number of clusters (ticker)  =         49         Within R-sq.    =     0.4789
Number of clusters (quarter) =         20         Root MSE        =     3.3058

                        (Std. err. adjusted for 20 clusters in ticker quarter)
------------------------------------------------------------------------------
             |               Robust
turnover_f~c | Coefficient  std. err.      t    P>|t|     [95% conf. interval]
-------------+----------------------------------------------------------------
     highfee |   1.664536   .9227196     1.80   0.087    -.2667383     3.59581
stock_tweets |   1.306711   .3444483     3.79   0.001     .5857721    2.027649
log_aum_in~d |  -.4297938   .7674821    -0.56   0.582    -2.036152    1.176565
lend_byaum~d |   .5657628   .5688748     0.99   0.332    -.6249059    1.756432
marketing_~d |  -1.072075   .9465792    -1.13   0.271    -3.053288    .9091381
net_expens~d |  -1.960465   1.118189    -1.75   0.096    -4.300861    .3799309
tr_error_b~d |  -.0455143   .4609874    -0.10   0.922    -1.010372    .9193435
perf_drag_~d |  -.4467658   .2462373    -1.81   0.085    -.9621463    .0686148
       d_uit |   9.254381   2.386935     3.88   0.001     4.258469    14.25029
   ratio_tii |   .0070773   .0067286     1.05   0.306    -.0070058    .0211604
logret_q_lag |   -10.5433   6.443076    -1.64   0.118    -24.02882    2.942212
  tii_return |   .1414575   .0575276     2.46   0.024     .0210509    .2618641
       _cons |   1.099615   .9496652     1.16   0.261    -.8880576    3.087287
------------------------------------------------------------------------------

Absorbed degrees of freedom:
-----------------------------------------------------+
 Absorbed FE | Categories  - Redundant  = Num. Coefs |
-------------+---------------------------------------|
    index_id |        21           0          21     |
     quarter |        20          20           0    *|
-----------------------------------------------------+
* = FE nested within cluster; treated as redundant for DoF computation

. outreg2 using "`directory'/output/table_E1.tex", adjr2 append tex tstat label
>   dec(2) tdec(2) eqdrop(/) keep(*)
/global/home/pc_mzoican/kpz_etfliquidity/output/table_E1.tex
dir : seeout

. 
. reghdfe log_pr highfee stock_tweets log_aum_index_std lend_byaum_bps_std mark
> eting_fee_bps_std net_expenses_std tr_error_bps_std perf_drag_bps_std d_uit r
> atio_tii logret_q_lag tii_return if d_sameind==1, absorb(index quarter) vce(c
> l ticker quarter)
(MWFE estimator converged in 5 iterations)
Warning: VCV matrix was non-positive semi-definite; adjustment from Cameron, Ge
> lbach & Miller applied.
warning: missing F statistic; dropped variables due to collinearity or too few 
> clusters

HDFE Linear regression                            Number of obs   =        779
Absorbing 2 HDFE groups                           F(  12,     19) =          .
Statistics robust to heteroskedasticity           Prob > F        =          .
                                                  R-squared       =     0.8573
                                                  Adj R-squared   =     0.8471
Number of clusters (ticker)  =         49         Within R-sq.    =     0.7413
Number of clusters (quarter) =         20         Root MSE        =     0.7555

                        (Std. err. adjusted for 20 clusters in ticker quarter)
------------------------------------------------------------------------------
             |               Robust
      log_pr | Coefficient  std. err.      t    P>|t|     [95% conf. interval]
-------------+----------------------------------------------------------------
     highfee |   2.209076   .3115983     7.09   0.000     1.556893    2.861259
stock_tweets |  -.0262523   .0177178    -1.48   0.155     -.063336    .0108314
log_aum_in~d |   1.550753   .2585335     6.00   0.000     1.009636     2.09187
lend_byaum~d |   .5610385   .4492805     1.25   0.227    -.3793164    1.501393
marketing_~d |  -1.046305   .3890331    -2.69   0.015     -1.86056    -.232049
net_expens~d |  -.9342281   .3005163    -3.11   0.006    -1.563216   -.3052404
tr_error_b~d |  -.2482664   .1600794    -1.55   0.137    -.5833165    .0867837
perf_drag_~d |  -.0795721   .0617409    -1.29   0.213    -.2087973     .049653
       d_uit |  -.1233812   .5553752    -0.22   0.827    -1.285795    1.039032
   ratio_tii |  -.0056413   .0060267    -0.94   0.361    -.0182553    .0069727
logret_q_lag |   -1.27437   .6096656    -2.09   0.050    -2.550415    .0016747
  tii_return |   .0089794   .0087858     1.02   0.320    -.0094094    .0273682
       _cons |   23.92848   .5776762    41.42   0.000     22.71939    25.13757
------------------------------------------------------------------------------

Absorbed degrees of freedom:
-----------------------------------------------------+
 Absorbed FE | Categories  - Redundant  = Num. Coefs |
-------------+---------------------------------------|
    index_id |        21           0          21     |
     quarter |        20          20           0    *|
-----------------------------------------------------+
* = FE nested within cluster; treated as redundant for DoF computation

. outreg2 using "`directory'/output/table_E1.tex", adjr2 append tex tstat label
>   dec(2) tdec(2) eqdrop(/) keep(*)
/global/home/pc_mzoican/kpz_etfliquidity/output/table_E1.tex
dir : seeout

. 
end of do-file
