
  ___  ____  ____  ____  ____ ®
 /__    /   ____/   /   ____/      18.0
___/   /   /___/   /   /___/       MP—Parallel Edition

 Statistics and Data Science       Copyright 1985-2023 StataCorp LLC
                                   StataCorp
                                   4905 Lakeway Drive
                                   College Station, Texas 77845 USA
                                   800-STATA-PC        https://www.stata.com
                                   979-696-4600        stata@stata.com

Stata license: 5-user 32-core network perpetual
Serial number: 501806221992
  Licensed to: Nathaniel Baum−Snow
               University of Toronto

Notes:
      1. Stata is running in batch mode.
      2. Unicode is supported; see help unicode_advice.
      3. More than 2 billion observations are allowed; see help obs_advice.
      4. Maximum number of variables is set to 5,000 but can be increased;
          see help set_maxvar.

. do table_3 

. 
. // Table 3 - Investor holding duration and ETF fees
. // -------------------------------------
. 
. // Load data
. // -------------------------------------
. clear all

. set more off

. 
. cd ..
/global/home/pc_mzoican/kpz_etfliquidity

. local directory : pwd

. display "`working_dir'"


. import delimited "`directory'/data/etf_panel_processed.csv"
(encoding automatically selected: ISO-8859-1)
(89 vars, 1,752 obs)

. 
. 
. // // Label variables
. // // ---------------------------------
. 
. egen time_existence_std=std(time_existence)

. egen time_since_first_std=std(time_since_first)
(33 missing values generated)

. egen log_aum_index_std=std(log_aum_index)

. egen lend_byaum_bps_std=std(lend_byaum_bps)

. egen marketing_fee_bps_std=std(marketing_fee_bps)

. egen tr_error_bps_std=std(tr_error_bps)

. egen perf_drag_bps_std=std(perf_drag_bps)

. egen turnover_frac_std=std(turnover_frac)
(2 missing values generated)

. gen  net_expense_mer=other_expense-marketing_fee_bps/100+fee_waiver

. egen net_expenses_std=std(net_expense_mer)

. egen stock_tweets_std=std(stock_tweets)

. 
. label variable mgr_duration "Investor holding duration"

. label variable highfee "High MER"

. label variable time_existence_std "ETF age (quarters)"

. label variable time_since_first_std "Time since first position"

. label variable log_aum_index_std "Log index AUM"

. label variable d_uit "Unit investment trust"

. label variable lend_byaum_bps_std "Lending income (bps of AUM)"

. label variable marketing_fee_bps_std "Marketing expense (bps)"

. label variable stock_tweets "Name recognition (Twitter msg.)"

. label variable tr_error_bps_std "Tracking error (bps)"

. label variable perf_drag_bps_std "Performance drag (bps)"

. label variable turnover_frac_std "ETF turnover"

. label variable net_expenses_std "Other net expenses"

. label variable stock_tweets_std "Stock tweets"

. 
. 
. 
. reghdfe mgr_duration highfee time_existence_std time_since_first_std , absorb
> (index quarter) vce(cl ticker quarter)
(MWFE estimator converged in 5 iterations)

HDFE Linear regression                            Number of obs   =      1,719
Absorbing 2 HDFE groups                           F(   3,     19) =       6.73
Statistics robust to heteroskedasticity           Prob > F        =     0.0028
                                                  R-squared       =     0.4364
                                                  Adj R-squared   =     0.4121
Number of clusters (ticker)  =        104         Within R-sq.    =     0.0648
Number of clusters (quarter) =         20         Root MSE        =     0.7077

                        (Std. err. adjusted for 20 clusters in ticker quarter)
------------------------------------------------------------------------------
             |               Robust
mgr_duration | Coefficient  std. err.      t    P>|t|     [95% conf. interval]
-------------+----------------------------------------------------------------
     highfee |  -.1764895   .1129753    -1.56   0.135    -.4129496    .0599707
time_exist~d |   .3200302   .0895214     3.57   0.002     .1326598    .5074006
time_since~d |  -.1181916   .2036774    -0.58   0.569    -.5444932    .3081101
       _cons |   5.352116   .0649653    82.38   0.000     5.216143     5.48809
------------------------------------------------------------------------------

Absorbed degrees of freedom:
-----------------------------------------------------+
 Absorbed FE | Categories  - Redundant  = Num. Coefs |
-------------+---------------------------------------|
    index_id |        49           0          49     |
     quarter |        20          20           0    *|
-----------------------------------------------------+
* = FE nested within cluster; treated as redundant for DoF computation

. outreg2 using "`directory'/output/table_3.tex", adjr2 replace tex tstat label
>   dec(2) tdec(2) eqdrop(/) keep(*)
/global/home/pc_mzoican/kpz_etfliquidity/output/table_3.tex
dir : seeout

. 
. reghdfe mgr_duration  highfee stock_tweets_std log_aum_index_std lend_byaum_b
> ps_std marketing_fee_bps_std net_expenses_std tr_error_bps_std perf_drag_bps_
> std d_uit time_existence_std time_since_first_std , absorb(index quarter) vce
> (cl ticker quarter)
(MWFE estimator converged in 5 iterations)

HDFE Linear regression                            Number of obs   =      1,719
Absorbing 2 HDFE groups                           F(  11,     19) =       9.92
Statistics robust to heteroskedasticity           Prob > F        =     0.0000
                                                  R-squared       =     0.4902
                                                  Adj R-squared   =     0.4657
Number of clusters (ticker)  =        104         Within R-sq.    =     0.1541
Number of clusters (quarter) =         20         Root MSE        =     0.6747

                        (Std. err. adjusted for 20 clusters in ticker quarter)
------------------------------------------------------------------------------
             |               Robust
mgr_duration | Coefficient  std. err.      t    P>|t|     [95% conf. interval]
-------------+----------------------------------------------------------------
     highfee |  -.1452999   .0931964    -1.56   0.135    -.3403623    .0497625
stock_twee~d |  -.0431047   .0301762    -1.43   0.169    -.1062641    .0200548
log_aum_in~d |   .0843302   .2955754     0.29   0.778    -.5343163    .7029767
lend_byaum~d |   .0511189   .0434157     1.18   0.254    -.0397511     .141989
marketing_~d |   -.375198   .0879697    -4.27   0.000    -.5593208   -.1910752
net_expens~d |  -.0598945    .087209    -0.69   0.501    -.2424251    .1226361
tr_error_b~d |  -.0358002   .0482366    -0.74   0.467    -.1367606    .0651602
perf_drag_~d |   -.011925   .0255881    -0.47   0.646    -.0654814    .0416315
       d_uit |  -.2143477   .3120998    -0.69   0.501      -.86758    .4388846
time_exist~d |   .2898913    .080581     3.60   0.002     .1212333    .4585493
time_since~d |  -.4594897   .2245914    -2.05   0.055    -.9295648    .0105854
       _cons |   5.344447   .0508336   105.14   0.000     5.238051    5.450843
------------------------------------------------------------------------------

Absorbed degrees of freedom:
-----------------------------------------------------+
 Absorbed FE | Categories  - Redundant  = Num. Coefs |
-------------+---------------------------------------|
    index_id |        49           0          49     |
     quarter |        20          20           0    *|
-----------------------------------------------------+
* = FE nested within cluster; treated as redundant for DoF computation

. outreg2 using "`directory'/output/table_3.tex", adjr2 append tex tstat label 
>  dec(2) tdec(2) eqdrop(/) keep(*)
/global/home/pc_mzoican/kpz_etfliquidity/output/table_3.tex
dir : seeout

. 
. reghdfe mgr_duration  highfee turnover_frac_std stock_tweets_std log_aum_inde
> x_std lend_byaum_bps_std marketing_fee_bps_std net_expenses_std tr_error_bps_
> std perf_drag_bps_std d_uit time_existence_std time_since_first_std , absorb(
> index quarter) vce(cl ticker quarter)
(MWFE estimator converged in 5 iterations)
Warning: VCV matrix was non-positive semi-definite; adjustment from Cameron, Ge
> lbach & Miller applied.
warning: missing F statistic; dropped variables due to collinearity or too few 
> clusters

HDFE Linear regression                            Number of obs   =      1,717
Absorbing 2 HDFE groups                           F(  12,     19) =          .
Statistics robust to heteroskedasticity           Prob > F        =          .
                                                  R-squared       =     0.5135
                                                  Adj R-squared   =     0.4898
Number of clusters (ticker)  =        104         Within R-sq.    =     0.1938
Number of clusters (quarter) =         20         Root MSE        =     0.6558

                        (Std. err. adjusted for 20 clusters in ticker quarter)
------------------------------------------------------------------------------
             |               Robust
mgr_duration | Coefficient  std. err.      t    P>|t|     [95% conf. interval]
-------------+----------------------------------------------------------------
     highfee |  -.0434495   .0777149    -0.56   0.583    -.2061085    .1192096
turnover_f~d |  -.2380953   .0668146    -3.56   0.002    -.3779398   -.0982507
stock_twee~d |   .0044679   .0163192     0.27   0.787    -.0296886    .0386244
log_aum_in~d |   -.014293    .314128    -0.05   0.964    -.6717704    .6431843
lend_byaum~d |   .0330322   .0412558     0.80   0.433    -.0533172    .1193816
marketing_~d |  -.2665406   .0812052    -3.28   0.004    -.4365051   -.0965762
net_expens~d |   .0239681   .0750368     0.32   0.753    -.1330857     .181022
tr_error_b~d |   .0363146   .0393021     0.92   0.367    -.0459456    .1185748
perf_drag_~d |  -.0035421    .025025    -0.14   0.889    -.0559199    .0488358
       d_uit |  -.2589022   .2269824    -1.14   0.268    -.7339817    .2161773
time_exist~d |   .3478759   .0798717     4.36   0.000     .1807026    .5150492
time_since~d |  -.4173038   .2153082    -1.94   0.068    -.8679491    .0333415
       _cons |   5.296929   .0401129   132.05   0.000     5.212972    5.380886
------------------------------------------------------------------------------

Absorbed degrees of freedom:
-----------------------------------------------------+
 Absorbed FE | Categories  - Redundant  = Num. Coefs |
-------------+---------------------------------------|
    index_id |        49           0          49     |
     quarter |        20          20           0    *|
-----------------------------------------------------+
* = FE nested within cluster; treated as redundant for DoF computation

. outreg2 using "`directory'/output/table_3.tex", adjr2 append tex tstat label 
>  dec(2) tdec(2) eqdrop(/) keep(*)
/global/home/pc_mzoican/kpz_etfliquidity/output/table_3.tex
dir : seeout

. 
. reghdfe mgr_duration_tii highfee time_existence_std time_since_first_std , ab
> sorb(index quarter) vce(cl ticker quarter)
(MWFE estimator converged in 5 iterations)

HDFE Linear regression                            Number of obs   =      1,703
Absorbing 2 HDFE groups                           F(   3,     19) =       6.04
Statistics robust to heteroskedasticity           Prob > F        =     0.0046
                                                  R-squared       =     0.3401
                                                  Adj R-squared   =     0.3114
Number of clusters (ticker)  =        104         Within R-sq.    =     0.0651
Number of clusters (quarter) =         20         Root MSE        =     0.8945

                        (Std. err. adjusted for 20 clusters in ticker quarter)
------------------------------------------------------------------------------
             |               Robust
mgr_durat~ii | Coefficient  std. err.      t    P>|t|     [95% conf. interval]
-------------+----------------------------------------------------------------
     highfee |  -.3737846    .142753    -2.62   0.017    -.6725702   -.0749991
time_exist~d |   .4150078   .1106867     3.75   0.001     .1833378    .6466778
time_since~d |  -.0846578   .2487657    -0.34   0.737    -.6053305    .4360149
       _cons |   5.533239   .0824768    67.09   0.000     5.360613    5.705865
------------------------------------------------------------------------------

Absorbed degrees of freedom:
-----------------------------------------------------+
 Absorbed FE | Categories  - Redundant  = Num. Coefs |
-------------+---------------------------------------|
    index_id |        49           0          49     |
     quarter |        20          20           0    *|
-----------------------------------------------------+
* = FE nested within cluster; treated as redundant for DoF computation

. outreg2 using "`directory'/output/table_3.tex", adjr2 append tex tstat label 
>  dec(2) tdec(2) eqdrop(/) keep(*)
/global/home/pc_mzoican/kpz_etfliquidity/output/table_3.tex
dir : seeout

. 
. reghdfe mgr_duration_tii  highfee stock_tweets_std log_aum_index_std lend_bya
> um_bps_std marketing_fee_bps_std net_expenses_std tr_error_bps_std perf_drag_
> bps_std d_uit time_existence_std time_since_first_std , absorb(index quarter)
>  vce(cl ticker quarter)
(MWFE estimator converged in 5 iterations)

HDFE Linear regression                            Number of obs   =      1,703
Absorbing 2 HDFE groups                           F(  11,     19) =       7.88
Statistics robust to heteroskedasticity           Prob > F        =     0.0001
                                                  R-squared       =     0.3873
                                                  Adj R-squared   =     0.3575
Number of clusters (ticker)  =        104         Within R-sq.    =     0.1320
Number of clusters (quarter) =         20         Root MSE        =     0.8640

                        (Std. err. adjusted for 20 clusters in ticker quarter)
------------------------------------------------------------------------------
             |               Robust
mgr_durat~ii | Coefficient  std. err.      t    P>|t|     [95% conf. interval]
-------------+----------------------------------------------------------------
     highfee |  -.2739039   .1180395    -2.32   0.032    -.5209635   -.0268444
stock_twee~d |  -.0479886    .028797    -1.67   0.112    -.1082615    .0122843
log_aum_in~d |   .3276539   .3482151     0.94   0.359    -.4011687    1.056476
lend_byaum~d |   .0124644   .0474146     0.26   0.795    -.0867756    .1117044
marketing_~d |  -.5478893   .1303215    -4.20   0.000    -.8206553   -.2751232
net_expens~d |   -.294161   .1454471    -2.02   0.057    -.5985853    .0102634
tr_error_b~d |  -.0768055   .0816054    -0.94   0.358    -.2476076    .0939967
perf_drag_~d |  -.0140417    .037376    -0.38   0.711    -.0922706    .0641872
       d_uit |  -.2020101   .3061695    -0.66   0.517    -.8428302      .43881
time_exist~d |   .3860837   .1062022     3.64   0.002        .1638    .6083674
time_since~d |  -.3713387   .2807923    -1.32   0.202    -.9590436    .2163662
       _cons |   5.491445   .0662914    82.84   0.000     5.352696    5.630195
------------------------------------------------------------------------------

Absorbed degrees of freedom:
-----------------------------------------------------+
 Absorbed FE | Categories  - Redundant  = Num. Coefs |
-------------+---------------------------------------|
    index_id |        49           0          49     |
     quarter |        20          20           0    *|
-----------------------------------------------------+
* = FE nested within cluster; treated as redundant for DoF computation

. outreg2 using "`directory'/output/table_3.tex", adjr2 append tex tstat label 
>  dec(2) tdec(2) eqdrop(/) keep(*)
/global/home/pc_mzoican/kpz_etfliquidity/output/table_3.tex
dir : seeout

. 
. reghdfe mgr_duration_tii  highfee turnover_frac_std stock_tweets_std log_aum_
> index_std lend_byaum_bps_std marketing_fee_bps_std net_expenses_std tr_error_
> bps_std perf_drag_bps_std d_uit time_existence_std time_since_first_std , abs
> orb(index quarter) vce(cl ticker quarter)
(MWFE estimator converged in 5 iterations)
Warning: VCV matrix was non-positive semi-definite; adjustment from Cameron, Ge
> lbach & Miller applied.

HDFE Linear regression                            Number of obs   =      1,701
Absorbing 2 HDFE groups                           F(  12,     19) =    1252.74
Statistics robust to heteroskedasticity           Prob > F        =     0.0000
                                                  R-squared       =     0.4286
                                                  Adj R-squared   =     0.4004
Number of clusters (ticker)  =        104         Within R-sq.    =     0.1889
Number of clusters (quarter) =         20         Root MSE        =     0.8344

                        (Std. err. adjusted for 20 clusters in ticker quarter)
------------------------------------------------------------------------------
             |               Robust
mgr_durat~ii | Coefficient  std. err.      t    P>|t|     [95% conf. interval]
-------------+----------------------------------------------------------------
     highfee |  -.1340476   .0986634    -1.36   0.190    -.3405524    .0724572
turnover_f~d |   -.357718    .096619    -3.70   0.002    -.5599438   -.1554921
stock_twee~d |   .0232967   .0123208     1.89   0.074    -.0024911    .0490846
log_aum_in~d |   .2005955    .380425     0.53   0.604    -.5956431    .9968342
lend_byaum~d |  -.0076475    .047466    -0.16   0.874    -.1069951       .0917
marketing_~d |   -.382982   .1080442    -3.54   0.002     -.609121    -.156843
net_expens~d |  -.1621221    .113921    -1.42   0.171    -.4005614    .0763172
tr_error_b~d |   .0234944   .0607592     0.39   0.703     -.103676    .1506649
perf_drag_~d |  -.0125915    .038091    -0.33   0.745     -.092317     .067134
       d_uit |  -.2668024   .1944697    -1.37   0.186    -.6738322    .1402275
time_exist~d |   .4803534     .10414     4.61   0.000     .2623858    .6983211
time_since~d |  -.3189038   .2648918    -1.20   0.243    -.8733288    .2355212
       _cons |   5.420222   .0525823   103.08   0.000     5.310166    5.530278
------------------------------------------------------------------------------

Absorbed degrees of freedom:
-----------------------------------------------------+
 Absorbed FE | Categories  - Redundant  = Num. Coefs |
-------------+---------------------------------------|
    index_id |        49           0          49     |
     quarter |        20          20           0    *|
-----------------------------------------------------+
* = FE nested within cluster; treated as redundant for DoF computation

. outreg2 using "`directory'/output/table_3.tex", adjr2 append tex tstat label 
>  dec(2) tdec(2) eqdrop(/) keep(*)
/global/home/pc_mzoican/kpz_etfliquidity/output/table_3.tex
dir : seeout

. 
. reghdfe mgr_duration_tsi highfee time_existence_std time_since_first_std , ab
> sorb(index quarter) vce(cl ticker quarter)
(MWFE estimator converged in 6 iterations)

HDFE Linear regression                            Number of obs   =      1,596
Absorbing 2 HDFE groups                           F(   3,     19) =       7.34
Statistics robust to heteroskedasticity           Prob > F        =     0.0018
                                                  R-squared       =     0.4403
                                                  Adj R-squared   =     0.4142
Number of clusters (ticker)  =        101         Within R-sq.    =     0.0623
Number of clusters (quarter) =         20         Root MSE        =     0.6770

                        (Std. err. adjusted for 20 clusters in ticker quarter)
------------------------------------------------------------------------------
             |               Robust
mgr_durat~si | Coefficient  std. err.      t    P>|t|     [95% conf. interval]
-------------+----------------------------------------------------------------
     highfee |   .2270596    .086025     2.64   0.016     .0470071    .4071121
time_exist~d |   .0339747    .076342     0.45   0.661    -.1258108    .1937602
time_since~d |   .2936802   .1099695     2.67   0.015     .0635113    .5238492
       _cons |   5.755948   .0464227   123.99   0.000     5.658784    5.853111
------------------------------------------------------------------------------

Absorbed degrees of freedom:
-----------------------------------------------------+
 Absorbed FE | Categories  - Redundant  = Num. Coefs |
-------------+---------------------------------------|
    index_id |        49           0          49     |
     quarter |        20          20           0    *|
-----------------------------------------------------+
* = FE nested within cluster; treated as redundant for DoF computation

. outreg2 using "`directory'/output/table_3.tex", adjr2 append tex tstat label 
>  dec(2) tdec(2) eqdrop(/) keep(*)
/global/home/pc_mzoican/kpz_etfliquidity/output/table_3.tex
dir : seeout

. 
. reghdfe mgr_duration_tsi  highfee stock_tweets_std log_aum_index_std lend_bya
> um_bps_std marketing_fee_bps_std net_expenses_std tr_error_bps_std perf_drag_
> bps_std d_uit time_existence_std time_since_first_std , absorb(index quarter)
>  vce(cl ticker quarter)
(MWFE estimator converged in 6 iterations)
Warning: VCV matrix was non-positive semi-definite; adjustment from Cameron, Ge
> lbach & Miller applied.

HDFE Linear regression                            Number of obs   =      1,596
Absorbing 2 HDFE groups                           F(  11,     19) = 1339661.80
Statistics robust to heteroskedasticity           Prob > F        =     0.0000
                                                  R-squared       =     0.4793
                                                  Adj R-squared   =     0.4521
Number of clusters (ticker)  =        101         Within R-sq.    =     0.1276
Number of clusters (quarter) =         20         Root MSE        =     0.6547

                        (Std. err. adjusted for 20 clusters in ticker quarter)
------------------------------------------------------------------------------
             |               Robust
mgr_durat~si | Coefficient  std. err.      t    P>|t|     [95% conf. interval]
-------------+----------------------------------------------------------------
     highfee |   .1556765   .0868983     1.79   0.089    -.0262037    .3375568
stock_twee~d |  -.0355385   .0214896    -1.65   0.115    -.0805168    .0094399
log_aum_in~d |  -.1240146   .2811463    -0.44   0.664    -.7124605    .4644313
lend_byaum~d |  -.0165758   .0357262    -0.46   0.648    -.0913517       .0582
marketing_~d |  -.2030896   .1203402    -1.69   0.108    -.4549646    .0487854
net_expens~d |   .0670803   .1121608     0.60   0.557     -.167675    .3018357
tr_error_b~d |   .0738789   .0370106     2.00   0.060    -.0035851     .151343
perf_drag_~d |   .0194542     .01425     1.37   0.188    -.0103714    .0492797
       d_uit |   .1492919   .2594944     0.58   0.572    -.3938361    .6924198
time_exist~d |   .0399282   .0633512     0.63   0.536    -.0926674    .1725237
time_since~d |   .0108183   .0939736     0.12   0.910    -.1858707    .2075072
       _cons |   5.799333   .0534942   108.41   0.000     5.687368    5.911298
------------------------------------------------------------------------------

Absorbed degrees of freedom:
-----------------------------------------------------+
 Absorbed FE | Categories  - Redundant  = Num. Coefs |
-------------+---------------------------------------|
    index_id |        49           0          49     |
     quarter |        20          20           0    *|
-----------------------------------------------------+
* = FE nested within cluster; treated as redundant for DoF computation

. outreg2 using "`directory'/output/table_3.tex", adjr2 append tex tstat label 
>  dec(2) tdec(2) eqdrop(/) keep(*)
/global/home/pc_mzoican/kpz_etfliquidity/output/table_3.tex
dir : seeout

. 
. 
. 
end of do-file
