
  ___  ____  ____  ____  ____ ®
 /__    /   ____/   /   ____/      18.0
___/   /   /___/   /   /___/       MP—Parallel Edition

 Statistics and Data Science       Copyright 1985-2023 StataCorp LLC
                                   StataCorp
                                   4905 Lakeway Drive
                                   College Station, Texas 77845 USA
                                   800-STATA-PC        https://www.stata.com
                                   979-696-4600        stata@stata.com

Stata license: 5-user 32-core network perpetual
Serial number: 501806221992
  Licensed to: Nathaniel Baum−Snow
               University of Toronto

Notes:
      1. Stata is running in batch mode.
      2. Unicode is supported; see help unicode_advice.
      3. More than 2 billion observations are allowed; see help obs_advice.
      4. Maximum number of variables is set to 5,000 but can be increased;
          see help set_maxvar.

. do table_2 

. 
. // Table 2 - Transient investors and ETF fees
. // -------------------------------------
. 
. // Load data
. // -------------------------------------
. clear all

. set more off

. 
. cd ..
/global/home/pc_mzoican/kpz_etfliquidity

. local directory : pwd

. display "`working_dir'"


. import delimited "`directory'/data/etf_panel_processed.csv"
(encoding automatically selected: ISO-8859-1)
(71 vars, 1,752 obs)

. 
. 
. // // Label variables
. // // ---------------------------------
. 
. egen time_existence_std=std(time_existence)

. egen time_since_first_std=std(time_since_first)
(56 missing values generated)

. egen log_aum_index_std=std(log_aum_index)

. egen lend_byaum_bps_std=std(lend_byaum_bps)

. egen marketing_fee_bps_std=std(marketing_fee_bps)

. egen tr_error_bps_std=std(tr_error_bps)

. egen perf_drag_bps_std=std(perf_drag_bps)

. egen turnover_frac_std=std(turnover_frac)
(2 missing values generated)

. gen  net_expense_mer=other_expense-marketing_fee_bps/100+fee_waiver

. egen net_expenses_std=std(net_expense_mer)

. egen stock_tweets_std=std(stock_tweets)

. 
. label variable mgr_duration "Investor holding duration"

. label variable highfee "High MER"

. label variable time_existence_std "ETF age (quarters)"

. label variable time_since_first_std "Time since first position"

. label variable log_aum_index_std "Log index AUM"

. label variable d_uit "Unit investment trust"

. label variable lend_byaum_bps_std "Lending income (bps of AUM)"

. label variable marketing_fee_bps_std "Marketing expense (bps)"

. label variable stock_tweets "Name recognition (Twitter msg.)"

. label variable tr_error_bps_std "Tracking error (bps)"

. label variable perf_drag_bps_std "Performance drag (bps)"

. label variable turnover_frac_std "ETF turnover"

. label variable net_expenses_std "Other net expenses"

. label variable stock_tweets_std "Stock tweets"

. 
. 
. 
. 
. reghdfe ratio_tra highfee , absorb(index quarter) vce(cl ticker quarter)
(MWFE estimator converged in 5 iterations)

HDFE Linear regression                            Number of obs   =      1,649
Absorbing 2 HDFE groups                           F(   1,     19) =       9.38
Statistics robust to heteroskedasticity           Prob > F        =     0.0064
                                                  R-squared       =     0.5260
                                                  Adj R-squared   =     0.5052
Number of clusters (ticker)  =        104         Within R-sq.    =     0.0318
Number of clusters (quarter) =         20         Root MSE        =     0.1503

                        (Std. err. adjusted for 20 clusters in ticker quarter)
------------------------------------------------------------------------------
             |               Robust
   ratio_tra | Coefficient  std. err.      t    P>|t|     [95% conf. interval]
-------------+----------------------------------------------------------------
     highfee |   .0536994   .0175303     3.06   0.006     .0170081    .0903908
       _cons |   .1988785   .0116306    17.10   0.000     .1745354    .2232217
------------------------------------------------------------------------------

Absorbed degrees of freedom:
-----------------------------------------------------+
 Absorbed FE | Categories  - Redundant  = Num. Coefs |
-------------+---------------------------------------|
    index_id |        49           0          49     |
     quarter |        20          20           0    *|
-----------------------------------------------------+
* = FE nested within cluster; treated as redundant for DoF computation

. outreg2 using "`directory'/output/table_2.tex", adjr2 replace tex tstat label
>   dec(2) tdec(2) eqdrop(/) keep(*)
/global/home/pc_mzoican/kpz_etfliquidity/output/table_2.tex
dir : seeout

. 
. reghdfe ratio_tra highfee stock_tweets_std log_aum_index_std lend_byaum_bps_s
> td marketing_fee_bps_std net_expenses_std tr_error_bps_std perf_drag_bps_std 
> d_uit time_existence_std time_since_first_std , absorb(index quarter) vce(cl 
> ticker quarter)
(MWFE estimator converged in 5 iterations)

HDFE Linear regression                            Number of obs   =      1,649
Absorbing 2 HDFE groups                           F(  11,     19) =       4.77
Statistics robust to heteroskedasticity           Prob > F        =     0.0015
                                                  R-squared       =     0.5661
                                                  Adj R-squared   =     0.5442
Number of clusters (ticker)  =        104         Within R-sq.    =     0.1138
Number of clusters (quarter) =         20         Root MSE        =     0.1442

                        (Std. err. adjusted for 20 clusters in ticker quarter)
------------------------------------------------------------------------------
             |               Robust
   ratio_tra | Coefficient  std. err.      t    P>|t|     [95% conf. interval]
-------------+----------------------------------------------------------------
     highfee |   .0735639     .01819     4.04   0.001     .0354918    .1116359
stock_twee~d |   .0046873   .0056862     0.82   0.420    -.0072141    .0165888
log_aum_in~d |  -.0959091   .0694165    -1.38   0.183    -.2411995    .0493814
lend_byaum~d |  -.0198473    .010165    -1.95   0.066    -.0411229    .0014284
marketing_~d |   .0843189   .0239922     3.51   0.002     .0341026    .1345351
net_expens~d |   .0653031   .0222875     2.93   0.009     .0186547    .1119515
tr_error_b~d |     .00402   .0095467     0.42   0.678    -.0159614    .0240014
perf_drag_~d |   -.002002   .0042175    -0.47   0.640    -.0108293    .0068254
       d_uit |  -.0523152   .0571562    -0.92   0.372    -.1719445    .0673141
time_exist~d |  -.0354733   .0178339    -1.99   0.061    -.0728001    .0018534
time_since~d |   .0333368   .0328924     1.01   0.324    -.0355077    .1021813
       _cons |   .1922519   .0111606    17.23   0.000     .1688926    .2156113
------------------------------------------------------------------------------

Absorbed degrees of freedom:
-----------------------------------------------------+
 Absorbed FE | Categories  - Redundant  = Num. Coefs |
-------------+---------------------------------------|
    index_id |        49           0          49     |
     quarter |        20          20           0    *|
-----------------------------------------------------+
* = FE nested within cluster; treated as redundant for DoF computation

. outreg2 using "`directory'/output/table_2.tex", adjr2 append tex tstat label 
>  dec(2) tdec(2) eqdrop(/) keep(*)
/global/home/pc_mzoican/kpz_etfliquidity/output/table_2.tex
dir : seeout

. 
. 
. reghdfe ratio_tra highfee stock_tweets_std log_aum_index_std , absorb(index q
> uarter) vce(cl ticker quarter)
(MWFE estimator converged in 5 iterations)

HDFE Linear regression                            Number of obs   =      1,649
Absorbing 2 HDFE groups                           F(   3,     19) =       5.46
Statistics robust to heteroskedasticity           Prob > F        =     0.0071
                                                  R-squared       =     0.5303
                                                  Adj R-squared   =     0.5092
Number of clusters (ticker)  =        104         Within R-sq.    =     0.0407
Number of clusters (quarter) =         20         Root MSE        =     0.1497

                        (Std. err. adjusted for 20 clusters in ticker quarter)
------------------------------------------------------------------------------
             |               Robust
   ratio_tra | Coefficient  std. err.      t    P>|t|     [95% conf. interval]
-------------+----------------------------------------------------------------
     highfee |   .0528867   .0176961     2.99   0.008     .0158484    .0899251
stock_twee~d |   .0021743   .0027543     0.79   0.440    -.0035905    .0079391
log_aum_in~d |  -.0934797   .0690542    -1.35   0.192    -.2380119    .0510525
       _cons |   .2001216   .0117255    17.07   0.000     .1755799    .2246633
------------------------------------------------------------------------------

Absorbed degrees of freedom:
-----------------------------------------------------+
 Absorbed FE | Categories  - Redundant  = Num. Coefs |
-------------+---------------------------------------|
    index_id |        49           0          49     |
     quarter |        20          20           0    *|
-----------------------------------------------------+
* = FE nested within cluster; treated as redundant for DoF computation

. outreg2 using "`directory'/output/table_2.tex", adjr2 append tex tstat label 
>  dec(2) tdec(2) eqdrop(/) keep(*)
/global/home/pc_mzoican/kpz_etfliquidity/output/table_2.tex
dir : seeout

. 
. reghdfe ratio_tra highfee stock_tweets_std log_aum_index_std lend_byaum_bps_s
> td marketing_fee_bps_std, absorb(index quarter) vce(cl ticker quarter)
(MWFE estimator converged in 5 iterations)

HDFE Linear regression                            Number of obs   =      1,649
Absorbing 2 HDFE groups                           F(   5,     19) =       6.08
Statistics robust to heteroskedasticity           Prob > F        =     0.0016
                                                  R-squared       =     0.5441
                                                  Adj R-squared   =     0.5230
Number of clusters (ticker)  =        104         Within R-sq.    =     0.0689
Number of clusters (quarter) =         20         Root MSE        =     0.1476

                        (Std. err. adjusted for 20 clusters in ticker quarter)
------------------------------------------------------------------------------
             |               Robust
   ratio_tra | Coefficient  std. err.      t    P>|t|     [95% conf. interval]
-------------+----------------------------------------------------------------
     highfee |   .0609042   .0168225     3.62   0.002     .0256944     .096114
stock_twee~d |   .0015859   .0023497     0.67   0.508     -.003332    .0065038
log_aum_in~d |  -.0976142   .0691703    -1.41   0.174    -.2423894     .047161
lend_byaum~d |  -.0250519   .0086849    -2.88   0.009    -.0432296   -.0068743
marketing_~d |   .0276131   .0128767     2.14   0.045     .0006618    .0545644
       _cons |   .1963792   .0111196    17.66   0.000     .1731056    .2196529
------------------------------------------------------------------------------

Absorbed degrees of freedom:
-----------------------------------------------------+
 Absorbed FE | Categories  - Redundant  = Num. Coefs |
-------------+---------------------------------------|
    index_id |        49           0          49     |
     quarter |        20          20           0    *|
-----------------------------------------------------+
* = FE nested within cluster; treated as redundant for DoF computation

. outreg2 using "`directory'/output/table_2.tex", adjr2 append tex tstat label 
>  dec(2) tdec(2) eqdrop(/) keep(*)
/global/home/pc_mzoican/kpz_etfliquidity/output/table_2.tex
dir : seeout

. 
. reghdfe ratio_tra highfee stock_tweets_std log_aum_index_std lend_byaum_bps_s
> td marketing_fee_bps_std net_expenses_std , absorb(index quarter) vce(cl tick
> er quarter)
(MWFE estimator converged in 5 iterations)

HDFE Linear regression                            Number of obs   =      1,649
Absorbing 2 HDFE groups                           F(   6,     19) =       5.15
Statistics robust to heteroskedasticity           Prob > F        =     0.0027
                                                  R-squared       =     0.5573
                                                  Adj R-squared   =     0.5365
Number of clusters (ticker)  =        104         Within R-sq.    =     0.0959
Number of clusters (quarter) =         20         Root MSE        =     0.1455

                        (Std. err. adjusted for 20 clusters in ticker quarter)
------------------------------------------------------------------------------
             |               Robust
   ratio_tra | Coefficient  std. err.      t    P>|t|     [95% conf. interval]
-------------+----------------------------------------------------------------
     highfee |   .0439542    .015592     2.82   0.011     .0113197    .0765886
stock_twee~d |   .0010332   .0020669     0.50   0.623    -.0032928    .0053592
log_aum_in~d |   -.101144    .068766    -1.47   0.158    -.2450729    .0427848
lend_byaum~d |  -.0231088   .0086885    -2.66   0.015    -.0412941   -.0049236
marketing_~d |   .0817308   .0235172     3.48   0.003     .0325087     .130953
net_expens~d |   .0648084   .0214982     3.01   0.007     .0198121    .1098047
       _cons |   .2050454   .0104596    19.60   0.000     .1831532    .2269376
------------------------------------------------------------------------------

Absorbed degrees of freedom:
-----------------------------------------------------+
 Absorbed FE | Categories  - Redundant  = Num. Coefs |
-------------+---------------------------------------|
    index_id |        49           0          49     |
     quarter |        20          20           0    *|
-----------------------------------------------------+
* = FE nested within cluster; treated as redundant for DoF computation

. outreg2 using "`directory'/output/table_2.tex", adjr2 append tex tstat label 
>  dec(2) tdec(2) eqdrop(/) keep(*)
/global/home/pc_mzoican/kpz_etfliquidity/output/table_2.tex
dir : seeout

. 
. reghdfe ratio_tra highfee stock_tweets_std log_aum_index_std lend_byaum_bps_s
> td marketing_fee_bps_std tr_error_bps_std perf_drag_bps_std d_uit time_existe
> nce_std time_since_first_std , absorb(index quarter) vce(cl ticker quarter)
(MWFE estimator converged in 5 iterations)

HDFE Linear regression                            Number of obs   =      1,649
Absorbing 2 HDFE groups                           F(  10,     19) =       4.64
Statistics robust to heteroskedasticity           Prob > F        =     0.0020
                                                  R-squared       =     0.5536
                                                  Adj R-squared   =     0.5314
Number of clusters (ticker)  =        104         Within R-sq.    =     0.0882
Number of clusters (quarter) =         20         Root MSE        =     0.1463

                        (Std. err. adjusted for 20 clusters in ticker quarter)
------------------------------------------------------------------------------
             |               Robust
   ratio_tra | Coefficient  std. err.      t    P>|t|     [95% conf. interval]
-------------+----------------------------------------------------------------
     highfee |   .0904549   .0199022     4.54   0.000     .0487991    .1321107
stock_twee~d |   .0013136   .0033851     0.39   0.702    -.0057714    .0083986
log_aum_in~d |  -.0914001   .0699322    -1.31   0.207    -.2377698    .0549696
lend_byaum~d |   -.021003   .0106481    -1.97   0.063    -.0432898    .0012838
marketing_~d |   .0296163   .0144344     2.05   0.054    -.0005952    .0598277
tr_error_b~d |   .0043152   .0089038     0.48   0.633    -.0143207     .022951
perf_drag_~d |   -.002493   .0042807    -0.58   0.567    -.0114526    .0064666
       d_uit |   .0143878   .0360725     0.40   0.694    -.0611129    .0898884
time_exist~d |  -.0385914   .0181319    -2.13   0.047    -.0765418   -.0006409
time_since~d |   .0362801   .0327842     1.11   0.282    -.0323379    .1048982
       _cons |   .1820776   .0118654    15.35   0.000      .157243    .2069121
------------------------------------------------------------------------------

Absorbed degrees of freedom:
-----------------------------------------------------+
 Absorbed FE | Categories  - Redundant  = Num. Coefs |
-------------+---------------------------------------|
    index_id |        49           0          49     |
     quarter |        20          20           0    *|
-----------------------------------------------------+
* = FE nested within cluster; treated as redundant for DoF computation

. outreg2 using "`directory'/output/table_2.tex", adjr2 append tex tstat label 
>  dec(2) tdec(2) eqdrop(/) keep(*)
/global/home/pc_mzoican/kpz_etfliquidity/output/table_2.tex
dir : seeout

. 
. 
. 
end of do-file
