
  ___  ____  ____  ____  ____ ®
 /__    /   ____/   /   ____/      18.0
___/   /   /___/   /   /___/       MP—Parallel Edition

 Statistics and Data Science       Copyright 1985-2023 StataCorp LLC
                                   StataCorp
                                   4905 Lakeway Drive
                                   College Station, Texas 77845 USA
                                   800-STATA-PC        https://www.stata.com
                                   979-696-4600        stata@stata.com

Stata license: 5-user 32-core network perpetual
Serial number: 501806221992
  Licensed to: Nathaniel Baum−Snow
               University of Toronto

Notes:
      1. Stata is running in batch mode.
      2. Unicode is supported; see help unicode_advice.
      3. More than 2 billion observations are allowed; see help obs_advice.
      4. Maximum number of variables is set to 5,000 but can be increased;
          see help set_maxvar.

. do table_E2 

. 
. // Table 4 - Main hypotheses
. // -------------------------------------
. 
. // Load data
. // -------------------------------------
. clear all

. set more off

. 
. cd ..
/global/home/pc_mzoican/kpz_etfliquidity

. local directory : pwd

. display "`working_dir'"


. import delimited "`directory'/data/cs_panel.csv"
(encoding automatically selected: ISO-8859-1)
(47 vars, 105 obs)

. 
. drop spread_bps_crsp

. gen spread_bps_crsp=10000*quotedspread_percent_tw 

. 
. 
. // // Label variables
. // // ---------------------------------
. 
. egen log_aum_index_std=std(log_aum_index)

. egen lend_byaum_bps_std=std(lend_byaum_bps)

. egen marketing_fee_bps_std=std(marketing_fee_bps)

. egen tr_error_bps_std=std(tr_error_bps)

. egen perf_drag_bps_std=std(perf_drag_bps)

. egen turnover_frac_std=std(turnover_frac)

. egen net_expenses_std=std(net_expense_mer)

. egen stock_tweets_std=std(stock_tweets)

. egen ratio_tii_std=std(ratio_tii)
(1 missing value generated)

. 
. label variable mgr_duration "Investor holding duration"

. label variable highfee "High MER"

. label variable log_aum_index_std "Log index AUM"

. label variable d_uit "Unit investment trust"

. label variable lend_byaum_bps_std "Lending income (bps of AUM)"

. label variable marketing_fee_bps_std "Marketing expense (bps)"

. label variable stock_tweets "Name recognition (Twitter msg.)"

. label variable tr_error_bps_std "Tracking error (bps)"

. label variable perf_drag_bps_std "Performance drag (bps)"

. label variable turnover_frac_std "ETF turnover"

. label variable net_expenses_std "Other net expenses"

. label variable stock_tweets_std "Stock tweets"

. 
. 
. gen profit=aum*mer_bps

. gen log_pr=log(profit)

. 
. 
. label variable ratio_tii "Tax-insensitive investors (TII)"

. label variable mer_bps "MER"

. label variable spread_bps_crsp "Relative spread"

. label variable log_volume "Log dollar volume"

. label variable log_pr "Log profit"

. label variable mkt_share "Market share"

. 
. 
. 
. reghdfe mer_bps highfee stock_tweets_std log_aum_index_std lend_byaum_bps_std
>  marketing_fee_bps_std net_expenses_std tr_error_bps_std perf_drag_bps_std d_
> uit ratio_tii_std , absorb(index_id) vce(cluster index_id)
(dropped 1 singleton observations)
(MWFE estimator converged in 1 iterations)

HDFE Linear regression                            Number of obs   =        103
Absorbing 1 HDFE group                            F(  10,     47) =     173.36
Statistics robust to heteroskedasticity           Prob > F        =     0.0000
                                                  R-squared       =     0.9334
                                                  Adj R-squared   =     0.8489
                                                  Within R-sq.    =     0.7810
Number of clusters (index_id) =         48        Root MSE        =     7.2630

                              (Std. err. adjusted for 48 clusters in index_id)
------------------------------------------------------------------------------
             |               Robust
     mer_bps | Coefficient  std. err.      t    P>|t|     [95% conf. interval]
-------------+----------------------------------------------------------------
     highfee |   9.490811   1.348558     7.04   0.000     6.777862    12.20376
stock_twee~d |  -1.051064   .3712934    -2.83   0.007     -1.79801   -.3041178
log_aum_in~d |    14.0584   17.04826     0.82   0.414    -20.23827    48.35508
lend_byaum~d |   2.360935   1.130862     2.09   0.042      .085934    4.635936
marketing_~d |  -2.269946   2.375446    -0.96   0.344    -7.048727    2.508834
net_expens~d |   .6543711   2.808231     0.23   0.817     -4.99506    6.303802
tr_error_b~d |   10.63072   2.098504     5.07   0.000     6.409077    14.85237
perf_drag_~d |   3.906122   1.799143     2.17   0.035     .2867126    7.525531
       d_uit |   6.271419   4.796483     1.31   0.197    -3.377861     15.9207
ratio_tii_~d |   .1584931   .9111399     0.17   0.863    -1.674484     1.99147
       _cons |   21.30063   .8433308    25.26   0.000     19.60407     22.9972
------------------------------------------------------------------------------

Absorbed degrees of freedom:
-----------------------------------------------------+
 Absorbed FE | Categories  - Redundant  = Num. Coefs |
-------------+---------------------------------------|
    index_id |        48          48           0    *|
-----------------------------------------------------+
* = FE nested within cluster; treated as redundant for DoF computation

. outreg2 using "`directory'/output/table_E2.tex", adjr2 replace tex tstat labe
> l  dec(2) tdec(2) eqdrop(/) keep(*)
/global/home/pc_mzoican/kpz_etfliquidity/output/table_E2.tex
dir : seeout

. 
. reghdfe mkt_share highfee stock_tweets_std log_aum_index_std lend_byaum_bps_s
> td marketing_fee_bps_std net_expenses_std tr_error_bps_std perf_drag_bps_std 
> d_uit ratio_tii_std , absorb(index_id)vce(cluster index_id)
(dropped 1 singleton observations)
(MWFE estimator converged in 1 iterations)

HDFE Linear regression                            Number of obs   =        103
Absorbing 1 HDFE group                            F(  10,     47) =     175.99
Statistics robust to heteroskedasticity           Prob > F        =     0.0000
                                                  R-squared       =     0.5800
                                                  Adj R-squared   =     0.0480
                                                  Within R-sq.    =     0.5656
Number of clusters (index_id) =         48        Root MSE        =     0.3441

                              (Std. err. adjusted for 48 clusters in index_id)
------------------------------------------------------------------------------
             |               Robust
   mkt_share | Coefficient  std. err.      t    P>|t|     [95% conf. interval]
-------------+----------------------------------------------------------------
     highfee |   .3385272   .1084599     3.12   0.003     .1203341    .5567203
stock_twee~d |   .0766983   .0247166     3.10   0.003     .0269748    .1264217
log_aum_in~d |   2.259773   .8749575     2.58   0.013     .4995859    4.019961
lend_byaum~d |   .1201621   .0648456     1.85   0.070    -.0102904    .2506145
marketing_~d |  -.0817635   .1396861    -0.59   0.561    -.3627756    .1992486
net_expens~d |   .1411424   .1881072     0.75   0.457    -.2372805    .5195652
tr_error_b~d |   -.045283   .0742511    -0.61   0.545    -.1946569    .1040908
perf_drag_~d |  -.0872935   .0685997    -1.27   0.209    -.2252984    .0507114
       d_uit |  -.9270022   .2586538    -3.58   0.001    -1.447347   -.4066579
ratio_tii_~d |  -.0722302   .0395814    -1.82   0.074    -.1518578    .0073973
       _cons |   .3968843   .0766175     5.18   0.000     .2427496    .5510189
------------------------------------------------------------------------------

Absorbed degrees of freedom:
-----------------------------------------------------+
 Absorbed FE | Categories  - Redundant  = Num. Coefs |
-------------+---------------------------------------|
    index_id |        48          48           0    *|
-----------------------------------------------------+
* = FE nested within cluster; treated as redundant for DoF computation

. outreg2 using "`directory'/output/table_E2.tex", adjr2 append tex tstat label
>   dec(2) tdec(2) eqdrop(/) keep(*)
/global/home/pc_mzoican/kpz_etfliquidity/output/table_E2.tex
dir : seeout

. 
. reghdfe spread_bps_crsp highfee stock_tweets_std log_aum_index_std lend_byaum
> _bps_std marketing_fee_bps_std net_expenses_std tr_error_bps_std perf_drag_bp
> s_std d_uit ratio_tii_std , absorb(index_id)vce(cluster index_id)
(dropped 1 singleton observations)
(MWFE estimator converged in 1 iterations)

HDFE Linear regression                            Number of obs   =        103
Absorbing 1 HDFE group                            F(  10,     47) =       6.68
Statistics robust to heteroskedasticity           Prob > F        =     0.0000
                                                  R-squared       =     0.8643
                                                  Adj R-squared   =     0.6924
                                                  Within R-sq.    =     0.6153
Number of clusters (index_id) =         48        Root MSE        =     5.0008

                              (Std. err. adjusted for 48 clusters in index_id)
------------------------------------------------------------------------------
             |               Robust
spread_bps~p | Coefficient  std. err.      t    P>|t|     [95% conf. interval]
-------------+----------------------------------------------------------------
     highfee |  -2.212802   1.239938    -1.78   0.081    -4.707235    .2816307
stock_twee~d |  -.3986668   .2501441    -1.59   0.118    -.9018918    .1045582
log_aum_in~d |  -25.59313   13.04596    -1.96   0.056    -51.83822    .6519705
lend_byaum~d |   -2.36131   .8197319    -2.88   0.006    -4.010397   -.7122217
marketing_~d |  -.5033724   1.540658    -0.33   0.745    -3.602776    2.596031
net_expens~d |  -3.946186   1.734014    -2.28   0.027    -7.434573   -.4577992
tr_error_b~d |  -3.063931   1.690071    -1.81   0.076    -6.463915    .3360531
perf_drag_~d |    .711042     1.5902     0.45   0.657    -2.488027    3.910111
       d_uit |   7.161102   2.703609     2.65   0.011     1.722142    12.60006
ratio_tii_~d |   .7273742   .5466087     1.33   0.190    -.3722608    1.827009
       _cons |    8.77574   .8810842     9.96   0.000     7.003227    10.54825
------------------------------------------------------------------------------

Absorbed degrees of freedom:
-----------------------------------------------------+
 Absorbed FE | Categories  - Redundant  = Num. Coefs |
-------------+---------------------------------------|
    index_id |        48          48           0    *|
-----------------------------------------------------+
* = FE nested within cluster; treated as redundant for DoF computation

. outreg2 using "`directory'/output/table_E2.tex", adjr2 append tex tstat label
>   dec(2) tdec(2) eqdrop(/) keep(*)
/global/home/pc_mzoican/kpz_etfliquidity/output/table_E2.tex
dir : seeout

. 
. reghdfe log_volume highfee stock_tweets_std log_aum_index_std lend_byaum_bps_
> std marketing_fee_bps_std net_expenses_std tr_error_bps_std perf_drag_bps_std
>  d_uit ratio_tii_std , absorb(index_id)vce(cluster index_id)
(dropped 1 singleton observations)
(MWFE estimator converged in 1 iterations)

HDFE Linear regression                            Number of obs   =        103
Absorbing 1 HDFE group                            F(  10,     47) =  182527.78
Statistics robust to heteroskedasticity           Prob > F        =     0.0000
                                                  R-squared       =     0.8032
                                                  Adj R-squared   =     0.5539
                                                  Within R-sq.    =     0.6085
Number of clusters (index_id) =         48        Root MSE        =     1.7304

                              (Std. err. adjusted for 48 clusters in index_id)
------------------------------------------------------------------------------
             |               Robust
  log_volume | Coefficient  std. err.      t    P>|t|     [95% conf. interval]
-------------+----------------------------------------------------------------
     highfee |   1.523494   .4785748     3.18   0.003     .5607262    2.486263
stock_twee~d |   .3400052   .1061433     3.20   0.002     .1264725     .553538
log_aum_in~d |   13.77331   4.007179     3.44   0.001     5.711903    21.83471
lend_byaum~d |   .6065849   .2379027     2.55   0.014     .1279865    1.085183
marketing_~d |   .0716794   .6849536     0.10   0.917     -1.30627    1.449628
net_expens~d |    .895788   .8403471     1.07   0.292    -.7947723    2.586348
tr_error_b~d |   .7029747   .3909523     1.80   0.079    -.0835199    1.489469
perf_drag_~d |  -.2228681   .2723664    -0.82   0.417    -.7707985    .3250624
       d_uit |  -2.282784   1.197457    -1.91   0.063    -4.691757    .1261895
ratio_tii_~d |  -.2377645   .1955019    -1.22   0.230    -.6310635    .1555345
       _cons |   16.98232   .3168689    53.59   0.000     16.34486    17.61978
------------------------------------------------------------------------------

Absorbed degrees of freedom:
-----------------------------------------------------+
 Absorbed FE | Categories  - Redundant  = Num. Coefs |
-------------+---------------------------------------|
    index_id |        48          48           0    *|
-----------------------------------------------------+
* = FE nested within cluster; treated as redundant for DoF computation

. outreg2 using "`directory'/output/table_E2.tex", adjr2 append tex tstat label
>   dec(2) tdec(2) eqdrop(/) keep(*)
/global/home/pc_mzoican/kpz_etfliquidity/output/table_E2.tex
dir : seeout

. 
. reghdfe turnover_frac highfee stock_tweets_std log_aum_index_std lend_byaum_b
> ps_std marketing_fee_bps_std net_expenses_std tr_error_bps_std perf_drag_bps_
> std d_uit ratio_tii_std , absorb(index_id)vce(cluster index_id)
(dropped 1 singleton observations)
(MWFE estimator converged in 1 iterations)

HDFE Linear regression                            Number of obs   =        103
Absorbing 1 HDFE group                            F(  10,     47) =     111.31
Statistics robust to heteroskedasticity           Prob > F        =     0.0000
                                                  R-squared       =     0.7520
                                                  Adj R-squared   =     0.4379
                                                  Within R-sq.    =     0.5832
Number of clusters (index_id) =         48        Root MSE        =     5.8561

                              (Std. err. adjusted for 48 clusters in index_id)
------------------------------------------------------------------------------
             |               Robust
turnover_f~c | Coefficient  std. err.      t    P>|t|     [95% conf. interval]
-------------+----------------------------------------------------------------
     highfee |   4.190784    1.28868     3.25   0.002     1.598294    6.783274
stock_twee~d |   2.317312   .2756948     8.41   0.000     1.762686    2.871939
log_aum_in~d |   4.124868   11.28728     0.37   0.716    -18.58221    26.83195
lend_byaum~d |   .5387138   .3877125     1.39   0.171    -.2412632    1.318691
marketing_~d |   4.637564   1.972431     2.35   0.023      .669545    8.605584
net_expens~d |   4.236395   2.331574     1.82   0.076    -.4541269    8.926917
tr_error_b~d |    4.36831   1.624882     2.69   0.010     1.099468    7.637152
perf_drag_~d |   -.179489   1.046329    -0.17   0.865    -2.284432    1.925453
       d_uit |  -5.669129   3.538225    -1.60   0.116    -12.78712    1.448861
ratio_tii_~d |   1.047465   .6986672     1.50   0.141    -.3580719    2.453002
       _cons |   4.073666   .7957521     5.12   0.000     2.472819    5.674513
------------------------------------------------------------------------------

Absorbed degrees of freedom:
-----------------------------------------------------+
 Absorbed FE | Categories  - Redundant  = Num. Coefs |
-------------+---------------------------------------|
    index_id |        48          48           0    *|
-----------------------------------------------------+
* = FE nested within cluster; treated as redundant for DoF computation

. outreg2 using "`directory'/output/table_E2.tex", adjr2 append tex tstat label
>   dec(2) tdec(2) eqdrop(/) keep(*)
/global/home/pc_mzoican/kpz_etfliquidity/output/table_E2.tex
dir : seeout

. 
. reghdfe log_pr highfee stock_tweets_std log_aum_index_std lend_byaum_bps_std 
> marketing_fee_bps_std net_expenses_std tr_error_bps_std perf_drag_bps_std d_u
> it ratio_tii_std , absorb(index_id)vce(cluster index_id)
(dropped 1 singleton observations)
(MWFE estimator converged in 1 iterations)

HDFE Linear regression                            Number of obs   =        103
Absorbing 1 HDFE group                            F(  10,     47) =      81.32
Statistics robust to heteroskedasticity           Prob > F        =     0.0000
                                                  R-squared       =     0.8533
                                                  Adj R-squared   =     0.6674
                                                  Within R-sq.    =     0.7287
Number of clusters (index_id) =         48        Root MSE        =     1.2178

                              (Std. err. adjusted for 48 clusters in index_id)
------------------------------------------------------------------------------
             |               Robust
      log_pr | Coefficient  std. err.      t    P>|t|     [95% conf. interval]
-------------+----------------------------------------------------------------
     highfee |    1.43574   .3710357     3.87   0.000     .6893123    2.182167
stock_twee~d |   .1359222   .0829504     1.64   0.108    -.0309524    .3027969
log_aum_in~d |   12.07732   3.320028     3.64   0.001     5.398286    18.75636
lend_byaum~d |   .6286941   .1916221     3.28   0.002     .2432001    1.014188
marketing_~d |  -.7601015   .4964936    -1.53   0.132    -1.758918    .2387149
net_expens~d |   .2855561   .6338935     0.45   0.654     -.989673    1.560785
tr_error_b~d |   .5069062   .3073686     1.65   0.106    -.1114397    1.125252
perf_drag_~d |   -.117864    .247645    -0.48   0.636    -.6160616    .3803336
       d_uit |  -1.527596   .8464783    -1.80   0.078     -3.23049     .175299
ratio_tii_~d |  -.3342584    .145782    -2.29   0.026     -.627534   -.0409827
       _cons |   24.31669   .2673158    90.97   0.000     23.77892    24.85446
------------------------------------------------------------------------------

Absorbed degrees of freedom:
-----------------------------------------------------+
 Absorbed FE | Categories  - Redundant  = Num. Coefs |
-------------+---------------------------------------|
    index_id |        48          48           0    *|
-----------------------------------------------------+
* = FE nested within cluster; treated as redundant for DoF computation

. outreg2 using "`directory'/output/table_E2.tex", adjr2 append tex tstat label
>   dec(2) tdec(2) eqdrop(/) keep(*)
/global/home/pc_mzoican/kpz_etfliquidity/output/table_E2.tex
dir : seeout

. 
. reghdfe ratio_tra highfee stock_tweets_std log_aum_index_std lend_byaum_bps_s
> td marketing_fee_bps_std net_expenses_std tr_error_bps_std perf_drag_bps_std 
> d_uit ratio_tii_std , absorb(index_id)vce(cluster index_id)
(dropped 1 singleton observations)
(MWFE estimator converged in 1 iterations)

HDFE Linear regression                            Number of obs   =        103
Absorbing 1 HDFE group                            F(  10,     47) =      13.60
Statistics robust to heteroskedasticity           Prob > F        =     0.0000
                                                  R-squared       =     0.8194
                                                  Adj R-squared   =     0.5907
                                                  Within R-sq.    =     0.4154
Number of clusters (index_id) =         48        Root MSE        =     0.1242

                              (Std. err. adjusted for 48 clusters in index_id)
------------------------------------------------------------------------------
             |               Robust
   ratio_tra | Coefficient  std. err.      t    P>|t|     [95% conf. interval]
-------------+----------------------------------------------------------------
     highfee |   .0548354   .0239575     2.29   0.027     .0066391    .1030317
stock_twee~d |   .0048394   .0057051     0.85   0.401    -.0066379    .0163166
log_aum_in~d |  -.7394919   .3460574    -2.14   0.038     -1.43567   -.0433142
lend_byaum~d |  -.0208172   .0195936    -1.06   0.293    -.0602344    .0186001
marketing_~d |   .0841564   .0272421     3.09   0.003     .0293523    .1389605
net_expens~d |   .0322677   .0335767     0.96   0.341    -.0352799    .0998153
tr_error_b~d |  -.0381783   .0306163    -1.25   0.219    -.0997704    .0234138
perf_drag_~d |   .0091714   .0267392     0.34   0.733     -.044621    .0629638
       d_uit |  -.0263144    .061508    -0.43   0.671    -.1500525    .0974238
ratio_tii_~d |   .0741637   .0262076     2.83   0.007     .0214409    .1268866
       _cons |   .1954289   .0183458    10.65   0.000     .1585219    .2323359
------------------------------------------------------------------------------

Absorbed degrees of freedom:
-----------------------------------------------------+
 Absorbed FE | Categories  - Redundant  = Num. Coefs |
-------------+---------------------------------------|
    index_id |        48          48           0    *|
-----------------------------------------------------+
* = FE nested within cluster; treated as redundant for DoF computation

. outreg2 using "`directory'/output/table_E2.tex", adjr2 append tex tstat label
>   dec(2) tdec(2) eqdrop(/) keep(*)
/global/home/pc_mzoican/kpz_etfliquidity/output/table_E2.tex
dir : seeout

. 
. 
end of do-file
