
  ___  ____  ____  ____  ____ ®
 /__    /   ____/   /   ____/      18.0
___/   /   /___/   /   /___/       MP—Parallel Edition

 Statistics and Data Science       Copyright 1985-2023 StataCorp LLC
                                   StataCorp
                                   4905 Lakeway Drive
                                   College Station, Texas 77845 USA
                                   800-STATA-PC        https://www.stata.com
                                   979-696-4600        stata@stata.com

Stata license: 5-user 32-core network perpetual
Serial number: 501806221992
  Licensed to: Nathaniel Baum−Snow
               University of Toronto

Notes:
      1. Stata is running in batch mode.
      2. Unicode is supported; see help unicode_advice.
      3. More than 2 billion observations are allowed; see help obs_advice.
      4. Maximum number of variables is set to 5,000 but can be increased;
          see help set_maxvar.

. do table_7 

. 
. // Table 3 - Investor holding duration and ETF fees
. // -------------------------------------
. 
. // Load data
. // -------------------------------------
. clear all

. set more off

. 
. cd ..
/global/home/pc_mzoican/kpz_etfliquidity

. local directory : pwd

. display "`working_dir'"


. import delimited "`directory'/data/etf_panel_processed.csv"
(encoding automatically selected: ISO-8859-1)
(71 vars, 1,752 obs)

. 
. 
. // // Label variables
. // // ---------------------------------
. 
. egen time_existence_std=std(time_existence)

. egen time_since_first_std=std(time_since_first)
(33 missing values generated)

. egen log_aum_index_std=std(log_aum_index)

. egen lend_byaum_bps_std=std(lend_byaum_bps)

. egen marketing_fee_bps_std=std(marketing_fee_bps)

. egen tr_error_bps_std=std(tr_error_bps)

. egen perf_drag_bps_std=std(perf_drag_bps)

. egen turnover_frac_std=std(turnover_frac)
(2 missing values generated)

. gen  net_expense_mer=other_expense-marketing_fee_bps/100+fee_waiver

. egen net_expenses_std=std(net_expense_mer)

. egen stock_tweets_std=std(stock_tweets)

. egen ratio_tii_std = std(ratio_tii)
(49 missing values generated)

. egen creation_fee_std=std(creation_fee)

. 
. gen major_brand_index=1-d_ownindex

. gen different_benchmarks=1-same_benchmark

. gen different_lead_mm=1-same_lead_mm

. 
. label variable mgr_duration "Investor holding duration"

. label variable highfee "High MER"

. label variable time_existence_std "ETF age (quarters)"

. label variable time_since_first_std "Time since first position"

. label variable log_aum_index_std "Log index AUM"

. label variable d_uit "Unit investment trust"

. label variable lend_byaum_bps_std "Lending income (bps of AUM)"

. label variable marketing_fee_bps_std "Marketing expense (bps)"

. label variable stock_tweets "Name recognition (Twitter msg.)"

. label variable tr_error_bps_std "Tracking error (bps)"

. label variable perf_drag_bps_std "Performance drag (bps)"

. label variable turnover_frac_std "ETF turnover"

. label variable net_expenses_std "Other net expenses"

. label variable stock_tweets_std "Stock tweets"

. 
. 
. label variable mkt_share "Market share"

. label variable spread_bps_crsp "Relative spread"

. label variable mer_bps "MER"

. label variable logret_q_lag "Lagged return"

. label variable ratio_tii_std "Tax-insensitive investors"

. 
. label variable same_benchmark "Same benchmark"

. label variable same_lead_mm "Same lead market-maker"

. label variable major_brand_index "Major brand index"

. label variable different_benchmarks "Different benchmarks"

. label variable different_lead_mm "Different lead market-maker"

. 
. 
. gen firstmover_diffbench=firstmover * different_benchmarks

. gen firstmover_majorindex= firstmover * major_brand_index

. gen firstmover_diffleadmm = firstmover * different_lead_mm

. 
. label variable firstmover "First mover"

. label variable firstmover_majorindex "First mover $\times$ Major brand index"

. label variable firstmover_diffbench "First mover $\times$ Different benchmark
> s"

. label variable firstmover_diffleadmm "First mover $\times$ Different lead mar
> ket-maker"

. 
. reghdfe highfee firstmover, absorb(index_id quarter) vce(cl ticker quarter)
(MWFE estimator converged in 5 iterations)

HDFE Linear regression                            Number of obs   =      1,752
Absorbing 2 HDFE groups                           F(   1,     19) =      58.23
Statistics robust to heteroskedasticity           Prob > F        =     0.0000
                                                  R-squared       =     0.3724
                                                  Adj R-squared   =     0.3466
Number of clusters (ticker)  =        105         Within R-sq.    =     0.3724
Number of clusters (quarter) =         20         Root MSE        =     0.4043

                        (Std. err. adjusted for 20 clusters in ticker quarter)
------------------------------------------------------------------------------
             |               Robust
     highfee | Coefficient  std. err.      t    P>|t|     [95% conf. interval]
-------------+----------------------------------------------------------------
  firstmover |   .6154814   .0806586     7.63   0.000      .446661    .7843018
       _cons |   .2006905   .0554979     3.62   0.002      .084532    .3168491
------------------------------------------------------------------------------

Absorbed degrees of freedom:
-----------------------------------------------------+
 Absorbed FE | Categories  - Redundant  = Num. Coefs |
-------------+---------------------------------------|
    index_id |        49           0          49     |
     quarter |        20          20           0    *|
-----------------------------------------------------+
* = FE nested within cluster; treated as redundant for DoF computation

. outreg2 using "`directory'/output/table_7.tex", adjr2 replace tex tstat label
>   dec(2) tdec(2) eqdrop(/) keep(*)
/global/home/pc_mzoican/kpz_etfliquidity/output/table_7.tex
dir : seeout

. 
. reghdfe highfee firstmover marketing_fee_bps_std net_expenses_std stock_tweet
> s lend_byaum_bps_std tr_error_bps_std creation_fee_std perf_drag_bps_std diff
> erent_benchmarks different_lead_mm ratio_tii_std, absorb(index_id quarter) vc
> e(cl ticker quarter)
(MWFE estimator converged in 5 iterations)
Warning: VCV matrix was non-positive semi-definite; adjustment from Cameron, Ge
> lbach & Miller applied.
warning: missing F statistic; dropped variables due to collinearity or too few 
> clusters

HDFE Linear regression                            Number of obs   =      1,703
Absorbing 2 HDFE groups                           F(  11,     19) =          .
Statistics robust to heteroskedasticity           Prob > F        =          .
                                                  R-squared       =     0.4713
                                                  Adj R-squared   =     0.4456
Number of clusters (ticker)  =        104         Within R-sq.    =     0.4663
Number of clusters (quarter) =         20         Root MSE        =     0.3724

                        (Std. err. adjusted for 20 clusters in ticker quarter)
------------------------------------------------------------------------------
             |               Robust
     highfee | Coefficient  std. err.      t    P>|t|     [95% conf. interval]
-------------+----------------------------------------------------------------
  firstmover |   .5678094   .1034526     5.49   0.000     .3512805    .7843382
marketing_~d |   .1363155   .1024126     1.33   0.199    -.0780367    .3506676
net_expens~d |   .1463866   .1056972     1.38   0.182    -.0748402    .3676134
stock_tweets |   .0151121   .0072323     2.09   0.050    -.0000252    .0302495
lend_byaum~d |  -.0590778   .0667073    -0.89   0.387    -.1986978    .0805423
tr_error_b~d |   .0662849   .0258366     2.57   0.019     .0122082    .1203616
creation_f~d |   .2425219   .0877892     2.76   0.012      .058777    .4262668
perf_drag_~d |   .0061991    .006506     0.95   0.353     -.007418    .0198163
different_~s |  -.4035074   .0485026    -8.32   0.000    -.5050246   -.3019902
different_~m |   .0023009   .0152725     0.15   0.882    -.0296648    .0342665
ratio_tii_~d |   .0209676   .0239598     0.88   0.392    -.0291808     .071116
       _cons |    .445562   .0360197    12.37   0.000      .370172    .5209521
------------------------------------------------------------------------------

Absorbed degrees of freedom:
-----------------------------------------------------+
 Absorbed FE | Categories  - Redundant  = Num. Coefs |
-------------+---------------------------------------|
    index_id |        49           0          49     |
     quarter |        20          20           0    *|
-----------------------------------------------------+
* = FE nested within cluster; treated as redundant for DoF computation

. outreg2 using "`directory'/output/table_7.tex", adjr2 append tex tstat label 
>  dec(2) tdec(2) eqdrop(/) keep(*)
/global/home/pc_mzoican/kpz_etfliquidity/output/table_7.tex
dir : seeout

. 
. reghdfe highfee firstmover firstmover_diffbench marketing_fee_bps_std net_exp
> enses_std stock_tweets lend_byaum_bps_std tr_error_bps_std creation_fee_std p
> erf_drag_bps_std different_benchmarks different_lead_mm ratio_tii_std, absorb
> (index_id quarter) vce(cl ticker quarter)
(MWFE estimator converged in 5 iterations)
Warning: VCV matrix was non-positive semi-definite; adjustment from Cameron, Ge
> lbach & Miller applied.
warning: missing F statistic; dropped variables due to collinearity or too few 
> clusters

HDFE Linear regression                            Number of obs   =      1,703
Absorbing 2 HDFE groups                           F(  12,     19) =          .
Statistics robust to heteroskedasticity           Prob > F        =          .
                                                  R-squared       =     0.4721
                                                  Adj R-squared   =     0.4461
Number of clusters (ticker)  =        104         Within R-sq.    =     0.4671
Number of clusters (quarter) =         20         Root MSE        =     0.3722

                        (Std. err. adjusted for 20 clusters in ticker quarter)
------------------------------------------------------------------------------
             |               Robust
     highfee | Coefficient  std. err.      t    P>|t|     [95% conf. interval]
-------------+----------------------------------------------------------------
  firstmover |   .5985971   .1329721     4.50   0.000     .3202833    .8769109
firstmover~h |  -.0646052    .178464    -0.36   0.721    -.4381347    .3089243
marketing_~d |   .1515235   .1085939     1.40   0.179    -.0757662    .3788132
net_expens~d |   .1602313   .1057129     1.52   0.146    -.0610282    .3814909
stock_tweets |   .0132091   .0084193     1.57   0.133    -.0044127    .0308308
lend_byaum~d |  -.0560846   .0678426    -0.83   0.419    -.1980808    .0859116
tr_error_b~d |   .0743306   .0318828     2.33   0.031      .007599    .1410621
creation_f~d |    .240086   .0861971     2.79   0.012     .0596735    .4204985
perf_drag_~d |   .0088154   .0045657     1.93   0.069    -.0007408    .0183716
different_~s |  -.3814594   .0535409    -7.12   0.000    -.4935218    -.269397
different_~m |    .001653   .0150148     0.11   0.913    -.0297734    .0330794
ratio_tii_~d |   .0233073   .0256395     0.91   0.375    -.0303568    .0769714
       _cons |   .4368741   .0352275    12.40   0.000     .3631421    .5106061
------------------------------------------------------------------------------

Absorbed degrees of freedom:
-----------------------------------------------------+
 Absorbed FE | Categories  - Redundant  = Num. Coefs |
-------------+---------------------------------------|
    index_id |        49           0          49     |
     quarter |        20          20           0    *|
-----------------------------------------------------+
* = FE nested within cluster; treated as redundant for DoF computation

. outreg2 using "`directory'/output/table_7.tex", adjr2 append tex tstat label 
>  dec(2) tdec(2) eqdrop(/) keep(*)
/global/home/pc_mzoican/kpz_etfliquidity/output/table_7.tex
dir : seeout

. 
. reghdfe highfee firstmover firstmover_majorindex marketing_fee_bps_std net_ex
> penses_std stock_tweets lend_byaum_bps_std tr_error_bps_std creation_fee_std 
> perf_drag_bps_std different_benchmarks  different_lead_mm ratio_tii_std, abso
> rb(index_id quarter) vce(cl ticker quarter)
(MWFE estimator converged in 5 iterations)
Warning: VCV matrix was non-positive semi-definite; adjustment from Cameron, Ge
> lbach & Miller applied.
warning: missing F statistic; dropped variables due to collinearity or too few 
> clusters

HDFE Linear regression                            Number of obs   =      1,703
Absorbing 2 HDFE groups                           F(  12,     19) =          .
Statistics robust to heteroskedasticity           Prob > F        =          .
                                                  R-squared       =     0.4717
                                                  Adj R-squared   =     0.4456
Number of clusters (ticker)  =        104         Within R-sq.    =     0.4667
Number of clusters (quarter) =         20         Root MSE        =     0.3724

                        (Std. err. adjusted for 20 clusters in ticker quarter)
------------------------------------------------------------------------------
             |               Robust
     highfee | Coefficient  std. err.      t    P>|t|     [95% conf. interval]
-------------+----------------------------------------------------------------
  firstmover |   .5341522   .2073266     2.58   0.018     .1002126    .9680918
firstmover~x |   .0482694   .2493036     0.19   0.849     -.473529    .5700678
marketing_~d |   .1497641   .1525902     0.98   0.339     -.169611    .4691391
net_expens~d |   .1576965   .1418103     1.11   0.280     -.139116    .4545089
stock_tweets |   .0138997   .0100646     1.38   0.183    -.0071657    .0349651
lend_byaum~d |  -.0622685   .0642799    -0.97   0.345    -.1968079    .0722708
tr_error_b~d |   .0644757    .028499     2.26   0.036     .0048266    .1241248
creation_f~d |   .2460721   .0906776     2.71   0.014     .0562816    .4358625
perf_drag_~d |   .0058917   .0073123     0.81   0.430    -.0094132    .0211965
different_~s |  -.4045938   .0501185    -8.07   0.000    -.5094929   -.2996946
different_~m |   .0024321   .0148491     0.16   0.872    -.0286474    .0335115
ratio_tii_~d |    .022824    .025368     0.90   0.380    -.0302718    .0759198
       _cons |   .4464628   .0367951    12.13   0.000     .3694498    .5234757
------------------------------------------------------------------------------

Absorbed degrees of freedom:
-----------------------------------------------------+
 Absorbed FE | Categories  - Redundant  = Num. Coefs |
-------------+---------------------------------------|
    index_id |        49           0          49     |
     quarter |        20          20           0    *|
-----------------------------------------------------+
* = FE nested within cluster; treated as redundant for DoF computation

. outreg2 using "`directory'/output/table_7.tex", adjr2 append tex tstat label 
>  dec(2) tdec(2) eqdrop(/) keep(*)
/global/home/pc_mzoican/kpz_etfliquidity/output/table_7.tex
dir : seeout

. 
. reghdfe highfee firstmover firstmover_diffleadmm marketing_fee_bps_std net_ex
> penses_std stock_tweets lend_byaum_bps_std tr_error_bps_std creation_fee_std 
> perf_drag_bps_std different_benchmarks  different_lead_mm ratio_tii_std, abso
> rb(index_id quarter) vce(cl ticker quarter)
(MWFE estimator converged in 5 iterations)
Warning: VCV matrix was non-positive semi-definite; adjustment from Cameron, Ge
> lbach & Miller applied.
warning: missing F statistic; dropped variables due to collinearity or too few 
> clusters

HDFE Linear regression                            Number of obs   =      1,703
Absorbing 2 HDFE groups                           F(  12,     19) =          .
Statistics robust to heteroskedasticity           Prob > F        =          .
                                                  R-squared       =     0.4762
                                                  Adj R-squared   =     0.4503
Number of clusters (ticker)  =        104         Within R-sq.    =     0.4712
Number of clusters (quarter) =         20         Root MSE        =     0.3708

                        (Std. err. adjusted for 20 clusters in ticker quarter)
------------------------------------------------------------------------------
             |               Robust
     highfee | Coefficient  std. err.      t    P>|t|     [95% conf. interval]
-------------+----------------------------------------------------------------
  firstmover |   .4230604   .1830426     2.31   0.032     .0399479     .806173
firstmover~m |   .1848264   .1724208     1.07   0.297    -.1760545    .5457073
marketing_~d |   .1411717    .102881     1.37   0.186    -.0741607    .3565041
net_expens~d |   .1426357   .1023678     1.39   0.180    -.0716225     .356894
stock_tweets |    .017911   .0086926     2.06   0.053    -.0002828    .0361048
lend_byaum~d |  -.0452918   .0709919    -0.64   0.531    -.1938796     .103296
tr_error_b~d |   .0699317   .0261778     2.67   0.015     .0151409    .1247225
creation_f~d |   .2242176   .0873208     2.57   0.019      .041453    .4069822
perf_drag_~d |   .0063826   .0067776     0.94   0.358    -.0078031    .0205684
different_~s |  -.3738893   .0691343    -5.41   0.000     -.518589   -.2291895
different_~m |  -.0904794   .0900454    -1.00   0.328    -.2789466    .0979878
ratio_tii_~d |   .0219018   .0230963     0.95   0.355    -.0264393     .070243
       _cons |   .5017267   .0638462     7.86   0.000     .3680951    .6353583
------------------------------------------------------------------------------

Absorbed degrees of freedom:
-----------------------------------------------------+
 Absorbed FE | Categories  - Redundant  = Num. Coefs |
-------------+---------------------------------------|
    index_id |        49           0          49     |
     quarter |        20          20           0    *|
-----------------------------------------------------+
* = FE nested within cluster; treated as redundant for DoF computation

. outreg2 using "`directory'/output/table_7.tex", adjr2 append tex tstat label 
>  dec(2) tdec(2) eqdrop(/) keep(*)
/global/home/pc_mzoican/kpz_etfliquidity/output/table_7.tex
dir : seeout

. 
end of do-file
