
  ___  ____  ____  ____  ____ ®
 /__    /   ____/   /   ____/      18.0
___/   /   /___/   /   /___/       MP—Parallel Edition

 Statistics and Data Science       Copyright 1985-2023 StataCorp LLC
                                   StataCorp
                                   4905 Lakeway Drive
                                   College Station, Texas 77845 USA
                                   800-STATA-PC        https://www.stata.com
                                   979-696-4600        stata@stata.com

Stata license: 5-user 32-core network perpetual
Serial number: 501806221992
  Licensed to: Nathaniel Baum−Snow
               University of Toronto

Notes:
      1. Stata is running in batch mode.
      2. Unicode is supported; see help unicode_advice.
      3. More than 2 billion observations are allowed; see help obs_advice.
      4. Maximum number of variables is set to 5,000 but can be increased;
          see help set_maxvar.

. do table_4 

. 
. // Table 4 - Main hypotheses
. // -------------------------------------
. 
. // Load data
. // -------------------------------------
. clear all

. set more off

. 
. cd ..
/global/home/pc_mzoican/kpz_etfliquidity

. local directory : pwd

. display "`working_dir'"


. import delimited "`directory'/data/etf_panel_processed.csv"
(encoding automatically selected: ISO-8859-1)
(94 vars, 1,752 obs)

. 
. drop spread_bps_crsp

. gen spread_bps_crsp=10000*quotedspread_percent_tw 

. 
. // // Label variables
. // // ---------------------------------
. 
. egen time_existence_std=std(time_existence)

. egen time_since_first_std=std(time_since_first)
(33 missing values generated)

. egen log_aum_index_std=std(log_aum_index)

. egen lend_byaum_bps_std=std(lend_byaum_bps)

. egen marketing_fee_bps_std=std(marketing_fee_bps)

. egen tr_error_bps_std=std(tr_error_bps)

. egen perf_drag_bps_std=std(perf_drag_bps)

. egen turnover_frac_std=std(turnover_frac)
(2 missing values generated)

. gen  net_expense_mer=other_expense-marketing_fee_bps/100+fee_waiver

. egen net_expenses_std=std(net_expense_mer)

. egen stock_tweets_std=std(stock_tweets)

. 
. label variable mgr_duration "Investor holding duration"

. label variable highfee "High MER"

. label variable time_existence_std "ETF age (quarters)"

. label variable time_since_first_std "Time since first position"

. label variable log_aum_index_std "Log index AUM"

. label variable d_uit "Unit investment trust"

. label variable lend_byaum_bps_std "Lending income (bps of AUM)"

. label variable marketing_fee_bps_std "Marketing expense (bps)"

. label variable stock_tweets "Name recognition (Twitter msg.)"

. label variable tr_error_bps_std "Tracking error (bps)"

. label variable perf_drag_bps_std "Performance drag (bps)"

. label variable turnover_frac_std "ETF turnover"

. label variable net_expenses_std "Other net expenses"

. label variable stock_tweets_std "Stock tweets"

. 
. 
. gen tii_return=ratio_tii * logret_q_lag
(49 missing values generated)

. gen profit=aum*mer_bps

. gen log_pr=log(profit)
(2 missing values generated)

. 
. drop log_aum

. gen log_aum=log(aum)
(2 missing values generated)

. 
. label variable ratio_tii "Tax-insensitive investors (TII)"

. label variable logret_q_lag "Lagged ETF return"

. label variable tii_return "TII $\times$ Lagged ETF return"

. label variable mer_bps "MER"

. label variable spread_bps_crsp "Relative spread"

. label variable log_volume "Log dollar volume"

. label variable log_pr "Log profit"

. label variable mkt_share "Market share"

. label variable log_aum "Log AUM"

. 
. 
. 
. reghdfe mer_bps highfee stock_tweets_std log_aum_index_std lend_byaum_bps_std
>  marketing_fee_bps_std net_expenses_std tr_error_bps_std perf_drag_bps_std d_
> uit ratio_tii logret_q_lag tii_return, absorb(index quarter) vce(cl ticker qu
> arter)
(MWFE estimator converged in 5 iterations)
Warning: VCV matrix was non-positive semi-definite; adjustment from Cameron, Ge
> lbach & Miller applied.
warning: missing F statistic; dropped variables due to collinearity or too few 
> clusters

HDFE Linear regression                            Number of obs   =      1,703
Absorbing 2 HDFE groups                           F(  12,     19) =          .
Statistics robust to heteroskedasticity           Prob > F        =          .
                                                  R-squared       =     0.8974
                                                  Adj R-squared   =     0.8924
Number of clusters (ticker)  =        104         Within R-sq.    =     0.6019
Number of clusters (quarter) =         20         Root MSE        =     6.1438

                        (Std. err. adjusted for 20 clusters in ticker quarter)
------------------------------------------------------------------------------
             |               Robust
     mer_bps | Coefficient  std. err.      t    P>|t|     [95% conf. interval]
-------------+----------------------------------------------------------------
     highfee |   10.94778   1.279797     8.55   0.000     8.269136    13.62643
stock_twee~d |    -.45368   .3646091    -1.24   0.229    -1.216816    .3094555
log_aum_in~d |  -.0491782   .1751895    -0.28   0.782     -.415854    .3174976
lend_byaum~d |   1.445866   .6394324     2.26   0.036     .1075185    2.784213
marketing_~d |  -3.353147   1.308425    -2.56   0.019    -6.091711   -.6145823
net_expens~d |   -.577342   1.446098    -0.40   0.694    -3.604059    2.449375
tr_error_b~d |   4.507675   1.256736     3.59   0.002     1.877296    7.138054
perf_drag_~d |   1.573978   .6794689     2.32   0.032     .1518327    2.996122
       d_uit |   2.468924    3.82828     0.64   0.527    -5.543757    10.48161
   ratio_tii |  -.0036443    .016052    -0.23   0.823    -.0372415     .029953
logret_q_lag |   1.830764   5.192775     0.35   0.728    -9.037839    12.69937
  tii_return |  -.0133318   .0928549    -0.14   0.887    -.2076793    .1810156
       _cons |   20.20199   1.557476    12.97   0.000     16.94215    23.46182
------------------------------------------------------------------------------

Absorbed degrees of freedom:
-----------------------------------------------------+
 Absorbed FE | Categories  - Redundant  = Num. Coefs |
-------------+---------------------------------------|
    index_id |        49           0          49     |
     quarter |        20          20           0    *|
-----------------------------------------------------+
* = FE nested within cluster; treated as redundant for DoF computation

. outreg2 using "`directory'/output/table_4.tex", adjr2 replace tex tstat label
>   dec(2) tdec(2) eqdrop(/) keep(*)
/global/home/pc_mzoican/kpz_etfliquidity/output/table_4.tex
dir : seeout

. 
. reghdfe spread_bps_crsp highfee stock_tweets_std log_aum_index_std lend_byaum
> _bps_std marketing_fee_bps_std net_expenses_std tr_error_bps_std perf_drag_bp
> s_std d_uit ratio_tii logret_q_lag tii_return, absorb(index quarter) vce(cl t
> icker quarter)
(MWFE estimator converged in 5 iterations)
Warning: VCV matrix was non-positive semi-definite; adjustment from Cameron, Ge
> lbach & Miller applied.
warning: missing F statistic; dropped variables due to collinearity or too few 
> clusters

HDFE Linear regression                            Number of obs   =      1,703
Absorbing 2 HDFE groups                           F(  12,     19) =          .
Statistics robust to heteroskedasticity           Prob > F        =          .
                                                  R-squared       =     0.6709
                                                  Adj R-squared   =     0.6546
Number of clusters (ticker)  =        104         Within R-sq.    =     0.2912
Number of clusters (quarter) =         20         Root MSE        =     5.1781

                        (Std. err. adjusted for 20 clusters in ticker quarter)
------------------------------------------------------------------------------
             |               Robust
spread_bps~p | Coefficient  std. err.      t    P>|t|     [95% conf. interval]
-------------+----------------------------------------------------------------
     highfee |  -3.019583   .7284648    -4.15   0.001    -4.544277   -1.494889
stock_twee~d |  -.1657244    .074542    -2.22   0.039    -.3217426   -.0097063
log_aum_in~d |  -6.088106   1.791425    -3.40   0.003    -9.837601    -2.33861
lend_byaum~d |  -2.231113   .3591114    -6.21   0.000    -2.982742   -1.479484
marketing_~d |   .2044698   .8245788     0.25   0.807    -1.521393    1.930333
net_expens~d |  -1.879456   .7900096    -2.38   0.028    -3.532965   -.2259471
tr_error_b~d |  -1.565143   .6475786    -2.42   0.026    -2.920541   -.2097457
perf_drag_~d |  -.2123501   .3198291    -0.66   0.515      -.88176    .4570599
       d_uit |   4.626806   1.125415     4.11   0.001     2.271286    6.982326
   ratio_tii |   .0214466   .0161962     1.32   0.201    -.0124524    .0553456
logret_q_lag |   2.498455   .9636233     2.59   0.018     .4815681    4.515342
  tii_return |  -.0301253    .025922    -1.16   0.260    -.0843807    .0241301
       _cons |   7.084709   1.294997     5.47   0.000     4.374249    9.795169
------------------------------------------------------------------------------

Absorbed degrees of freedom:
-----------------------------------------------------+
 Absorbed FE | Categories  - Redundant  = Num. Coefs |
-------------+---------------------------------------|
    index_id |        49           0          49     |
     quarter |        20          20           0    *|
-----------------------------------------------------+
* = FE nested within cluster; treated as redundant for DoF computation

. outreg2 using "`directory'/output/table_4.tex", adjr2 append tex tstat label 
>  dec(2) tdec(2) eqdrop(/) keep(*)
/global/home/pc_mzoican/kpz_etfliquidity/output/table_4.tex
dir : seeout

. 
. reghdfe log_volume highfee stock_tweets_std log_aum_index_std lend_byaum_bps_
> std marketing_fee_bps_std net_expenses_std tr_error_bps_std perf_drag_bps_std
>  d_uit ratio_tii logret_q_lag tii_return, absorb(index quarter) vce(cl ticker
>  quarter)
(MWFE estimator converged in 5 iterations)
Warning: VCV matrix was non-positive semi-definite; adjustment from Cameron, Ge
> lbach & Miller applied.
warning: missing F statistic; dropped variables due to collinearity or too few 
> clusters

HDFE Linear regression                            Number of obs   =      1,703
Absorbing 2 HDFE groups                           F(  12,     19) =          .
Statistics robust to heteroskedasticity           Prob > F        =          .
                                                  R-squared       =     0.7366
                                                  Adj R-squared   =     0.7236
Number of clusters (ticker)  =        104         Within R-sq.    =     0.4509
Number of clusters (quarter) =         20         Root MSE        =     1.3444

                        (Std. err. adjusted for 20 clusters in ticker quarter)
------------------------------------------------------------------------------
             |               Robust
  log_volume | Coefficient  std. err.      t    P>|t|     [95% conf. interval]
-------------+----------------------------------------------------------------
     highfee |   1.990575   .3002689     6.63   0.000     1.362105    2.619045
stock_twee~d |   .0899278   .0670435     1.34   0.196     -.050396    .2302515
log_aum_in~d |   1.567879   .0424402    36.94   0.000     1.479051    1.656708
lend_byaum~d |   .5227236   .1506001     3.47   0.003     .2075139    .8379332
marketing_~d |  -.1556235   .3471573    -0.45   0.659    -.8822321    .5709851
net_expens~d |   .1538811   .3867355     0.40   0.695    -.6555656    .9633278
tr_error_b~d |     .27325   .1541241     1.77   0.092    -.0493354    .5958354
perf_drag_~d |    .049107   .0547559     0.90   0.381    -.0654984    .1637124
       d_uit |  -.5875296   .7648584    -0.77   0.452    -2.188397    1.013337
   ratio_tii |   .0005472   .0048314     0.11   0.911    -.0095651    .0106594
logret_q_lag |  -1.452656   1.598676    -0.91   0.375    -4.798724    1.893412
  tii_return |   .0081669   .0200658     0.41   0.689    -.0338313    .0501652
       _cons |   16.44285   .4440665    37.03   0.000     15.51341    17.37229
------------------------------------------------------------------------------

Absorbed degrees of freedom:
-----------------------------------------------------+
 Absorbed FE | Categories  - Redundant  = Num. Coefs |
-------------+---------------------------------------|
    index_id |        49           0          49     |
     quarter |        20          20           0    *|
-----------------------------------------------------+
* = FE nested within cluster; treated as redundant for DoF computation

. outreg2 using "`directory'/output/table_4.tex", adjr2 append tex tstat label 
>  dec(2) tdec(2) eqdrop(/) keep(*)
/global/home/pc_mzoican/kpz_etfliquidity/output/table_4.tex
dir : seeout

. 
. reghdfe turnover_frac highfee stock_tweets_std log_aum_index_std lend_byaum_b
> ps_std marketing_fee_bps_std net_expenses_std tr_error_bps_std perf_drag_bps_
> std d_uit ratio_tii logret_q_lag tii_return, absorb(index quarter) vce(cl tic
> ker quarter)
(MWFE estimator converged in 5 iterations)
Warning: VCV matrix was non-positive semi-definite; adjustment from Cameron, Ge
> lbach & Miller applied.
warning: missing F statistic; dropped variables due to collinearity or too few 
> clusters

HDFE Linear regression                            Number of obs   =      1,701
Absorbing 2 HDFE groups                           F(  12,     19) =          .
Statistics robust to heteroskedasticity           Prob > F        =          .
                                                  R-squared       =     0.6321
                                                  Adj R-squared   =     0.6139
Number of clusters (ticker)  =        104         Within R-sq.    =     0.4067
Number of clusters (quarter) =         20         Root MSE        =     5.3747

                        (Std. err. adjusted for 20 clusters in ticker quarter)
------------------------------------------------------------------------------
             |               Robust
turnover_f~c | Coefficient  std. err.      t    P>|t|     [95% conf. interval]
-------------+----------------------------------------------------------------
     highfee |    5.45449   .9428056     5.79   0.000     3.481175    7.427804
stock_twee~d |   1.699141   .3935583     4.32   0.000      .875414    2.522868
log_aum_in~d |  -2.693261   1.323724    -2.03   0.056    -5.463848    .0773253
lend_byaum~d |   .2328097   .2698557     0.86   0.399    -.3320047    .7976241
marketing_~d |   3.131787   1.130462     2.77   0.012     .7657024    5.497872
net_expens~d |   2.714337    1.16178     2.34   0.031     .2827037    5.145971
tr_error_b~d |   2.675093    .673676     3.97   0.001     1.265073    4.085113
perf_drag_~d |   .1705231   .1702077     1.00   0.329    -.1857257    .5267719
       d_uit |  -.3148461   3.833118    -0.08   0.935    -8.337654    7.707962
   ratio_tii |   .0474814   .0144204     3.29   0.004     .0172991    .0776636
logret_q_lag |  -7.064472   5.481117    -1.29   0.213    -18.53658    4.407638
  tii_return |   .0566676   .0898348     0.63   0.536    -.1313587    .2446939
       _cons |  -.5365117   1.294585    -0.41   0.683    -3.246108    2.173085
------------------------------------------------------------------------------

Absorbed degrees of freedom:
-----------------------------------------------------+
 Absorbed FE | Categories  - Redundant  = Num. Coefs |
-------------+---------------------------------------|
    index_id |        49           0          49     |
     quarter |        20          20           0    *|
-----------------------------------------------------+
* = FE nested within cluster; treated as redundant for DoF computation

. outreg2 using "`directory'/output/table_4.tex", adjr2 append tex tstat label 
>  dec(2) tdec(2) eqdrop(/) keep(*)
/global/home/pc_mzoican/kpz_etfliquidity/output/table_4.tex
dir : seeout

. 
. reghdfe mkt_share highfee stock_tweets_std log_aum_index_std lend_byaum_bps_s
> td marketing_fee_bps_std net_expenses_std tr_error_bps_std perf_drag_bps_std 
> d_uit ratio_tii logret_q_lag tii_return, absorb(index quarter) vce(cl ticker 
> quarter)
(MWFE estimator converged in 5 iterations)
Warning: VCV matrix was non-positive semi-definite; adjustment from Cameron, Ge
> lbach & Miller applied.
warning: missing F statistic; dropped variables due to collinearity or too few 
> clusters

HDFE Linear regression                            Number of obs   =      1,703
Absorbing 2 HDFE groups                           F(  12,     19) =          .
Statistics robust to heteroskedasticity           Prob > F        =          .
                                                  R-squared       =     0.4378
                                                  Adj R-squared   =     0.4101
Number of clusters (ticker)  =        104         Within R-sq.    =     0.4344
Number of clusters (quarter) =         20         Root MSE        =     0.2589

                        (Std. err. adjusted for 20 clusters in ticker quarter)
------------------------------------------------------------------------------
             |               Robust
   mkt_share | Coefficient  std. err.      t    P>|t|     [95% conf. interval]
-------------+----------------------------------------------------------------
     highfee |   .3776701    .068923     5.48   0.000     .2334126    .5219277
stock_twee~d |   .0175192   .0174307     1.01   0.327    -.0189638    .0540021
log_aum_in~d |   .0271339   .0076949     3.53   0.002     .0110284    .0432395
lend_byaum~d |   .1177254   .0309989     3.80   0.001      .052844    .1826068
marketing_~d |  -.0881314   .0735486    -1.20   0.246    -.2420703    .0658075
net_expens~d |   .0126017   .0900528     0.14   0.890     -.175881    .2010845
tr_error_b~d |  -.0301595   .0263181    -1.15   0.266    -.0852439    .0249249
perf_drag_~d |  -.0189881    .010366    -1.83   0.083    -.0406843    .0027082
       d_uit |  -.5065963   .1921218    -2.64   0.016    -.9087118   -.1044807
   ratio_tii |  -.0006431   .0009226    -0.70   0.494    -.0025742     .001288
logret_q_lag |   .2693387   .0307499     8.76   0.000     .2049784    .3336989
  tii_return |  -.0046044   .0005234    -8.80   0.000    -.0056999   -.0035088
       _cons |   .3733248   .0881793     4.23   0.000     .1887634    .5578862
------------------------------------------------------------------------------

Absorbed degrees of freedom:
-----------------------------------------------------+
 Absorbed FE | Categories  - Redundant  = Num. Coefs |
-------------+---------------------------------------|
    index_id |        49           0          49     |
     quarter |        20          20           0    *|
-----------------------------------------------------+
* = FE nested within cluster; treated as redundant for DoF computation

. outreg2 using "`directory'/output/table_4.tex", adjr2 append tex tstat label 
>  dec(2) tdec(2) eqdrop(/) keep(*)
/global/home/pc_mzoican/kpz_etfliquidity/output/table_4.tex
dir : seeout

. 
. reghdfe log_pr highfee stock_tweets_std log_aum_index_std lend_byaum_bps_std 
> marketing_fee_bps_std net_expenses_std tr_error_bps_std perf_drag_bps_std d_u
> it ratio_tii logret_q_lag tii_return, absorb(index quarter) vce(cl ticker qua
> rter)
(MWFE estimator converged in 5 iterations)
Warning: VCV matrix was non-positive semi-definite; adjustment from Cameron, Ge
> lbach & Miller applied.
warning: missing F statistic; dropped variables due to collinearity or too few 
> clusters

HDFE Linear regression                            Number of obs   =      1,701
Absorbing 2 HDFE groups                           F(  12,     19) =          .
Statistics robust to heteroskedasticity           Prob > F        =          .
                                                  R-squared       =     0.7812
                                                  Adj R-squared   =     0.7704
Number of clusters (ticker)  =        104         Within R-sq.    =     0.5932
Number of clusters (quarter) =         20         Root MSE        =     0.9313

                        (Std. err. adjusted for 20 clusters in ticker quarter)
------------------------------------------------------------------------------
             |               Robust
      log_pr | Coefficient  std. err.      t    P>|t|     [95% conf. interval]
-------------+----------------------------------------------------------------
     highfee |   1.706859    .226965     7.52   0.000     1.231815    2.181902
stock_twee~d |   .0072475   .0240475     0.30   0.766    -.0430845    .0575794
log_aum_in~d |   1.602297   .0819151    19.56   0.000     1.430846    1.773747
lend_byaum~d |   .5572588   .1051306     5.30   0.000     .3372179    .7772997
marketing_~d |  -.7821295   .2636305    -2.97   0.008    -1.333914   -.2303446
net_expens~d |  -.2420297    .311375    -0.78   0.447     -.893745    .4096855
tr_error_b~d |   .1582932   .1032084     1.53   0.142    -.0577244    .3743109
perf_drag_~d |   .0283799   .0382121     0.74   0.467     -.051599    .1083588
       d_uit |  -.4852665   .3446134    -1.41   0.175    -1.206551    .2360177
   ratio_tii |  -.0040686   .0036733    -1.11   0.282    -.0117568    .0036197
logret_q_lag |   1.397407   .9437032     1.48   0.155    -.5777867      3.3726
  tii_return |  -.0230332   .0119964    -1.92   0.070    -.0481418    .0020755
       _cons |   24.37449     .34798    70.05   0.000     23.64616    25.10282
------------------------------------------------------------------------------

Absorbed degrees of freedom:
-----------------------------------------------------+
 Absorbed FE | Categories  - Redundant  = Num. Coefs |
-------------+---------------------------------------|
    index_id |        49           0          49     |
     quarter |        20          20           0    *|
-----------------------------------------------------+
* = FE nested within cluster; treated as redundant for DoF computation

. outreg2 using "`directory'/output/table_4.tex", adjr2 append tex tstat label 
>  dec(2) tdec(2) eqdrop(/) keep(*)
/global/home/pc_mzoican/kpz_etfliquidity/output/table_4.tex
dir : seeout

. 
. 
. 
. // Robustness
. reghdfe mer_bps highfee stock_tweets_std log_aum_index_std lend_byaum_bps_std
>  marketing_fee_bps_std net_expenses_std tr_error_bps_std perf_drag_bps_std d_
> uit ratio_tii logret_q_lag tii_return if d_sameind==1, absorb(index quarter) 
> vce(cl ticker quarter)
(MWFE estimator converged in 5 iterations)
Warning: VCV matrix was non-positive semi-definite; adjustment from Cameron, Ge
> lbach & Miller applied.
warning: missing F statistic; dropped variables due to collinearity or too few 
> clusters

HDFE Linear regression                            Number of obs   =        790
Absorbing 2 HDFE groups                           F(  12,     19) =          .
Statistics robust to heteroskedasticity           Prob > F        =          .
                                                  R-squared       =     0.9353
                                                  Adj R-squared   =     0.9307
Number of clusters (ticker)  =         49         Within R-sq.    =     0.7095
Number of clusters (quarter) =         20         Root MSE        =     3.2889

                        (Std. err. adjusted for 20 clusters in ticker quarter)
------------------------------------------------------------------------------
             |               Robust
     mer_bps | Coefficient  std. err.      t    P>|t|     [95% conf. interval]
-------------+----------------------------------------------------------------
     highfee |   8.404166   1.158042     7.26   0.000     5.980355    10.82798
stock_twee~d |  -.1436629   .1510636    -0.95   0.354    -.4598426    .1725168
log_aum_in~d |   1.140573   .1062182    10.74   0.000     .9182555     1.36289
lend_byaum~d |   .7996571   .7048997     1.13   0.271     -.675715    2.275029
marketing_~d |    4.93488   2.256428     2.19   0.041     .2121219    9.657638
net_expens~d |   6.144886    2.21917     2.77   0.012     1.500109    10.78966
tr_error_b~d |  -.7364834   .1098953    -6.70   0.000    -.9664969     -.50647
perf_drag_~d |  -.1241048   .0967001    -1.28   0.215    -.3265005    .0782909
       d_uit |   -3.15994   3.916634    -0.81   0.430    -11.35755    5.037669
   ratio_tii |   .0016357    .009782     0.17   0.869    -.0188383    .0221096
logret_q_lag |  -3.093737   1.183695    -2.61   0.017     -5.57124   -.6162344
  tii_return |  -.0036275    .014742    -0.25   0.808    -.0344827    .0272278
       _cons |   17.78397   .9658861    18.41   0.000     15.76235    19.80559
------------------------------------------------------------------------------

Absorbed degrees of freedom:
-----------------------------------------------------+
 Absorbed FE | Categories  - Redundant  = Num. Coefs |
-------------+---------------------------------------|
    index_id |        21           0          21     |
     quarter |        20          20           0    *|
-----------------------------------------------------+
* = FE nested within cluster; treated as redundant for DoF computation

. outreg2 using "`directory'/output/table_E1.tex", adjr2 replace tex tstat labe
> l  dec(2) tdec(2) eqdrop(/) keep(*)
/global/home/pc_mzoican/kpz_etfliquidity/output/table_E1.tex
dir : seeout

. 
. reghdfe spread_bps_crsp highfee stock_tweets_std log_aum_index_std lend_byaum
> _bps_std marketing_fee_bps_std net_expenses_std tr_error_bps_std perf_drag_bp
> s_std d_uit ratio_tii logret_q_lag tii_return if d_sameind==1, absorb(index q
> uarter) vce(cl ticker quarter)
(MWFE estimator converged in 5 iterations)
Warning: VCV matrix was non-positive semi-definite; adjustment from Cameron, Ge
> lbach & Miller applied.
warning: missing F statistic; dropped variables due to collinearity or too few 
> clusters

HDFE Linear regression                            Number of obs   =        790
Absorbing 2 HDFE groups                           F(  12,     19) =          .
Statistics robust to heteroskedasticity           Prob > F        =          .
                                                  R-squared       =     0.7024
                                                  Adj R-squared   =     0.6815
Number of clusters (ticker)  =         49         Within R-sq.    =     0.2530
Number of clusters (quarter) =         20         Root MSE        =     5.3339

                        (Std. err. adjusted for 20 clusters in ticker quarter)
------------------------------------------------------------------------------
             |               Robust
spread_bps~p | Coefficient  std. err.      t    P>|t|     [95% conf. interval]
-------------+----------------------------------------------------------------
     highfee |  -4.055646   1.344701    -3.02   0.007    -6.870137   -1.241156
stock_twee~d |  -.2569848   .0982279    -2.62   0.017    -.4625782   -.0513915
log_aum_in~d |  -18.70736    8.59368    -2.18   0.042    -36.69414   -.7205821
lend_byaum~d |  -2.487294    1.05925    -2.35   0.030    -4.704331   -.2702575
marketing_~d |   -2.94356   1.320908    -2.23   0.038    -5.708252   -.1788671
net_expens~d |  -3.474628   .9641291    -3.60   0.002    -5.492574   -1.456683
tr_error_b~d |   2.958277   1.710538     1.73   0.100    -.6219202    6.538474
perf_drag_~d |   .9861643   .8992317     1.10   0.286    -.8959493    2.868278
       d_uit |   7.448304   2.076236     3.59   0.002     3.102693    11.79392
   ratio_tii |   .0124661   .0220443     0.57   0.578    -.0336731    .0586053
logret_q_lag |   16.46965   5.681738     2.90   0.009     4.577632    28.36166
  tii_return |  -.0785868   .0384501    -2.04   0.055    -.1590637    .0018901
       _cons |   9.401339   2.034114     4.62   0.000      5.14389    13.65879
------------------------------------------------------------------------------

Absorbed degrees of freedom:
-----------------------------------------------------+
 Absorbed FE | Categories  - Redundant  = Num. Coefs |
-------------+---------------------------------------|
    index_id |        21           0          21     |
     quarter |        20          20           0    *|
-----------------------------------------------------+
* = FE nested within cluster; treated as redundant for DoF computation

. outreg2 using "`directory'/output/table_E1.tex", adjr2 append tex tstat label
>   dec(2) tdec(2) eqdrop(/) keep(*)
/global/home/pc_mzoican/kpz_etfliquidity/output/table_E1.tex
dir : seeout

. 
. reghdfe log_volume highfee stock_tweets_std log_aum_index_std lend_byaum_bps_
> std marketing_fee_bps_std net_expenses_std tr_error_bps_std perf_drag_bps_std
>  d_uit ratio_tii logret_q_lag tii_return if d_sameind==1, absorb(index quarte
> r) vce(cl ticker quarter)
(MWFE estimator converged in 5 iterations)
Warning: VCV matrix was non-positive semi-definite; adjustment from Cameron, Ge
> lbach & Miller applied.
warning: missing F statistic; dropped variables due to collinearity or too few 
> clusters

HDFE Linear regression                            Number of obs   =        790
Absorbing 2 HDFE groups                           F(  12,     19) =          .
Statistics robust to heteroskedasticity           Prob > F        =          .
                                                  R-squared       =     0.8452
                                                  Adj R-squared   =     0.8343
Number of clusters (ticker)  =         49         Within R-sq.    =     0.5887
Number of clusters (quarter) =         20         Root MSE        =     1.0264

                        (Std. err. adjusted for 20 clusters in ticker quarter)
------------------------------------------------------------------------------
             |               Robust
  log_volume | Coefficient  std. err.      t    P>|t|     [95% conf. interval]
-------------+----------------------------------------------------------------
     highfee |   2.027307   .4404122     4.60   0.000     1.105514      2.9491
stock_twee~d |   .0051254   .0325429     0.16   0.877    -.0629877    .0732385
log_aum_in~d |   1.574062    .430832     3.65   0.002     .6723202    2.475804
lend_byaum~d |    .443511   .4299249     1.03   0.315    -.4563322    1.343354
marketing_~d |  -1.252213     .57369    -2.18   0.042     -2.45296   -.0514659
net_expens~d |  -1.442953   .4698203    -3.07   0.006    -2.426298   -.4596076
tr_error_b~d |  -.2218336   .1870231    -1.19   0.250    -.6132774    .1696102
perf_drag_~d |  -.0986514   .0806603    -1.22   0.236    -.2674754    .0701725
       d_uit |   1.331992   .8102345     1.64   0.117    -.3638487    3.027832
   ratio_tii |  -.0053819   .0075302    -0.71   0.483    -.0211428     .010379
logret_q_lag |    -3.7377   1.834626    -2.04   0.056    -7.577616    .1022168
  tii_return |   .0462811   .0201822     2.29   0.033     .0040392     .088523
       _cons |   16.08642   .7413152    21.70   0.000     14.53483    17.63801
------------------------------------------------------------------------------

Absorbed degrees of freedom:
-----------------------------------------------------+
 Absorbed FE | Categories  - Redundant  = Num. Coefs |
-------------+---------------------------------------|
    index_id |        21           0          21     |
     quarter |        20          20           0    *|
-----------------------------------------------------+
* = FE nested within cluster; treated as redundant for DoF computation

. outreg2 using "`directory'/output/table_E1.tex", adjr2 append tex tstat label
>   dec(2) tdec(2) eqdrop(/) keep(*)
/global/home/pc_mzoican/kpz_etfliquidity/output/table_E1.tex
dir : seeout

. 
. reghdfe turnover_frac highfee stock_tweets_std log_aum_index_std lend_byaum_b
> ps_std marketing_fee_bps_std net_expenses_std tr_error_bps_std perf_drag_bps_
> std d_uit ratio_tii logret_q_lag tii_return if d_sameind==1, absorb(index qua
> rter) vce(cl ticker quarter)
(MWFE estimator converged in 5 iterations)
Warning: VCV matrix was non-positive semi-definite; adjustment from Cameron, Ge
> lbach & Miller applied.
warning: missing F statistic; dropped variables due to collinearity or too few 
> clusters

HDFE Linear regression                            Number of obs   =        789
Absorbing 2 HDFE groups                           F(  12,     19) =          .
Statistics robust to heteroskedasticity           Prob > F        =          .
                                                  R-squared       =     0.7127
                                                  Adj R-squared   =     0.6924
Number of clusters (ticker)  =         49         Within R-sq.    =     0.4797
Number of clusters (quarter) =         20         Root MSE        =     3.2715

                        (Std. err. adjusted for 20 clusters in ticker quarter)
------------------------------------------------------------------------------
             |               Robust
turnover_f~c | Coefficient  std. err.      t    P>|t|     [95% conf. interval]
-------------+----------------------------------------------------------------
     highfee |   1.613792   .9021784     1.79   0.090    -.2744893    3.502073
stock_twee~d |   1.468142   .3924644     3.74   0.001     .6467047     2.28958
log_aum_in~d |  -.2591948   .7866043    -0.33   0.745    -1.905577    1.387187
lend_byaum~d |   .5651489   .5685169     0.99   0.333    -.6247706    1.755068
marketing_~d |  -1.058092   .9417136    -1.12   0.275    -3.029121    .9129368
net_expens~d |    -1.9353   1.108358    -1.75   0.097    -4.255119    .3845201
tr_error_b~d |  -.0653315   .4488028    -0.15   0.886    -1.004687    .8740236
perf_drag_~d |  -.4543003   .2441159    -1.86   0.078    -.9652408    .0566403
       d_uit |   9.279843   2.402145     3.86   0.001     4.252095    14.30759
   ratio_tii |   .0078305   .0069271     1.13   0.272    -.0066681     .022329
logret_q_lag |  -10.55364   6.702531    -1.57   0.132     -24.5822    3.474914
  tii_return |   .1344156   .0654676     2.05   0.054    -.0026097    .2714408
       _cons |    1.05386   .9598665     1.10   0.286    -.9551642    3.062883
------------------------------------------------------------------------------

Absorbed degrees of freedom:
-----------------------------------------------------+
 Absorbed FE | Categories  - Redundant  = Num. Coefs |
-------------+---------------------------------------|
    index_id |        21           0          21     |
     quarter |        20          20           0    *|
-----------------------------------------------------+
* = FE nested within cluster; treated as redundant for DoF computation

. outreg2 using "`directory'/output/table_E1.tex", adjr2 append tex tstat label
>   dec(2) tdec(2) eqdrop(/) keep(*)
/global/home/pc_mzoican/kpz_etfliquidity/output/table_E1.tex
dir : seeout

. 
. reghdfe mkt_share highfee stock_tweets_std log_aum_index_std lend_byaum_bps_s
> td marketing_fee_bps_std net_expenses_std tr_error_bps_std perf_drag_bps_std 
> d_uit ratio_tii logret_q_lag tii_return if d_sameind==1, absorb(index quarter
> ) vce(cl ticker quarter)
(MWFE estimator converged in 5 iterations)
Warning: VCV matrix was non-positive semi-definite; adjustment from Cameron, Ge
> lbach & Miller applied.
warning: missing F statistic; dropped variables due to collinearity or too few 
> clusters

HDFE Linear regression                            Number of obs   =        790
Absorbing 2 HDFE groups                           F(  12,     19) =          .
Statistics robust to heteroskedasticity           Prob > F        =          .
                                                  R-squared       =     0.7105
                                                  Adj R-squared   =     0.6901
Number of clusters (ticker)  =         49         Within R-sq.    =     0.7083
Number of clusters (quarter) =         20         Root MSE        =     0.2092

                        (Std. err. adjusted for 20 clusters in ticker quarter)
------------------------------------------------------------------------------
             |               Robust
   mkt_share | Coefficient  std. err.      t    P>|t|     [95% conf. interval]
-------------+----------------------------------------------------------------
     highfee |   .5672033   .0969878     5.85   0.000     .3642055    .7702011
stock_twee~d |   .0053055   .0105425     0.50   0.621    -.0167603    .0273713
log_aum_in~d |   .0264655   .0601471     0.44   0.665    -.0994239    .1523549
lend_byaum~d |   .2268849   .1306688     1.74   0.099    -.0466081    .5003778
marketing_~d |  -.2344027   .1125157    -2.08   0.051    -.4699007    .0010953
net_expens~d |  -.2101175   .0852048    -2.47   0.023    -.3884533   -.0317817
tr_error_b~d |  -.0679584   .0430915    -1.58   0.131      -.15815    .0222331
perf_drag_~d |  -.0215599   .0207671    -1.04   0.312    -.0650259    .0219062
       d_uit |   -.393172   .1925804    -2.04   0.055    -.7962475    .0099034
   ratio_tii |  -.0011039   .0017361    -0.64   0.532    -.0047376    .0025299
logret_q_lag |  -.3404714   .1459421    -2.33   0.031    -.6459317   -.0350111
  tii_return |   .0029424   .0019499     1.51   0.148    -.0011388    .0070236
       _cons |   .2769794   .1659862     1.67   0.112    -.0704338    .6243926
------------------------------------------------------------------------------

Absorbed degrees of freedom:
-----------------------------------------------------+
 Absorbed FE | Categories  - Redundant  = Num. Coefs |
-------------+---------------------------------------|
    index_id |        21           0          21     |
     quarter |        20          20           0    *|
-----------------------------------------------------+
* = FE nested within cluster; treated as redundant for DoF computation

. outreg2 using "`directory'/output/table_E1.tex", adjr2 append tex tstat label
>   dec(2) tdec(2) eqdrop(/) keep(*)
/global/home/pc_mzoican/kpz_etfliquidity/output/table_E1.tex
dir : seeout

. 
. reghdfe log_pr highfee stock_tweets_std log_aum_index_std lend_byaum_bps_std 
> marketing_fee_bps_std net_expenses_std tr_error_bps_std perf_drag_bps_std d_u
> it ratio_tii logret_q_lag tii_return if d_sameind==1, absorb(index quarter) v
> ce(cl ticker quarter)
(MWFE estimator converged in 5 iterations)
Warning: VCV matrix was non-positive semi-definite; adjustment from Cameron, Ge
> lbach & Miller applied.
warning: missing F statistic; dropped variables due to collinearity or too few 
> clusters

HDFE Linear regression                            Number of obs   =        789
Absorbing 2 HDFE groups                           F(  12,     19) =          .
Statistics robust to heteroskedasticity           Prob > F        =          .
                                                  R-squared       =     0.8558
                                                  Adj R-squared   =     0.8457
Number of clusters (ticker)  =         49         Within R-sq.    =     0.7405
Number of clusters (quarter) =         20         Root MSE        =     0.7567

                        (Std. err. adjusted for 20 clusters in ticker quarter)
------------------------------------------------------------------------------
             |               Robust
      log_pr | Coefficient  std. err.      t    P>|t|     [95% conf. interval]
-------------+----------------------------------------------------------------
     highfee |   2.198839   .3191343     6.89   0.000     1.530883    2.866795
stock_twee~d |  -.0283476   .0198613    -1.43   0.170    -.0699178    .0132226
log_aum_in~d |   1.615155   .2367197     6.82   0.000     1.119695    2.110615
lend_byaum~d |   .5089952   .4621628     1.10   0.285    -.4583227    1.476313
marketing_~d |  -1.059284   .3904394    -2.71   0.014    -1.876483    -.242085
net_expens~d |  -.9344272   .3020511    -3.09   0.006    -1.566627   -.3022269
tr_error_b~d |  -.2405883   .1573107    -1.53   0.143    -.5698435    .0886668
perf_drag_~d |  -.0682896   .0619273    -1.10   0.284    -.1979049    .0613257
       d_uit |  -.1302173   .5627793    -0.23   0.819    -1.308128    1.047693
   ratio_tii |  -.0061986   .0060543    -1.02   0.319    -.0188703    .0064731
logret_q_lag |  -1.324765   .6077139    -2.18   0.042    -2.596725   -.0528054
  tii_return |   .0092288   .0084136     1.10   0.286     -.008381    .0268386
       _cons |   23.97438   .5863378    40.89   0.000     22.74716     25.2016
------------------------------------------------------------------------------

Absorbed degrees of freedom:
-----------------------------------------------------+
 Absorbed FE | Categories  - Redundant  = Num. Coefs |
-------------+---------------------------------------|
    index_id |        21           0          21     |
     quarter |        20          20           0    *|
-----------------------------------------------------+
* = FE nested within cluster; treated as redundant for DoF computation

. outreg2 using "`directory'/output/table_E1.tex", adjr2 append tex tstat label
>   dec(2) tdec(2) eqdrop(/) keep(*)
/global/home/pc_mzoican/kpz_etfliquidity/output/table_E1.tex
dir : seeout

. 
end of do-file
