
  ___  ____  ____  ____  ____ ®
 /__    /   ____/   /   ____/      18.0
___/   /   /___/   /   /___/       MP—Parallel Edition

 Statistics and Data Science       Copyright 1985-2023 StataCorp LLC
                                   StataCorp
                                   4905 Lakeway Drive
                                   College Station, Texas 77845 USA
                                   800-STATA-PC        https://www.stata.com
                                   979-696-4600        stata@stata.com

Stata license: 5-user 32-core network perpetual
Serial number: 501806221992
  Licensed to: Nathaniel Baum−Snow
               University of Toronto

Notes:
      1. Stata is running in batch mode.
      2. Unicode is supported; see help unicode_advice.
      3. More than 2 billion observations are allowed; see help obs_advice.
      4. Maximum number of variables is set to 5,000 but can be increased;
          see help set_maxvar.

. do table_3 

. 
. // Table 3 - Investor holding duration and ETF fees
. // -------------------------------------
. 
. // Load data
. // -------------------------------------
. clear all

. set more off

. 
. cd ..
/global/home/pc_mzoican/kpz_etfliquidity

. local directory : pwd

. display "`working_dir'"


. import delimited "`directory'/data/etf_panel_processed.csv"
(encoding automatically selected: ISO-8859-1)
(71 vars, 1,752 obs)

. 
. 
. // // Label variables
. // // ---------------------------------
. 
. egen time_existence_std=std(time_existence)

. egen time_since_first_std=std(time_since_first)
(56 missing values generated)

. egen log_aum_index_std=std(log_aum_index)

. egen lend_byaum_bps_std=std(lend_byaum_bps)

. egen marketing_fee_bps_std=std(marketing_fee_bps)

. egen tr_error_bps_std=std(tr_error_bps)

. egen perf_drag_bps_std=std(perf_drag_bps)

. egen turnover_frac_std=std(turnover_frac)
(2 missing values generated)

. gen  net_expense_mer=other_expense-marketing_fee_bps/100+fee_waiver

. egen net_expenses_std=std(net_expense_mer)

. egen stock_tweets_std=std(stock_tweets)

. 
. label variable mgr_duration "Investor holding duration"

. label variable highfee "High MER"

. label variable time_existence_std "ETF age (quarters)"

. label variable time_since_first_std "Time since first position"

. label variable log_aum_index_std "Log index AUM"

. label variable d_uit "Unit investment trust"

. label variable lend_byaum_bps_std "Lending income (bps of AUM)"

. label variable marketing_fee_bps_std "Marketing expense (bps)"

. label variable stock_tweets "Name recognition (Twitter msg.)"

. label variable tr_error_bps_std "Tracking error (bps)"

. label variable perf_drag_bps_std "Performance drag (bps)"

. label variable turnover_frac_std "ETF turnover"

. label variable net_expenses_std "Other net expenses"

. label variable stock_tweets_std "Stock tweets"

. 
. 
. 
. reghdfe mgr_duration highfee time_existence_std time_since_first_std , absorb
> (index quarter) vce(cl ticker quarter)
(MWFE estimator converged in 5 iterations)

HDFE Linear regression                            Number of obs   =      1,696
Absorbing 2 HDFE groups                           F(   3,     19) =      11.26
Statistics robust to heteroskedasticity           Prob > F        =     0.0002
                                                  R-squared       =     0.6086
                                                  Adj R-squared   =     0.5915
Number of clusters (ticker)  =        104         Within R-sq.    =     0.0927
Number of clusters (quarter) =         20         Root MSE        =     0.9025

                        (Std. err. adjusted for 20 clusters in ticker quarter)
------------------------------------------------------------------------------
             |               Robust
mgr_duration | Coefficient  std. err.      t    P>|t|     [95% conf. interval]
-------------+----------------------------------------------------------------
     highfee |  -.3210726   .1165485    -2.75   0.013    -.5650115   -.0771338
time_exist~d |   .4973463   .0890257     5.59   0.000     .3110134    .6836792
time_since~d |  -.5187849    .199269    -2.60   0.017    -.9358598     -.10171
       _cons |   3.557773   .0691197    51.47   0.000     3.413104    3.702442
------------------------------------------------------------------------------

Absorbed degrees of freedom:
-----------------------------------------------------+
 Absorbed FE | Categories  - Redundant  = Num. Coefs |
-------------+---------------------------------------|
    index_id |        49           0          49     |
     quarter |        20          20           0    *|
-----------------------------------------------------+
* = FE nested within cluster; treated as redundant for DoF computation

. outreg2 using "`directory'/output/table_3.tex", adjr2 replace tex tstat label
>   dec(2) tdec(2) eqdrop(/) keep(*)
/global/home/pc_mzoican/kpz_etfliquidity/output/table_3.tex
dir : seeout

. 
. reghdfe mgr_duration  highfee stock_tweets_std log_aum_index_std lend_byaum_b
> ps_std marketing_fee_bps_std net_expenses_std tr_error_bps_std perf_drag_bps_
> std d_uit time_existence_std time_since_first_std , absorb(index quarter) vce
> (cl ticker quarter)
(MWFE estimator converged in 5 iterations)

HDFE Linear regression                            Number of obs   =      1,696
Absorbing 2 HDFE groups                           F(  11,     19) =       3.71
Statistics robust to heteroskedasticity           Prob > F        =     0.0060
                                                  R-squared       =     0.6159
                                                  Adj R-squared   =     0.5971
Number of clusters (ticker)  =        104         Within R-sq.    =     0.1095
Number of clusters (quarter) =         20         Root MSE        =     0.8963

                        (Std. err. adjusted for 20 clusters in ticker quarter)
------------------------------------------------------------------------------
             |               Robust
mgr_duration | Coefficient  std. err.      t    P>|t|     [95% conf. interval]
-------------+----------------------------------------------------------------
     highfee |  -.2717926   .1164041    -2.33   0.031    -.5154291    -.028156
stock_twee~d |  -.0588219    .048565    -1.21   0.241    -.1604695    .0428258
log_aum_in~d |  -.2348717   .3977211    -0.59   0.562    -1.067312    .5975682
lend_byaum~d |  -.0808385   .0415838    -1.94   0.067    -.1678744    .0061974
marketing_~d |  -.0887925   .1144736    -0.78   0.447    -.3283885    .1508036
net_expens~d |  -.2072334   .1031732    -2.01   0.059    -.4231773    .0087105
tr_error_b~d |  -.0709179    .077487    -0.92   0.372    -.2330999    .0912642
perf_drag_~d |  -.0232063   .0348193    -0.67   0.513    -.0960838    .0496713
       d_uit |   .2792646    .466047     0.60   0.556     -.696183    1.254712
time_exist~d |   .5187522    .090192     5.75   0.000     .3299781    .7075263
time_since~d |  -.3823343   .2417589    -1.58   0.130    -.8883415    .1236729
       _cons |   3.525619   .0690234    51.08   0.000     3.381151    3.670086
------------------------------------------------------------------------------

Absorbed degrees of freedom:
-----------------------------------------------------+
 Absorbed FE | Categories  - Redundant  = Num. Coefs |
-------------+---------------------------------------|
    index_id |        49           0          49     |
     quarter |        20          20           0    *|
-----------------------------------------------------+
* = FE nested within cluster; treated as redundant for DoF computation

. outreg2 using "`directory'/output/table_3.tex", adjr2 append tex tstat label 
>  dec(2) tdec(2) eqdrop(/) keep(*)
/global/home/pc_mzoican/kpz_etfliquidity/output/table_3.tex
dir : seeout

. 
. reghdfe mgr_duration  highfee turnover_frac_std stock_tweets_std log_aum_inde
> x_std lend_byaum_bps_std marketing_fee_bps_std net_expenses_std tr_error_bps_
> std perf_drag_bps_std d_uit time_existence_std time_since_first_std , absorb(
> index quarter) vce(cl ticker quarter)
(MWFE estimator converged in 5 iterations)
Warning: VCV matrix was non-positive semi-definite; adjustment from Cameron, Ge
> lbach & Miller applied.

HDFE Linear regression                            Number of obs   =      1,694
Absorbing 2 HDFE groups                           F(  12,     19) =      34.17
Statistics robust to heteroskedasticity           Prob > F        =     0.0000
                                                  R-squared       =     0.6358
                                                  Adj R-squared   =     0.6177
Number of clusters (ticker)  =        104         Within R-sq.    =     0.1526
Number of clusters (quarter) =         20         Root MSE        =     0.8726

                        (Std. err. adjusted for 20 clusters in ticker quarter)
------------------------------------------------------------------------------
             |               Robust
mgr_duration | Coefficient  std. err.      t    P>|t|     [95% conf. interval]
-------------+----------------------------------------------------------------
     highfee |  -.1405059     .10163    -1.38   0.183    -.3532199     .072208
turnover_f~d |  -.3225858     .08149    -3.96   0.001    -.4931464   -.1520253
stock_twee~d |   .0056949   .0362172     0.16   0.877    -.0701086    .0814984
log_aum_in~d |  -.3620166   .4254673    -0.85   0.405     -1.25253    .5284968
lend_byaum~d |  -.1037945   .0393732    -2.64   0.016    -.1862035   -.0213854
marketing_~d |   .0491319   .1025942     0.48   0.637    -.1656002     .263864
net_expens~d |  -.0966114   .0931816    -1.04   0.313    -.2916427    .0984199
tr_error_b~d |   .0247056    .064243     0.38   0.705    -.1097565    .1591677
perf_drag_~d |  -.0152511   .0363344    -0.42   0.679    -.0912999    .0607977
       d_uit |   .2230456   .3490464     0.64   0.530    -.5075169     .953608
time_exist~d |   .6042418   .0950386     6.36   0.000     .4053238    .8031598
time_since~d |  -.3611475   .2305333    -1.57   0.134    -.8436592    .1213641
       _cons |   3.460014   .0581506    59.50   0.000     3.338303    3.581724
------------------------------------------------------------------------------

Absorbed degrees of freedom:
-----------------------------------------------------+
 Absorbed FE | Categories  - Redundant  = Num. Coefs |
-------------+---------------------------------------|
    index_id |        49           0          49     |
     quarter |        20          20           0    *|
-----------------------------------------------------+
* = FE nested within cluster; treated as redundant for DoF computation

. outreg2 using "`directory'/output/table_3.tex", adjr2 append tex tstat label 
>  dec(2) tdec(2) eqdrop(/) keep(*)
/global/home/pc_mzoican/kpz_etfliquidity/output/table_3.tex
dir : seeout

. 
. reghdfe mgr_duration_tii highfee time_existence_std time_since_first_std , ab
> sorb(index quarter) vce(cl ticker quarter)
(MWFE estimator converged in 5 iterations)

HDFE Linear regression                            Number of obs   =      1,679
Absorbing 2 HDFE groups                           F(   3,     19) =       8.60
Statistics robust to heteroskedasticity           Prob > F        =     0.0008
                                                  R-squared       =     0.6251
                                                  Adj R-squared   =     0.6085
Number of clusters (ticker)  =        104         Within R-sq.    =     0.0541
Number of clusters (quarter) =         20         Root MSE        =     1.0790

                        (Std. err. adjusted for 20 clusters in ticker quarter)
------------------------------------------------------------------------------
             |               Robust
mgr_durat~ii | Coefficient  std. err.      t    P>|t|     [95% conf. interval]
-------------+----------------------------------------------------------------
     highfee |  -.3790305   .1873085    -2.02   0.057    -.7710717    .0130107
time_exist~d |   .4657324   .0963008     4.84   0.000     .2641725    .6672923
time_since~d |  -.3569187   .2263012    -1.58   0.131    -.8305726    .1167351
       _cons |     3.2795   .0990601    33.11   0.000     3.072165    3.486835
------------------------------------------------------------------------------

Absorbed degrees of freedom:
-----------------------------------------------------+
 Absorbed FE | Categories  - Redundant  = Num. Coefs |
-------------+---------------------------------------|
    index_id |        49           0          49     |
     quarter |        20          20           0    *|
-----------------------------------------------------+
* = FE nested within cluster; treated as redundant for DoF computation

. outreg2 using "`directory'/output/table_3.tex", adjr2 append tex tstat label 
>  dec(2) tdec(2) eqdrop(/) keep(*)
/global/home/pc_mzoican/kpz_etfliquidity/output/table_3.tex
dir : seeout

. 
. reghdfe mgr_duration_tii  highfee stock_tweets_std log_aum_index_std lend_bya
> um_bps_std marketing_fee_bps_std net_expenses_std tr_error_bps_std perf_drag_
> bps_std d_uit time_existence_std time_since_first_std , absorb(index quarter)
>  vce(cl ticker quarter)
(MWFE estimator converged in 5 iterations)

HDFE Linear regression                            Number of obs   =      1,679
Absorbing 2 HDFE groups                           F(  11,     19) =       4.43
Statistics robust to heteroskedasticity           Prob > F        =     0.0023
                                                  R-squared       =     0.6312
                                                  Adj R-squared   =     0.6130
Number of clusters (ticker)  =        104         Within R-sq.    =     0.0696
Number of clusters (quarter) =         20         Root MSE        =     1.0728

                        (Std. err. adjusted for 20 clusters in ticker quarter)
------------------------------------------------------------------------------
             |               Robust
mgr_durat~ii | Coefficient  std. err.      t    P>|t|     [95% conf. interval]
-------------+----------------------------------------------------------------
     highfee |  -.2829546   .1804448    -1.57   0.133    -.6606299    .0947207
stock_twee~d |  -.0355403   .0421332    -0.84   0.409     -.123726    .0526455
log_aum_in~d |  -.1023589    .428505    -0.24   0.814    -.9992302    .7945124
lend_byaum~d |  -.0131534   .0550815    -0.24   0.814    -.1284402    .1021334
marketing_~d |  -.2303065   .1392382    -1.65   0.115    -.5217353    .0611223
net_expens~d |   -.306154    .125507    -2.44   0.025    -.5688432   -.0434648
tr_error_b~d |  -.1195013   .1048936    -1.14   0.269    -.3390461    .1000435
perf_drag_~d |  -.0405172   .0486449    -0.83   0.415    -.1423321    .0612977
       d_uit |   .3131296   .4401965     0.71   0.486    -.6082121    1.234471
time_exist~d |    .466257   .1023159     4.56   0.000     .2521074    .6804065
time_since~d |  -.2951334   .2626487    -1.12   0.275    -.8448634    .2545967
       _cons |   3.224126   .0925058    34.85   0.000     3.030509    3.417743
------------------------------------------------------------------------------

Absorbed degrees of freedom:
-----------------------------------------------------+
 Absorbed FE | Categories  - Redundant  = Num. Coefs |
-------------+---------------------------------------|
    index_id |        49           0          49     |
     quarter |        20          20           0    *|
-----------------------------------------------------+
* = FE nested within cluster; treated as redundant for DoF computation

. outreg2 using "`directory'/output/table_3.tex", adjr2 append tex tstat label 
>  dec(2) tdec(2) eqdrop(/) keep(*)
/global/home/pc_mzoican/kpz_etfliquidity/output/table_3.tex
dir : seeout

. 
. reghdfe mgr_duration_tii  highfee turnover_frac_std stock_tweets_std log_aum_
> index_std lend_byaum_bps_std marketing_fee_bps_std net_expenses_std tr_error_
> bps_std perf_drag_bps_std d_uit time_existence_std time_since_first_std , abs
> orb(index quarter) vce(cl ticker quarter)
(MWFE estimator converged in 5 iterations)
Warning: VCV matrix was non-positive semi-definite; adjustment from Cameron, Ge
> lbach & Miller applied.

HDFE Linear regression                            Number of obs   =      1,677
Absorbing 2 HDFE groups                           F(  12,     19) =       7.87
Statistics robust to heteroskedasticity           Prob > F        =     0.0000
                                                  R-squared       =     0.6455
                                                  Adj R-squared   =     0.6277
Number of clusters (ticker)  =        104         Within R-sq.    =     0.1027
Number of clusters (quarter) =         20         Root MSE        =     1.0504

                        (Std. err. adjusted for 20 clusters in ticker quarter)
------------------------------------------------------------------------------
             |               Robust
mgr_durat~ii | Coefficient  std. err.      t    P>|t|     [95% conf. interval]
-------------+----------------------------------------------------------------
     highfee |  -.1509405   .1642509    -0.92   0.370    -.4947216    .1928407
turnover_f~d |  -.3313268   .1013943    -3.27   0.004    -.5435476    -.119106
stock_twee~d |   .0306468   .0325412     0.94   0.358    -.0374627    .0987563
log_aum_in~d |  -.2714947   .4600019    -0.59   0.562     -1.23429    .6913004
lend_byaum~d |  -.0420369   .0556747    -0.76   0.459    -.1585653    .0744915
marketing_~d |  -.0870971   .1243032    -0.70   0.492    -.3472667    .1730726
net_expens~d |  -.1917539   .1106055    -1.73   0.099    -.4232538     .039746
tr_error_b~d |  -.0275314   .0871893    -0.32   0.756    -.2100207    .1549579
perf_drag_~d |   -.039908   .0506985    -0.79   0.441    -.1460211    .0662051
       d_uit |   .2526645   .3396775     0.74   0.466    -.4582886    .9636177
time_exist~d |   .5575154   .1099333     5.07   0.000     .3274225    .7876083
time_since~d |  -.2701527   .2551904    -1.06   0.303    -.8042724     .263967
       _cons |   3.157552   .0796058    39.66   0.000     2.990935    3.324168
------------------------------------------------------------------------------

Absorbed degrees of freedom:
-----------------------------------------------------+
 Absorbed FE | Categories  - Redundant  = Num. Coefs |
-------------+---------------------------------------|
    index_id |        49           0          49     |
     quarter |        20          20           0    *|
-----------------------------------------------------+
* = FE nested within cluster; treated as redundant for DoF computation

. outreg2 using "`directory'/output/table_3.tex", adjr2 append tex tstat label 
>  dec(2) tdec(2) eqdrop(/) keep(*)
/global/home/pc_mzoican/kpz_etfliquidity/output/table_3.tex
dir : seeout

. 
. reghdfe mgr_duration_tsi highfee time_existence_std time_since_first_std , ab
> sorb(index quarter) vce(cl ticker quarter)
(MWFE estimator converged in 6 iterations)

HDFE Linear regression                            Number of obs   =      1,574
Absorbing 2 HDFE groups                           F(   3,     19) =       2.59
Statistics robust to heteroskedasticity           Prob > F        =     0.0833
                                                  R-squared       =     0.4369
                                                  Adj R-squared   =     0.4103
Number of clusters (ticker)  =        101         Within R-sq.    =     0.0170
Number of clusters (quarter) =         20         Root MSE        =     0.8982

                        (Std. err. adjusted for 20 clusters in ticker quarter)
------------------------------------------------------------------------------
             |               Robust
mgr_durat~si | Coefficient  std. err.      t    P>|t|     [95% conf. interval]
-------------+----------------------------------------------------------------
     highfee |   .1562349   .1104618     1.41   0.173    -.0749642     .387434
time_exist~d |   .0584326   .0967402     0.60   0.553    -.1440471    .2609122
time_since~d |   .0909489    .133491     0.68   0.504     -.188451    .3703488
       _cons |   5.650594   .0604258    93.51   0.000     5.524121    5.777066
------------------------------------------------------------------------------

Absorbed degrees of freedom:
-----------------------------------------------------+
 Absorbed FE | Categories  - Redundant  = Num. Coefs |
-------------+---------------------------------------|
    index_id |        49           0          49     |
     quarter |        20          20           0    *|
-----------------------------------------------------+
* = FE nested within cluster; treated as redundant for DoF computation

. outreg2 using "`directory'/output/table_3.tex", adjr2 append tex tstat label 
>  dec(2) tdec(2) eqdrop(/) keep(*)
/global/home/pc_mzoican/kpz_etfliquidity/output/table_3.tex
dir : seeout

. 
. reghdfe mgr_duration_tsi  highfee stock_tweets_std log_aum_index_std lend_bya
> um_bps_std marketing_fee_bps_std net_expenses_std tr_error_bps_std perf_drag_
> bps_std d_uit time_existence_std time_since_first_std , absorb(index quarter)
>  vce(cl ticker quarter)
(MWFE estimator converged in 6 iterations)
Warning: VCV matrix was non-positive semi-definite; adjustment from Cameron, Ge
> lbach & Miller applied.
warning: missing F statistic; dropped variables due to collinearity or too few 
> clusters

HDFE Linear regression                            Number of obs   =      1,574
Absorbing 2 HDFE groups                           F(  11,     19) =          .
Statistics robust to heteroskedasticity           Prob > F        =          .
                                                  R-squared       =     0.4725
                                                  Adj R-squared   =     0.4446
Number of clusters (ticker)  =        101         Within R-sq.    =     0.0791
Number of clusters (quarter) =         20         Root MSE        =     0.8717

                        (Std. err. adjusted for 20 clusters in ticker quarter)
------------------------------------------------------------------------------
             |               Robust
mgr_durat~si | Coefficient  std. err.      t    P>|t|     [95% conf. interval]
-------------+----------------------------------------------------------------
     highfee |   .0931872   .1004272     0.93   0.365    -.1170095    .3033838
stock_twee~d |  -.0477134   .0281326    -1.70   0.106    -.1065956    .0111688
log_aum_in~d |  -.2028757   .2869642    -0.71   0.488    -.8034987    .3977474
lend_byaum~d |  -.0577868   .0302147    -1.91   0.071    -.1210268    .0054532
marketing_~d |  -.2936788   .1523092    -1.93   0.069    -.6124657    .0251081
net_expens~d |   .0828244   .1396515     0.59   0.560    -.2094695    .3751183
tr_error_b~d |  -.0454836   .0646048    -0.70   0.490     -.180703    .0897359
perf_drag_~d |  -.0293756   .0322205    -0.91   0.373    -.0968139    .0380627
       d_uit |  -.0409879   .3231939    -0.13   0.900    -.7174405    .6354647
time_exist~d |   .0890002   .0802568     1.11   0.281    -.0789792    .2569795
time_since~d |  -.2900114   .1301902    -2.23   0.038    -.5625027   -.0175201
       _cons |   5.689193   .0603186    94.32   0.000     5.562945    5.815442
------------------------------------------------------------------------------

Absorbed degrees of freedom:
-----------------------------------------------------+
 Absorbed FE | Categories  - Redundant  = Num. Coefs |
-------------+---------------------------------------|
    index_id |        49           0          49     |
     quarter |        20          20           0    *|
-----------------------------------------------------+
* = FE nested within cluster; treated as redundant for DoF computation

. outreg2 using "`directory'/output/table_3.tex", adjr2 append tex tstat label 
>  dec(2) tdec(2) eqdrop(/) keep(*)
/global/home/pc_mzoican/kpz_etfliquidity/output/table_3.tex
dir : seeout

. 
. 
. 
end of do-file
